Archive member included to satisfy reference by file (symbol)

/Users/michaelmcadam/SDK/Nordic_nf52/gcc-arm-none-eabi-6.3.1/bin/../lib/gcc/arm-none-eabi/6.3.1/../../../../arm-none-eabi/lib/thumb/v7e-m/fpv4-sp/hard/libc_nano.a(lib_a-exit.o)
                              /Users/michaelmcadam/SDK/Nordic_nf52/gcc-arm-none-eabi-6.3.1/bin/../lib/gcc/arm-none-eabi/6.3.1/../../../../arm-none-eabi/lib/thumb/v7e-m/fpv4-sp/hard/crt0.o (exit)
/Users/michaelmcadam/SDK/Nordic_nf52/gcc-arm-none-eabi-6.3.1/bin/../lib/gcc/arm-none-eabi/6.3.1/../../../../arm-none-eabi/lib/thumb/v7e-m/fpv4-sp/hard/libc_nano.a(lib_a-impure.o)
                              /Users/michaelmcadam/SDK/Nordic_nf52/gcc-arm-none-eabi-6.3.1/bin/../lib/gcc/arm-none-eabi/6.3.1/../../../../arm-none-eabi/lib/thumb/v7e-m/fpv4-sp/hard/libc_nano.a(lib_a-exit.o) (_global_impure_ptr)
/Users/michaelmcadam/SDK/Nordic_nf52/gcc-arm-none-eabi-6.3.1/bin/../lib/gcc/arm-none-eabi/6.3.1/../../../../arm-none-eabi/lib/thumb/v7e-m/fpv4-sp/hard/libc_nano.a(lib_a-init.o)
                              /Users/michaelmcadam/SDK/Nordic_nf52/gcc-arm-none-eabi-6.3.1/bin/../lib/gcc/arm-none-eabi/6.3.1/../../../../arm-none-eabi/lib/thumb/v7e-m/fpv4-sp/hard/crt0.o (__libc_init_array)
/Users/michaelmcadam/SDK/Nordic_nf52/gcc-arm-none-eabi-6.3.1/bin/../lib/gcc/arm-none-eabi/6.3.1/../../../../arm-none-eabi/lib/thumb/v7e-m/fpv4-sp/hard/libc_nano.a(lib_a-memset.o)
                              /Users/michaelmcadam/SDK/Nordic_nf52/gcc-arm-none-eabi-6.3.1/bin/../lib/gcc/arm-none-eabi/6.3.1/../../../../arm-none-eabi/lib/thumb/v7e-m/fpv4-sp/hard/crt0.o (memset)
/Users/michaelmcadam/SDK/Nordic_nf52/gcc-arm-none-eabi-6.3.1/bin/../lib/gcc/arm-none-eabi/6.3.1/../../../../arm-none-eabi/lib/thumb/v7e-m/fpv4-sp/hard/libnosys.a(_exit.o)
                              /Users/michaelmcadam/SDK/Nordic_nf52/gcc-arm-none-eabi-6.3.1/bin/../lib/gcc/arm-none-eabi/6.3.1/../../../../arm-none-eabi/lib/thumb/v7e-m/fpv4-sp/hard/libc_nano.a(lib_a-exit.o) (_exit)
/Users/michaelmcadam/SDK/Nordic_nf52/gcc-arm-none-eabi-6.3.1/bin/../lib/gcc/arm-none-eabi/6.3.1/thumb/v7e-m/fpv4-sp/hard/libgcc.a(_aeabi_uldivmod.o)
                              _build/nrf52832_xxaa_bsp.c.o (__aeabi_uldivmod)
/Users/michaelmcadam/SDK/Nordic_nf52/gcc-arm-none-eabi-6.3.1/bin/../lib/gcc/arm-none-eabi/6.3.1/thumb/v7e-m/fpv4-sp/hard/libgcc.a(_udivmoddi4.o)
                              /Users/michaelmcadam/SDK/Nordic_nf52/gcc-arm-none-eabi-6.3.1/bin/../lib/gcc/arm-none-eabi/6.3.1/thumb/v7e-m/fpv4-sp/hard/libgcc.a(_aeabi_uldivmod.o) (__udivmoddi4)
/Users/michaelmcadam/SDK/Nordic_nf52/gcc-arm-none-eabi-6.3.1/bin/../lib/gcc/arm-none-eabi/6.3.1/thumb/v7e-m/fpv4-sp/hard/libgcc.a(unwind-arm.o)
                              _build/nrf52832_xxaa_uart_interface.cpp.o (__aeabi_unwind_cpp_pr0)
/Users/michaelmcadam/SDK/Nordic_nf52/gcc-arm-none-eabi-6.3.1/bin/../lib/gcc/arm-none-eabi/6.3.1/thumb/v7e-m/fpv4-sp/hard/libgcc.a(libunwind.o)
                              /Users/michaelmcadam/SDK/Nordic_nf52/gcc-arm-none-eabi-6.3.1/bin/../lib/gcc/arm-none-eabi/6.3.1/thumb/v7e-m/fpv4-sp/hard/libgcc.a(unwind-arm.o) (restore_core_regs)
/Users/michaelmcadam/SDK/Nordic_nf52/gcc-arm-none-eabi-6.3.1/bin/../lib/gcc/arm-none-eabi/6.3.1/thumb/v7e-m/fpv4-sp/hard/libgcc.a(pr-support.o)
                              /Users/michaelmcadam/SDK/Nordic_nf52/gcc-arm-none-eabi-6.3.1/bin/../lib/gcc/arm-none-eabi/6.3.1/thumb/v7e-m/fpv4-sp/hard/libgcc.a(unwind-arm.o) (__gnu_unwind_execute)
/Users/michaelmcadam/SDK/Nordic_nf52/gcc-arm-none-eabi-6.3.1/bin/../lib/gcc/arm-none-eabi/6.3.1/thumb/v7e-m/fpv4-sp/hard/libgcc.a(_dvmd_tls.o)
                              /Users/michaelmcadam/SDK/Nordic_nf52/gcc-arm-none-eabi-6.3.1/bin/../lib/gcc/arm-none-eabi/6.3.1/thumb/v7e-m/fpv4-sp/hard/libgcc.a(_aeabi_uldivmod.o) (__aeabi_ldiv0)
/Users/michaelmcadam/SDK/Nordic_nf52/gcc-arm-none-eabi-6.3.1/bin/../lib/gcc/arm-none-eabi/6.3.1/../../../../arm-none-eabi/lib/thumb/v7e-m/fpv4-sp/hard/libc_nano.a(lib_a-abort.o)
                              /Users/michaelmcadam/SDK/Nordic_nf52/gcc-arm-none-eabi-6.3.1/bin/../lib/gcc/arm-none-eabi/6.3.1/thumb/v7e-m/fpv4-sp/hard/libgcc.a(unwind-arm.o) (abort)
/Users/michaelmcadam/SDK/Nordic_nf52/gcc-arm-none-eabi-6.3.1/bin/../lib/gcc/arm-none-eabi/6.3.1/../../../../arm-none-eabi/lib/thumb/v7e-m/fpv4-sp/hard/libc_nano.a(lib_a-locale.o)
                              _build/nrf52832_xxaa_nrf_log_backend_serial.c.o (__locale_ctype_ptr)
/Users/michaelmcadam/SDK/Nordic_nf52/gcc-arm-none-eabi-6.3.1/bin/../lib/gcc/arm-none-eabi/6.3.1/../../../../arm-none-eabi/lib/thumb/v7e-m/fpv4-sp/hard/libc_nano.a(lib_a-mbtowc_r.o)
                              /Users/michaelmcadam/SDK/Nordic_nf52/gcc-arm-none-eabi-6.3.1/bin/../lib/gcc/arm-none-eabi/6.3.1/../../../../arm-none-eabi/lib/thumb/v7e-m/fpv4-sp/hard/libc_nano.a(lib_a-locale.o) (__ascii_mbtowc)
[...]
Memory Configuration

Name             Origin             Length             Attributes
FLASH            0x000000000001f000 0x0000000000061000 xr
RAM              0x0000000020002790 0x000000000000d870 xrw
*default*        0x0000000000000000 0xffffffffffffffff

Linker script and memory map


.text           0x000000000001f000     0x843c
 *(.isr_vector)
 .isr_vector    0x000000000001f000      0x200 _build/nrf52832_xxaa_gcc_startup_nrf52.S.o
                0x000000000001f000                __isr_vector
 *(.text*)
 .text          0x000000000001f200       0x6c /Users/michaelmcadam/SDK/Nordic_nf52/gcc-arm-none-eabi-6.3.1/bin/../lib/gcc/arm-none-eabi/6.3.1/thumb/v7e-m/fpv4-sp/hard/crtbegin.o
 .text          0x000000000001f26c       0x74 /Users/michaelmcadam/SDK/Nordic_nf52/gcc-arm-none-eabi-6.3.1/bin/../lib/gcc/arm-none-eabi/6.3.1/../../../../arm-none-eabi/lib/thumb/v7e-m/fpv4-sp/hard/crt0.o
                0x000000000001f26c                _mainCRTStartup
                0x000000000001f26c                _start
 .text.exit     0x000000000001f2e0       0x28 /Users/michaelmcadam/SDK/Nordic_nf52/gcc-arm-none-eabi-6.3.1/bin/../lib/gcc/arm-none-eabi/6.3.1/../../../../arm-none-eabi/lib/thumb/v7e-m/fpv4-sp/hard/libc_nano.a(lib_a-exit.o)
                0x000000000001f2e0                exit
 .text.__libc_init_array
                0x000000000001f308       0x48 /Users/michaelmcadam/SDK/Nordic_nf52/gcc-arm-none-eabi-6.3.1/bin/../lib/gcc/arm-none-eabi/6.3.1/../../../../arm-none-eabi/lib/thumb/v7e-m/fpv4-sp/hard/libc_nano.a(lib_a-init.o)
                0x000000000001f308                __libc_init_array
 .text.memset   0x000000000001f350       0x10 /Users/michaelmcadam/SDK/Nordic_nf52/gcc-arm-none-eabi-6.3.1/bin/../lib/gcc/arm-none-eabi/6.3.1/../../../../arm-none-eabi/lib/thumb/v7e-m/fpv4-sp/hard/libc_nano.a(lib_a-memset.o)
                0x000000000001f350                memset
 .text._exit    0x000000000001f360        0x4 /Users/michaelmcadam/SDK/Nordic_nf52/gcc-arm-none-eabi-6.3.1/bin/../lib/gcc/arm-none-eabi/6.3.1/../../../../arm-none-eabi/lib/thumb/v7e-m/fpv4-sp/hard/libnosys.a(_exit.o)
                0x000000000001f360                _exit
 .text.uart_event_handler
                0x000000000001f364       0x10 _build/nrf52832_xxaa_nrf_log_backend_serial.c.o
 .text.nrf_log_backend_init
                0x000000000001f374       0x74 _build/nrf52832_xxaa_nrf_log_backend_serial.c.o
                0x000000000001f374                nrf_log_backend_init
 .text.nrf_log_blocking_backend_set
                0x000000000001f3e8        0x8 _build/nrf52832_xxaa_nrf_log_frontend.c.o
                0x000000000001f3e8                nrf_log_blocking_backend_set
 .text.nrf_log_frontend_std_0
                0x000000000001f3f0       0xb0 _build/nrf52832_xxaa_nrf_log_frontend.c.o
                0x000000000001f3f0                nrf_log_frontend_std_0
 .text.nrf_log_frontend_std_1
                0x000000000001f4a0       0xbc _build/nrf52832_xxaa_nrf_log_frontend.c.o
                0x000000000001f4a0                nrf_log_frontend_std_1
 .text.nrf_log_frontend_std_2
                0x000000000001f55c       0xcc _build/nrf52832_xxaa_nrf_log_frontend.c.o
                0x000000000001f55c                nrf_log_frontend_std_2
 .text.nrf_log_frontend_dequeue
                0x000000000001f628      0x14c _build/nrf52832_xxaa_nrf_log_frontend.c.o
                0x000000000001f628                nrf_log_frontend_dequeue
 .text.app_error_handler_bare
                0x000000000001f774       0x20 _build/nrf52832_xxaa_app_error.c.o
                0x000000000001f774                app_error_handler_bare
 .text.app_error_fault_handler
                0x000000000001f794       0x48 _build/nrf52832_xxaa_app_error_weak.c.o
                0x000000000001f794                app_error_fault_handler
 .text.app_fifo_init
                0x000000000001f7dc       0x20 _build/nrf52832_xxaa_app_fifo.c.o
                0x000000000001f7dc                app_fifo_init
 .text.app_fifo_put
                0x000000000001f7fc       0x30 _build/nrf52832_xxaa_app_fifo.c.o
                0x000000000001f7fc                app_fifo_put
 .text.app_fifo_get
                0x000000000001f82c       0x2c _build/nrf52832_xxaa_app_fifo.c.o
                0x000000000001f82c                app_fifo_get
 .text.RTC1_IRQHandler
                0x000000000001f858       0xa0 _build/nrf52832_xxaa_app_timer.c.o
                0x000000000001f858                RTC1_IRQHandler
 .text.SWI0_EGU0_IRQHandler
                0x000000000001f8f8      0x654 _build/nrf52832_xxaa_app_timer.c.o
                0x000000000001f8f8                SWI0_EGU0_IRQHandler
 .text.app_timer_init
                0x000000000001ff4c      0x184 _build/nrf52832_xxaa_app_timer.c.o
                0x000000000001ff4c                app_timer_init
 .text.app_timer_create
                0x00000000000200d0       0x24 _build/nrf52832_xxaa_app_timer.c.o
                0x00000000000200d0                app_timer_create
 .text.app_timer_start
                0x00000000000200f4       0xac _build/nrf52832_xxaa_app_timer.c.o
                0x00000000000200f4                app_timer_start
 .text.app_timer_stop
                0x00000000000201a0       0x78 _build/nrf52832_xxaa_app_timer.c.o
                0x00000000000201a0                app_timer_stop
 .text.app_timer_cnt_get
                0x0000000000020218        0xc _build/nrf52832_xxaa_app_timer.c.o
                0x0000000000020218                app_timer_cnt_get
 .text.app_timer_cnt_diff_compute
                0x0000000000020224        0x8 _build/nrf52832_xxaa_app_timer.c.o
                0x0000000000020224                app_timer_cnt_diff_compute
 .text.app_util_critical_region_enter
                0x000000000002022c       0x4c _build/nrf52832_xxaa_app_util_platform.c.o
                0x000000000002022c                app_util_critical_region_enter
 .text.app_util_critical_region_exit
                0x0000000000020278       0x30 _build/nrf52832_xxaa_app_util_platform.c.o
                0x0000000000020278                app_util_critical_region_exit
 .text.gc_record_find_next
                0x00000000000202a8       0xc0 _build/nrf52832_xxaa_fds.c.o
 .text.record_find_by_desc
                0x0000000000020368       0xe0 _build/nrf52832_xxaa_fds.c.o
 .text.record_find.part.3
                0x0000000000020448       0xc0 _build/nrf52832_xxaa_fds.c.o
 .text.queue_process
                0x0000000000020508      0x824 _build/nrf52832_xxaa_fds.c.o
 .text.fs_event_handler
                0x0000000000020d2c        0x8 _build/nrf52832_xxaa_fds.c.o
 .text.sd_flash_write
                0x0000000000020d34        0x4 _build/nrf52832_xxaa_fstorage.c.o
 .text.sd_flash_page_erase
                0x0000000000020d38        0x4 _build/nrf52832_xxaa_fstorage.c.o
 .text.unlikely.queue_get_next_free
                0x0000000000020d3c       0x38 _build/nrf52832_xxaa_fstorage.c.o
 .text.queue_process
                0x0000000000020d74       0xcc _build/nrf52832_xxaa_fstorage.c.o
 .text.fs_store
                0x0000000000020e40       0xac _build/nrf52832_xxaa_fstorage.c.o
                0x0000000000020e40                fs_store
 .text.fs_erase
                0x0000000000020eec       0xa4 _build/nrf52832_xxaa_fstorage.c.o
                0x0000000000020eec                fs_erase
 .text.nrf_drv_clock_init
                0x0000000000020f90       0x48 _build/nrf52832_xxaa_nrf_drv_clock.c.o
                0x0000000000020f90                nrf_drv_clock_init
 .text.nrf_drv_clock_lfclk_request
                0x0000000000020fd8       0x98 _build/nrf52832_xxaa_nrf_drv_clock.c.o
                0x0000000000020fd8                nrf_drv_clock_lfclk_request
 .text.POWER_CLOCK_IRQHandler
                0x0000000000021070       0x78 _build/nrf52832_xxaa_nrf_drv_clock.c.o
                0x0000000000021070                POWER_CLOCK_IRQHandler
 .text.nrf_drv_clock_on_soc_event
                0x00000000000210e8       0x20 _build/nrf52832_xxaa_nrf_drv_clock.c.o
                0x00000000000210e8                nrf_drv_clock_on_soc_event
 .text.nrf_drv_clock_on_sd_enable
                0x0000000000021108       0x64 _build/nrf52832_xxaa_nrf_drv_clock.c.o
                0x0000000000021108                nrf_drv_clock_on_sd_enable
 .text.nrf_drv_common_irq_enable
                0x000000000002116c       0x50 _build/nrf52832_xxaa_nrf_drv_common.c.o
                0x000000000002116c                nrf_drv_common_irq_enable
 .text.nrf_drv_gpiote_init
                0x00000000000211bc       0x84 _build/nrf52832_xxaa_nrf_drv_gpiote.c.o
                0x00000000000211bc                nrf_drv_gpiote_init
 .text.GPIOTE_IRQHandler
                0x0000000000021240      0x528 _build/nrf52832_xxaa_nrf_drv_gpiote.c.o
                0x0000000000021240                GPIOTE_IRQHandler
 .text.uart_event_handler
                0x0000000000021768       0xc8 _build/nrf52832_xxaa_app_uart_fifo.c.o
 .text.app_uart_init
                0x0000000000021830       0xe4 _build/nrf52832_xxaa_app_uart_fifo.c.o
                0x0000000000021830                app_uart_init
 .text.app_uart_put
                0x0000000000021914       0x44 _build/nrf52832_xxaa_app_uart_fifo.c.o
                0x0000000000021914                app_uart_put
 .text.nrf_drv_uart_init
                0x0000000000021958      0x1d8 _build/nrf52832_xxaa_nrf_drv_uart.c.o
                0x0000000000021958                nrf_drv_uart_init
 .text.nrf_drv_uart_uninit
                0x0000000000021b30      0x108 _build/nrf52832_xxaa_nrf_drv_uart.c.o
                0x0000000000021b30                nrf_drv_uart_uninit
 .text.nrf_drv_uart_tx
                0x0000000000021c38      0x154 _build/nrf52832_xxaa_nrf_drv_uart.c.o
                0x0000000000021c38                nrf_drv_uart_tx
 .text.nrf_drv_uart_tx_in_progress
                0x0000000000021d8c       0x18 _build/nrf52832_xxaa_nrf_drv_uart.c.o
                0x0000000000021d8c                nrf_drv_uart_tx_in_progress
 .text.nrf_drv_uart_rx
                0x0000000000021da4      0x234 _build/nrf52832_xxaa_nrf_drv_uart.c.o
                0x0000000000021da4                nrf_drv_uart_rx
 .text.nrf_drv_uart_rx_enable
                0x0000000000021fd8       0x4c _build/nrf52832_xxaa_nrf_drv_uart.c.o
                0x0000000000021fd8                nrf_drv_uart_rx_enable
 .text.UARTE0_UART0_IRQHandler
                0x0000000000022024      0x2f4 _build/nrf52832_xxaa_nrf_drv_uart.c.o
                0x0000000000022024                UARTE0_UART0_IRQHandler
 .text.SPIM0_SPIS0_TWIM0_TWIS0_SPI0_TWI0_IRQHandler
                0x0000000000022318       0x50 _build/nrf52832_xxaa_nrf_drv_spi.c.o
                0x0000000000022318                SPIM0_SPIS0_TWIM0_TWIS0_SPI0_TWI0_IRQHandler
 .text.sd_ble_gap_addr_get
                0x0000000000022368        0x4 _build/nrf52832_xxaa_ble_advdata.c.o
 .text.sd_ble_gap_adv_data_set
                0x000000000002236c        0x4 _build/nrf52832_xxaa_ble_advdata.c.o
 .text.sd_ble_gap_appearance_get
                0x0000000000022370        0x4 _build/nrf52832_xxaa_ble_advdata.c.o
 .text.sd_ble_gap_device_name_get
                0x0000000000022374        0x4 _build/nrf52832_xxaa_ble_advdata.c.o
 .text.sd_ble_uuid_encode
                0x0000000000022378        0x4 _build/nrf52832_xxaa_ble_advdata.c.o
 .text.uuid_list_sized_encode
                0x000000000002237c       0xe0 _build/nrf52832_xxaa_ble_advdata.c.o
 .text.adv_data_encode
                0x000000000002245c      0x3fc _build/nrf52832_xxaa_ble_advdata.c.o
                0x000000000002245c                adv_data_encode
 .text.ble_advdata_set
                0x0000000000022858      0x4dc _build/nrf52832_xxaa_ble_advdata.c.o
                0x0000000000022858                ble_advdata_set
 .text.sd_ble_gap_conn_param_update
                0x0000000000022d34        0x4 _build/nrf52832_xxaa_ble_conn_params.c.o
 .text.sd_ble_gap_disconnect
                0x0000000000022d38        0x4 _build/nrf52832_xxaa_ble_conn_params.c.o
 .text.sd_ble_gap_ppcp_set
                0x0000000000022d3c        0x4 _build/nrf52832_xxaa_ble_conn_params.c.o
 .text.sd_ble_gap_ppcp_get
                0x0000000000022d40        0x4 _build/nrf52832_xxaa_ble_conn_params.c.o
 .text.update_timeout_handler
                0x0000000000022d44       0x74 _build/nrf52832_xxaa_ble_conn_params.c.o
 .text.conn_params_negotiation
                0x0000000000022db8       0x94 _build/nrf52832_xxaa_ble_conn_params.c.o
 .text.ble_conn_params_init
                0x0000000000022e4c       0x74 _build/nrf52832_xxaa_ble_conn_params.c.o
                0x0000000000022e4c                ble_conn_params_init
 .text.ble_conn_params_on_ble_evt
                0x0000000000022ec0       0xb8 _build/nrf52832_xxaa_ble_conn_params.c.o
                0x0000000000022ec0                ble_conn_params_on_ble_evt
 .text.ble_srv_is_notification_enabled
                0x0000000000022f78        0x8 _build/nrf52832_xxaa_ble_srv_common.c.o
                0x0000000000022f78                ble_srv_is_notification_enabled
 .text.sd_ble_gap_data_length_update
                0x0000000000022f80        0x4 _build/nrf52832_xxaa_nrf_ble_gatt.c.o
 .text.sd_ble_gattc_exchange_mtu_request
                0x0000000000022f84        0x4 _build/nrf52832_xxaa_nrf_ble_gatt.c.o
 .text.sd_ble_gatts_exchange_mtu_reply
                0x0000000000022f88        0x4 _build/nrf52832_xxaa_nrf_ble_gatt.c.o
 .text.nrf_ble_gatt_init
                0x0000000000022f8c       0x38 _build/nrf52832_xxaa_nrf_ble_gatt.c.o
                0x0000000000022f8c                nrf_ble_gatt_init
 .text.nrf_ble_gatt_on_ble_evt
                0x0000000000022fc4      0x208 _build/nrf52832_xxaa_nrf_ble_gatt.c.o
                0x0000000000022fc4                nrf_ble_gatt_on_ble_evt
 .text          0x00000000000231cc       0x3c _build/nrf52832_xxaa_gcc_startup_nrf52.S.o
                0x00000000000231cc                Reset_Handler
                0x00000000000231f4                NMI_Handler
                0x00000000000231f6                HardFault_Handler
                0x00000000000231f8                MemoryManagement_Handler
                0x00000000000231fa                BusFault_Handler
                0x00000000000231fc                UsageFault_Handler
                0x00000000000231fe                SVC_Handler
                0x0000000000023200                DebugMon_Handler
                0x0000000000023202                PendSV_Handler
                0x0000000000023204                SysTick_Handler
                0x0000000000023206                I2S_IRQHandler
                0x0000000000023206                SWI4_EGU4_IRQHandler
                0x0000000000023206                TIMER0_IRQHandler
                0x0000000000023206                TIMER1_IRQHandler
                0x0000000000023206                PWM2_IRQHandler
                0x0000000000023206                ECB_IRQHandler
                0x0000000000023206                SPIM1_SPIS1_TWIM1_TWIS1_SPI1_TWI1_IRQHandler
                0x0000000000023206                Default_Handler
                0x0000000000023206                CCM_AAR_IRQHandler
                0x0000000000023206                WDT_IRQHandler
                0x0000000000023206                SWI5_EGU5_IRQHandler
                0x0000000000023206                RNG_IRQHandler
                0x0000000000023206                RTC2_IRQHandler
                0x0000000000023206                PWM0_IRQHandler
                0x0000000000023206                SWI3_EGU3_IRQHandler
                0x0000000000023206                SWI1_EGU1_IRQHandler
                0x0000000000023206                SPIM2_SPIS2_SPI2_IRQHandler
                0x0000000000023206                NFCT_IRQHandler
                0x0000000000023206                MWU_IRQHandler
                0x0000000000023206                TIMER2_IRQHandler
                0x0000000000023206                COMP_LPCOMP_IRQHandler
                0x0000000000023206                RTC0_IRQHandler
                0x0000000000023206                PWM1_IRQHandler
                0x0000000000023206                RADIO_IRQHandler
                0x0000000000023206                PDM_IRQHandler
                0x0000000000023206                TEMP_IRQHandler
                0x0000000000023206                QDEC_IRQHandler
                0x0000000000023206                TIMER3_IRQHandler
                0x0000000000023206                FPU_IRQHandler
                0x0000000000023206                TIMER4_IRQHandler
 .text.SystemInit
                0x0000000000023208      0x348 _build/nrf52832_xxaa_system_nrf52.c.o
                0x0000000000023208                SystemInit
 .text.sd_evt_get
                0x0000000000023550        0x4 _build/nrf52832_xxaa_softdevice_handler.c.o
 .text.sd_softdevice_enable
                0x0000000000023554        0x4 _build/nrf52832_xxaa_softdevice_handler.c.o
 .text.sd_ble_enable
                0x0000000000023558        0x4 _build/nrf52832_xxaa_softdevice_handler.c.o
 .text.sd_ble_evt_get
                0x000000000002355c        0x4 _build/nrf52832_xxaa_softdevice_handler.c.o
 .text.softdevice_fault_handler
                0x0000000000023560        0x4 _build/nrf52832_xxaa_softdevice_handler.c.o
                0x0000000000023560                softdevice_fault_handler
 .text.intern_softdevice_events_execute.part.2
                0x0000000000023564       0xc4 _build/nrf52832_xxaa_softdevice_handler.c.o
 .text.softdevice_handler_is_enabled
                0x0000000000023628        0xc _build/nrf52832_xxaa_softdevice_handler.c.o
                0x0000000000023628                softdevice_handler_is_enabled
 .text.softdevice_handler_init
                0x0000000000023634       0x94 _build/nrf52832_xxaa_softdevice_handler.c.o
                0x0000000000023634                softdevice_handler_init
 .text.softdevice_ble_evt_handler_set
                0x00000000000236c8       0x14 _build/nrf52832_xxaa_softdevice_handler.c.o
                0x00000000000236c8                softdevice_ble_evt_handler_set
 .text.SWI2_EGU2_IRQHandler
                0x00000000000236dc       0x30 _build/nrf52832_xxaa_softdevice_handler.c.o
                0x00000000000236dc                SWI2_EGU2_IRQHandler
 .text.softdevice_app_ram_start_get
                0x000000000002370c       0x14 _build/nrf52832_xxaa_softdevice_handler.c.o
                0x000000000002370c                softdevice_app_ram_start_get
 .text.softdevice_enable
                0x0000000000023720       0x68 _build/nrf52832_xxaa_softdevice_handler.c.o
                0x0000000000023720                softdevice_enable
 .text.SAADC_IRQHandler
                0x0000000000023788      0x1c4 _build/nrf52832_xxaa_nrf_drv_saadc.c.o
                0x0000000000023788                SAADC_IRQHandler
 .text.nrf_drv_saadc_init
                0x000000000002394c       0xa4 _build/nrf52832_xxaa_nrf_drv_saadc.c.o
                0x000000000002394c                nrf_drv_saadc_init
 .text.nrf_drv_saadc_channel_init
                0x00000000000239f0       0x80 _build/nrf52832_xxaa_nrf_drv_saadc.c.o
                0x00000000000239f0                nrf_drv_saadc_channel_init
 .text.nrf_drv_saadc_buffer_convert
                0x0000000000023a70       0xc0 _build/nrf52832_xxaa_nrf_drv_saadc.c.o
                0x0000000000023a70                nrf_drv_saadc_buffer_convert
 .text.nrf_drv_saadc_sample
                0x0000000000023b30       0x30 _build/nrf52832_xxaa_nrf_drv_saadc.c.o
                0x0000000000023b30                nrf_drv_saadc_sample
 .text.nrf_drv_saadc_limits_set
                0x0000000000023b60       0x7c _build/nrf52832_xxaa_nrf_drv_saadc.c.o
                0x0000000000023b60                nrf_drv_saadc_limits_set
 .text.nrf_saadc_channel_init
                0x0000000000023bdc       0x64 _build/nrf52832_xxaa_nrf_saadc.c.o
                0x0000000000023bdc                nrf_saadc_channel_init
 .text._Z17uart_error_handleP14app_uart_evt_t
                0x0000000000023c40       0x14 _build/nrf52832_xxaa_uart_interface.cpp.o
                0x0000000000023c40                uart_error_handle(app_uart_evt_t*)
 .text._ZN4UART4initEv
                0x0000000000023c54       0x64 _build/nrf52832_xxaa_uart_interface.cpp.o
                0x0000000000023c54                UART::init()
 .text._ZN4UART5writeEPKcz
                0x0000000000023cb8       0xa4 _build/nrf52832_xxaa_uart_interface.cpp.o
                0x0000000000023cb8                UART::write(char const*, ...)
 .text._ZN4GPIO4initEv
                0x0000000000023d5c        0x4 _build/nrf52832_xxaa_gpio_interface.cpp.o
                0x0000000000023d5c                GPIO::init()
 .text._ZN4GPIO9setOutputEmm
                0x0000000000023d60       0x2c _build/nrf52832_xxaa_gpio_interface.cpp.o
                0x0000000000023d60                GPIO::setOutput(unsigned long, unsigned long)
 .text._ZN4GPIO6toggleEm
                0x0000000000023d8c       0x20 _build/nrf52832_xxaa_gpio_interface.cpp.o
                0x0000000000023d8c                GPIO::toggle(unsigned long)
 .text._ZN3ADC14saadc_callbackEPK19nrf_drv_saadc_evt_t
                0x0000000000023dac       0x3c _build/nrf52832_xxaa_adc_interface.cpp.o
                0x0000000000023dac                ADC::saadc_callback(nrf_drv_saadc_evt_t const*)
 .text._ZN3ADCC2Ev
                0x0000000000023de8        0x8 _build/nrf52832_xxaa_adc_interface.cpp.o
                0x0000000000023de8                ADC::ADC()
                0x0000000000023de8                ADC::ADC()
 .text._ZN3ADC9attachADCE11adc_input_t
                0x0000000000023df0       0xa4 _build/nrf52832_xxaa_adc_interface.cpp.o
                0x0000000000023df0                ADC::attachADC(adc_input_t)
 .text._ZN3ADC8setLimitEttPFvvE
                0x0000000000023e94       0x34 _build/nrf52832_xxaa_adc_interface.cpp.o
                0x0000000000023e94                ADC::setLimit(unsigned short, unsigned short, void (*)())
 .text._ZN3ADC10clearLimitEv
                0x0000000000023ec8       0x10 _build/nrf52832_xxaa_adc_interface.cpp.o
                0x0000000000023ec8                ADC::clearLimit()
 .text._ZN3ADC5startEv
                0x0000000000023ed8       0x2c _build/nrf52832_xxaa_adc_interface.cpp.o
                0x0000000000023ed8                ADC::start()
 .text._ZN3ADC6sampleEv
                0x0000000000023f04       0x10 _build/nrf52832_xxaa_adc_interface.cpp.o
                0x0000000000023f04                ADC::sample()
 .text._ZN5Timer20initialisePeripheralEv
                0x0000000000023f14       0x28 _build/nrf52832_xxaa_timer_interface.cpp.o
                0x0000000000023f14                Timer::initialisePeripheral()
 .text._ZN5Timer8getTicksEv
                0x0000000000023f3c        0x4 _build/nrf52832_xxaa_timer_interface.cpp.o
                0x0000000000023f3c                Timer::getTicks()
 .text._ZN5Timer7getDiffEmm
                0x0000000000023f40        0x4 _build/nrf52832_xxaa_timer_interface.cpp.o
                0x0000000000023f40                Timer::getDiff(unsigned long, unsigned long)
 .text._ZN5TimerC2Ev
                0x0000000000023f44       0x20 _build/nrf52832_xxaa_timer_interface.cpp.o
                0x0000000000023f44                Timer::Timer()
                0x0000000000023f44                Timer::Timer()
 .text._ZN5Timer10startTimerEmPFvPvE
                0x0000000000023f64       0x64 _build/nrf52832_xxaa_timer_interface.cpp.o
                0x0000000000023f64                Timer::startTimer(unsigned long, void (*)(void*))
 .text._ZN5Timer12getFrequencyEv
                0x0000000000023fc8        0x8 _build/nrf52832_xxaa_timer_interface.cpp.o
                0x0000000000023fc8                Timer::getFrequency()
 .text._ZN12StateMachine13error_handlerEv
                0x0000000000023fd0       0x18 _build/nrf52832_xxaa_state_machine.cpp.o
                0x0000000000023fd0                StateMachine::error_handler()
 .text._ZN12StateMachineC2E7state_e
                0x0000000000023fe8       0x48 _build/nrf52832_xxaa_state_machine.cpp.o
                0x0000000000023fe8                StateMachine::StateMachine(state_e)
                0x0000000000023fe8                StateMachine::StateMachine(state_e)
 .text._ZN12StateMachine18registerTransitionE7state_eS0_7event_ePFvvE
                0x0000000000024030       0x20 _build/nrf52832_xxaa_state_machine.cpp.o
                0x0000000000024030                StateMachine::registerTransition(state_e, state_e, event_e, void (*)())
 .text._ZN12StateMachine10transitionE7event_e
                0x0000000000024050       0x28 _build/nrf52832_xxaa_state_machine.cpp.o
                0x0000000000024050                StateMachine::transition(event_e)
 .text._ZN11BLE_Manager25createDetectorDataServiceEv
                0x0000000000024078      0x170 _build/nrf52832_xxaa_ble_manager.cpp.o
                0x0000000000024078                BLE_Manager::createDetectorDataService()
 .text._ZN11BLE_Manager23createDeviceInfoServiceEv
                0x00000000000241e8       0x2c _build/nrf52832_xxaa_ble_manager.cpp.o
                0x00000000000241e8                BLE_Manager::createDeviceInfoService()
 .text._ZN11BLE_Manager17setCharacteristicEhhPht
                0x0000000000024214       0x54 _build/nrf52832_xxaa_ble_manager.cpp.o
                0x0000000000024214                BLE_Manager::setCharacteristic(unsigned char, unsigned char, unsigned char*, unsigned short)
 .text._ZN11BLE_Manager12checkServiceEv
                0x0000000000024268       0x2c _build/nrf52832_xxaa_ble_manager.cpp.o
                0x0000000000024268                BLE_Manager::checkService()
 .text._ZN11BLE_Manager9checkCharEv
                0x0000000000024294       0x34 _build/nrf52832_xxaa_ble_manager.cpp.o
                0x0000000000024294                BLE_Manager::checkChar()
 .text._ZN11BLE_Manager16createBLEServiceEv
                0x00000000000242c8       0x64 _build/nrf52832_xxaa_ble_manager.cpp.o
                0x00000000000242c8                BLE_Manager::createBLEService()
 .text._ZN11BLE_Manager7managerEv
                0x000000000002432c        0x8 _build/nrf52832_xxaa_ble_manager.cpp.o
                0x000000000002432c                BLE_Manager::manager()
 .text.sd_ble_gap_disconnect
                0x0000000000024334        0x4 _build/nrf52832_xxaa_ble_interface.cpp.o
 .text.sd_ble_gap_ppcp_set
                0x0000000000024338        0x4 _build/nrf52832_xxaa_ble_interface.cpp.o
 .text.sd_ble_gap_sec_params_reply
                0x000000000002433c        0x4 _build/nrf52832_xxaa_ble_interface.cpp.o
 .text.sd_ble_gatts_rw_authorize_reply
                0x0000000000024340        0x4 _build/nrf52832_xxaa_ble_interface.cpp.o
 .text.sd_ble_gatts_sys_attr_set
                0x0000000000024344        0x4 _build/nrf52832_xxaa_ble_interface.cpp.o
 .text.sd_ble_cfg_set
                0x0000000000024348        0x4 _build/nrf52832_xxaa_ble_interface.cpp.o
 .text.sd_ble_user_mem_reply
                0x000000000002434c        0x4 _build/nrf52832_xxaa_ble_interface.cpp.o
 .text._ZN3BLE25conn_params_error_handlerEm
                0x0000000000024350        0x4 _build/nrf52832_xxaa_ble_interface.cpp.o
                0x0000000000024350                BLE::conn_params_error_handler(unsigned long)
 .text._ZN3BLE18on_conn_params_evtEP21ble_conn_params_evt_t
                0x0000000000024354       0x14 _build/nrf52832_xxaa_ble_interface.cpp.o
                0x0000000000024354                BLE::on_conn_params_evt(ble_conn_params_evt_t*)
 .text._ZN3BLE10addServiceEP7Serviceh
                0x0000000000024368       0x28 _build/nrf52832_xxaa_ble_interface.cpp.o
                0x0000000000024368                BLE::addService(Service*, unsigned char)
 .text._ZN3BLE10getServiceEh
                0x0000000000024390       0x10 _build/nrf52832_xxaa_ble_interface.cpp.o
                0x0000000000024390                BLE::getService(unsigned char)
 .text._ZN3BLE11isConnectedEv
                0x00000000000243a0        0xc _build/nrf52832_xxaa_ble_interface.cpp.o
                0x00000000000243a0                BLE::isConnected()
 .text._ZN3BLE10on_ble_evtEP9ble_evt_t
                0x00000000000243ac      0x110 _build/nrf52832_xxaa_ble_interface.cpp.o
                0x00000000000243ac                BLE::on_ble_evt(ble_evt_t*)
 .text._ZN3BLE16ble_evt_dispatchEP9ble_evt_t
                0x00000000000244bc      0x148 _build/nrf52832_xxaa_ble_interface.cpp.o
                0x00000000000244bc                BLE::ble_evt_dispatch(ble_evt_t*)
 .text._ZN3BLE4initEv
                0x0000000000024604       0xe0 _build/nrf52832_xxaa_ble_interface.cpp.o
                0x0000000000024604                BLE::init()
 .text.startup._GLOBAL__sub_I__ZN3BLE3advE
                0x00000000000246e4       0x28 _build/nrf52832_xxaa_ble_interface.cpp.o
 .text.sd_ble_gatts_service_add
                0x000000000002470c        0x4 _build/nrf52832_xxaa_ble_service.cpp.o
 .text.sd_ble_uuid_vs_add
                0x0000000000024710        0x4 _build/nrf52832_xxaa_ble_service.cpp.o
 .text._ZN7ServiceC2Ev
                0x0000000000024714       0x48 _build/nrf52832_xxaa_ble_service.cpp.o
                0x0000000000024714                Service::Service()
                0x0000000000024714                Service::Service()
 .text._ZN7Service12eventHandlerEP9ble_evt_t
                0x000000000002475c      0x150 _build/nrf52832_xxaa_ble_service.cpp.o
                0x000000000002475c                Service::eventHandler(ble_evt_t*)
 .text._ZN7Service13attachServiceEv
                0x00000000000248ac       0x44 _build/nrf52832_xxaa_ble_service.cpp.o
                0x00000000000248ac                Service::attachService()
 .text._ZN7Service12createCustomEt13ble_uuid128_t
                0x00000000000248f0       0x38 _build/nrf52832_xxaa_ble_service.cpp.o
                0x00000000000248f0                Service::createCustom(unsigned short, ble_uuid128_t)
 .text._ZN7Service9createSIGEt
                0x0000000000024928       0x10 _build/nrf52832_xxaa_ble_service.cpp.o
                0x0000000000024928                Service::createSIG(unsigned short)
 .text._ZN7Service17addCharacteristicEP14Characteristich
                0x0000000000024938       0x24 _build/nrf52832_xxaa_ble_service.cpp.o
                0x0000000000024938                Service::addCharacteristic(Characteristic*, unsigned char)
 .text._ZN7Service17getCharacteristicEh
                0x000000000002495c        0xc _build/nrf52832_xxaa_ble_service.cpp.o
                0x000000000002495c                Service::getCharacteristic(unsigned char)
 .text.sd_ble_gatts_characteristic_add
                0x0000000000024968        0x4 _build/nrf52832_xxaa_ble_characteristic.cpp.o
 .text.sd_ble_gatts_value_set
                0x000000000002496c        0x4 _build/nrf52832_xxaa_ble_characteristic.cpp.o
 .text.sd_ble_gatts_hvx
                0x0000000000024970        0x4 _build/nrf52832_xxaa_ble_characteristic.cpp.o
 .text._ZN14CharacteristicC2Ev
                0x0000000000024974       0x6c _build/nrf52832_xxaa_ble_characteristic.cpp.o
                0x0000000000024974                Characteristic::Characteristic()
                0x0000000000024974                Characteristic::Characteristic()
 .text._ZN14Characteristic7setUUIDEt
                0x00000000000249e0       0x10 _build/nrf52832_xxaa_ble_characteristic.cpp.o
                0x00000000000249e0                Characteristic::setUUID(unsigned short)
 .text._ZN14Characteristic11setUUIDTypeEh
                0x00000000000249f0       0x10 _build/nrf52832_xxaa_ble_characteristic.cpp.o
                0x00000000000249f0                Characteristic::setUUIDType(unsigned char)
 .text._ZN14Characteristic15attachToServiceEt
                0x0000000000024a00       0x58 _build/nrf52832_xxaa_ble_characteristic.cpp.o
                0x0000000000024a00                Characteristic::attachToService(unsigned short)
 .text._ZN14Characteristic10enableReadEv
                0x0000000000024a58       0x34 _build/nrf52832_xxaa_ble_characteristic.cpp.o
                0x0000000000024a58                Characteristic::enableRead()
 .text._ZN14Characteristic18enableNotificationEv
                0x0000000000024a8c       0x3c _build/nrf52832_xxaa_ble_characteristic.cpp.o
                0x0000000000024a8c                Characteristic::enableNotification()
 .text._ZN14Characteristic9initValueEPht
                0x0000000000024ac8       0x14 _build/nrf52832_xxaa_ble_characteristic.cpp.o
                0x0000000000024ac8                Characteristic::initValue(unsigned char*, unsigned short)
 .text._ZN14Characteristic12setMaxLengthEt
                0x0000000000024adc       0x18 _build/nrf52832_xxaa_ble_characteristic.cpp.o
                0x0000000000024adc                Characteristic::setMaxLength(unsigned short)
 .text._ZN14Characteristic6notifyEPhPt
                0x0000000000024af4       0x84 _build/nrf52832_xxaa_ble_characteristic.cpp.o
                0x0000000000024af4                Characteristic::notify(unsigned char*, unsigned short*)
 .text._ZN14Characteristic6updateEPht
                0x0000000000024b78       0x74 _build/nrf52832_xxaa_ble_characteristic.cpp.o
                0x0000000000024b78                Characteristic::update(unsigned char*, unsigned short)
 .text._ZN14Characteristic6isInitEv
                0x0000000000024bec        0x8 _build/nrf52832_xxaa_ble_characteristic.cpp.o
                0x0000000000024bec                Characteristic::isInit()
 .text._ZN14Characteristic13setConnHandleEt
                0x0000000000024bf4        0x8 _build/nrf52832_xxaa_ble_characteristic.cpp.o
                0x0000000000024bf4                Characteristic::setConnHandle(unsigned short)
 .text.sd_ble_gap_adv_start
                0x0000000000024bfc        0x4 _build/nrf52832_xxaa_ble_advertising.cpp.o
 .text.sd_ble_gap_device_name_set
                0x0000000000024c00        0x4 _build/nrf52832_xxaa_ble_advertising.cpp.o
 .text._ZN11AdvertisingC2Ev
                0x0000000000024c04       0x28 _build/nrf52832_xxaa_ble_advertising.cpp.o
                0x0000000000024c04                Advertising::Advertising()
                0x0000000000024c04                Advertising::Advertising()
 .text._ZN11Advertising5startEt
                0x0000000000024c2c       0x30 _build/nrf52832_xxaa_ble_advertising.cpp.o
                0x0000000000024c2c                Advertising::start(unsigned short)
 .text._ZN11Advertising7setNameEPKc
                0x0000000000024c5c       0x34 _build/nrf52832_xxaa_ble_advertising.cpp.o
                0x0000000000024c5c                Advertising::setName(char const*)
 .text._ZN11Advertising13advertiseNameEv
                0x0000000000024c90       0x10 _build/nrf52832_xxaa_ble_advertising.cpp.o
                0x0000000000024c90                Advertising::advertiseName()
 .text._ZN11Advertising13advertiseUUIDE10ble_uuid_t
                0x0000000000024ca0       0x24 _build/nrf52832_xxaa_ble_advertising.cpp.o
                0x0000000000024ca0                Advertising::advertiseUUID(ble_uuid_t)
 .text._ZN9TrapEventC2Ev
                0x0000000000024cc4       0x1c _build/nrf52832_xxaa_trap_event.cpp.o
                0x0000000000024cc4                TrapEvent::TrapEvent()
                0x0000000000024cc4                TrapEvent::TrapEvent()
 .text._ZN9TrapEvent5clearEv
                0x0000000000024ce0       0x14 _build/nrf52832_xxaa_trap_event.cpp.o
                0x0000000000024ce0                TrapEvent::clear()
 .text._ZN9TrapEvent5startEv
                0x0000000000024cf4       0x10 _build/nrf52832_xxaa_trap_event.cpp.o
                0x0000000000024cf4                TrapEvent::start()
 .text._ZN9TrapEvent3endEv
                0x0000000000024d04       0x10 _build/nrf52832_xxaa_trap_event.cpp.o
                0x0000000000024d04                TrapEvent::end()
 .text._ZN9TrapEvent11processDataEv
                0x0000000000024d14       0x68 _build/nrf52832_xxaa_trap_event.cpp.o
                0x0000000000024d14                TrapEvent::processData()
 .text._ZN9TrapEvent9printDataEv
                0x0000000000024d7c       0x50 _build/nrf52832_xxaa_trap_event.cpp.o
                0x0000000000024d7c                TrapEvent::printData()
 .text._ZN9TrapEvent13getKillNumberEv
                0x0000000000024dcc        0x8 _build/nrf52832_xxaa_trap_event.cpp.o
                0x0000000000024dcc                TrapEvent::getKillNumber()
 .text._ZN9TrapEvent17getResponseLengthEv
                0x0000000000024dd4        0x4 _build/nrf52832_xxaa_trap_event.cpp.o
                0x0000000000024dd4                TrapEvent::getResponseLength()
 .text._ZN9TrapEvent12getPeakValueEv
                0x0000000000024dd8        0x4 _build/nrf52832_xxaa_trap_event.cpp.o
                0x0000000000024dd8                TrapEvent::getPeakValue()
 .text._ZN9TrapEvent15getResponseSizeEv
                0x0000000000024ddc        0x4 _build/nrf52832_xxaa_trap_event.cpp.o
                0x0000000000024ddc                TrapEvent::getResponseSize()
 .text._ZN9TrapEvent10getDidClipEv
                0x0000000000024de0        0x4 _build/nrf52832_xxaa_trap_event.cpp.o
                0x0000000000024de0                TrapEvent::getDidClip()
 .text._ZN9TrapEvent12setTimeStampEm
                0x0000000000024de4        0x4 _build/nrf52832_xxaa_trap_event.cpp.o
                0x0000000000024de4                TrapEvent::setTimeStamp(unsigned long)
 .text._ZN11CurrentTime13minuteHandlerEPv
                0x0000000000024de8       0x10 _build/nrf52832_xxaa_current_time.cpp.o
                0x0000000000024de8                CurrentTime::minuteHandler(void*)
 .text._ZN11CurrentTime10startClockEv
                0x0000000000024df8       0x14 _build/nrf52832_xxaa_current_time.cpp.o
                0x0000000000024df8                CurrentTime::startClock()
 .text._ZN11CurrentTime14getCurrentTimeEv
                0x0000000000024e0c        0xc _build/nrf52832_xxaa_current_time.cpp.o
                0x0000000000024e0c                CurrentTime::getCurrentTime()
 .text.startup._GLOBAL__sub_I__ZN11CurrentTime13timeInMinutesE
                0x0000000000024e18        0xc _build/nrf52832_xxaa_current_time.cpp.o
 .text._Z10adcHandlerPv
                0x0000000000024e24        0x4 _build/nrf52832_xxaa_main.cpp.o
                0x0000000000024e24                adcHandler(void*)
 .text._Z15lowLimitHandlerv
                0x0000000000024e28       0x1c _build/nrf52832_xxaa_main.cpp.o
                0x0000000000024e28                lowLimitHandler()
 .text._Z16highLimitHandlerv
                0x0000000000024e44       0x3c _build/nrf52832_xxaa_main.cpp.o
                0x0000000000024e44                highLimitHandler()
 .text._Z22processEventTransitionv
                0x0000000000024e80       0x24 _build/nrf52832_xxaa_main.cpp.o
                0x0000000000024e80                processEventTransition()
 .text._Z24triggeredEventTransitionv
                0x0000000000024ea4        0x8 _build/nrf52832_xxaa_main.cpp.o
                0x0000000000024ea4                triggeredEventTransition()
 .text._Z19readEventTransitionv
                0x0000000000024eac       0x2c _build/nrf52832_xxaa_main.cpp.o
                0x0000000000024eac                readEventTransition()
 .text._Z21createTransitionTablev
                0x0000000000024ed8       0x4c _build/nrf52832_xxaa_main.cpp.o
                0x0000000000024ed8                createTransitionTable()
 .text.startup.main
                0x0000000000024f24      0x258 _build/nrf52832_xxaa_main.cpp.o
                0x0000000000024f24                main
 .text.startup._GLOBAL__sub_I_curEvent
                0x000000000002517c       0x28 _build/nrf52832_xxaa_main.cpp.o
 .text          0x00000000000251a4       0x30 /Users/michaelmcadam/SDK/Nordic_nf52/gcc-arm-none-eabi-6.3.1/bin/../lib/gcc/arm-none-eabi/6.3.1/thumb/v7e-m/fpv4-sp/hard/libgcc.a(_aeabi_uldivmod.o)
                0x00000000000251a4                __aeabi_uldivmod
 .text          0x00000000000251d4      0x2dc /Users/michaelmcadam/SDK/Nordic_nf52/gcc-arm-none-eabi-6.3.1/bin/../lib/gcc/arm-none-eabi/6.3.1/thumb/v7e-m/fpv4-sp/hard/libgcc.a(_udivmoddi4.o)
                0x00000000000251d4                __udivmoddi4
 .text          0x00000000000254b0      0x9cc /Users/michaelmcadam/SDK/Nordic_nf52/gcc-arm-none-eabi-6.3.1/bin/../lib/gcc/arm-none-eabi/6.3.1/thumb/v7e-m/fpv4-sp/hard/libgcc.a(unwind-arm.o)
                0x0000000000025770                _Unwind_GetCFA
                0x0000000000025774                __gnu_Unwind_RaiseException
                0x00000000000257d4                __gnu_Unwind_ForcedUnwind
                0x00000000000257e8                __gnu_Unwind_Resume
                0x000000000002582c                __gnu_Unwind_Resume_or_Rethrow
                0x000000000002583c                _Unwind_Complete
                0x0000000000025840                _Unwind_DeleteException
                0x000000000002584c                _Unwind_VRS_Get
                0x0000000000025898                _Unwind_VRS_Set
                0x00000000000258e8                __gnu_Unwind_Backtrace
                0x0000000000025c28                __aeabi_unwind_cpp_pr0
                0x0000000000025c2c                __aeabi_unwind_cpp_pr1
                0x0000000000025c30                __aeabi_unwind_cpp_pr2
                0x0000000000025c34                _Unwind_VRS_Pop
 .text          0x0000000000025e7c      0x1ac /Users/michaelmcadam/SDK/Nordic_nf52/gcc-arm-none-eabi-6.3.1/bin/../lib/gcc/arm-none-eabi/6.3.1/thumb/v7e-m/fpv4-sp/hard/libgcc.a(libunwind.o)
                0x0000000000025e7c                __restore_core_regs
                0x0000000000025e7c                restore_core_regs
                0x0000000000025e94                __gnu_Unwind_Restore_VFP
                0x0000000000025e9c                __gnu_Unwind_Save_VFP
                0x0000000000025ea4                __gnu_Unwind_Restore_VFP_D
                0x0000000000025eac                __gnu_Unwind_Save_VFP_D
                0x0000000000025eb4                __gnu_Unwind_Restore_VFP_D_16_to_31
                0x0000000000025ebc                __gnu_Unwind_Save_VFP_D_16_to_31
                0x0000000000025ec4                __gnu_Unwind_Restore_WMMXD
                0x0000000000025f08                __gnu_Unwind_Save_WMMXD
                0x0000000000025f4c                __gnu_Unwind_Restore_WMMXC
                0x0000000000025f60                __gnu_Unwind_Save_WMMXC
                0x0000000000025f74                _Unwind_RaiseException
                0x0000000000025f74                ___Unwind_RaiseException
                0x0000000000025f98                ___Unwind_Resume
                0x0000000000025f98                _Unwind_Resume
                0x0000000000025fbc                ___Unwind_Resume_or_Rethrow
                0x0000000000025fbc                _Unwind_Resume_or_Rethrow
                0x0000000000025fe0                _Unwind_ForcedUnwind
                0x0000000000025fe0                ___Unwind_ForcedUnwind
                0x0000000000026004                _Unwind_Backtrace
                0x0000000000026004                ___Unwind_Backtrace
 .text          0x0000000000026028      0x380 /Users/michaelmcadam/SDK/Nordic_nf52/gcc-arm-none-eabi-6.3.1/bin/../lib/gcc/arm-none-eabi/6.3.1/thumb/v7e-m/fpv4-sp/hard/libgcc.a(pr-support.o)
                0x0000000000026080                __gnu_unwind_execute
                0x0000000000026350                __gnu_unwind_frame
                0x0000000000026378                _Unwind_GetRegionStart
                0x0000000000026384                _Unwind_GetLanguageSpecificData
                0x0000000000026398                _Unwind_GetTextRelBase
                0x00000000000263a0                _Unwind_GetDataRelBase
 .text          0x00000000000263a8        0x4 /Users/michaelmcadam/SDK/Nordic_nf52/gcc-arm-none-eabi-6.3.1/bin/../lib/gcc/arm-none-eabi/6.3.1/thumb/v7e-m/fpv4-sp/hard/libgcc.a(_dvmd_tls.o)
                0x00000000000263a8                __aeabi_ldiv0
                0x00000000000263a8                __aeabi_idiv0
 .text.abort    0x00000000000263ac        0xe /Users/michaelmcadam/SDK/Nordic_nf52/gcc-arm-none-eabi-6.3.1/bin/../lib/gcc/arm-none-eabi/6.3.1/../../../../arm-none-eabi/lib/thumb/v7e-m/fpv4-sp/hard/libc_nano.a(lib_a-abort.o)
                0x00000000000263ac                abort
 .text.memcpy   0x00000000000263ba       0x16 /Users/michaelmcadam/SDK/Nordic_nf52/gcc-arm-none-eabi-6.3.1/bin/../lib/gcc/arm-none-eabi/6.3.1/../../../../arm-none-eabi/lib/thumb/v7e-m/fpv4-sp/hard/libc_nano.a(lib_a-memcpy-stub.o)
                0x00000000000263ba                memcpy
 .text._raise_r
                0x00000000000263d0       0x50 /Users/michaelmcadam/SDK/Nordic_nf52/gcc-arm-none-eabi-6.3.1/bin/../lib/gcc/arm-none-eabi/6.3.1/../../../../arm-none-eabi/lib/thumb/v7e-m/fpv4-sp/hard/libc_nano.a(lib_a-signal.o)
                0x00000000000263d0                _raise_r
 .text.raise    0x0000000000026420       0x10 /Users/michaelmcadam/SDK/Nordic_nf52/gcc-arm-none-eabi-6.3.1/bin/../lib/gcc/arm-none-eabi/6.3.1/../../../../arm-none-eabi/lib/thumb/v7e-m/fpv4-sp/hard/libc_nano.a(lib_a-signal.o)
                0x0000000000026420                raise
 .text._kill_r  0x0000000000026430       0x24 /Users/michaelmcadam/SDK/Nordic_nf52/gcc-arm-none-eabi-6.3.1/bin/../lib/gcc/arm-none-eabi/6.3.1/../../../../arm-none-eabi/lib/thumb/v7e-m/fpv4-sp/hard/libc_nano.a(lib_a-signalr.o)
                0x0000000000026430                _kill_r
 .text._getpid_r
                0x0000000000026454        0x4 /Users/michaelmcadam/SDK/Nordic_nf52/gcc-arm-none-eabi-6.3.1/bin/../lib/gcc/arm-none-eabi/6.3.1/../../../../arm-none-eabi/lib/thumb/v7e-m/fpv4-sp/hard/libc_nano.a(lib_a-signalr.o)
                0x0000000000026454                _getpid_r
 .text          0x0000000000026458       0x10 /Users/michaelmcadam/SDK/Nordic_nf52/gcc-arm-none-eabi-6.3.1/bin/../lib/gcc/arm-none-eabi/6.3.1/../../../../arm-none-eabi/lib/thumb/v7e-m/fpv4-sp/hard/libc_nano.a(lib_a-strlen.o)
                0x0000000000026458                strlen
 .text._vsprintf_r
                0x0000000000026468       0x30 /Users/michaelmcadam/SDK/Nordic_nf52/gcc-arm-none-eabi-6.3.1/bin/../lib/gcc/arm-none-eabi/6.3.1/../../../../arm-none-eabi/lib/thumb/v7e-m/fpv4-sp/hard/libc_nano.a(lib_a-vsprintf.o)
                0x0000000000026468                _vsiprintf_r
                0x0000000000026468                _vsprintf_r
 .text.vsprintf
                0x0000000000026498       0x14 /Users/michaelmcadam/SDK/Nordic_nf52/gcc-arm-none-eabi-6.3.1/bin/../lib/gcc/arm-none-eabi/6.3.1/../../../../arm-none-eabi/lib/thumb/v7e-m/fpv4-sp/hard/libc_nano.a(lib_a-vsprintf.o)
                0x0000000000026498                vsprintf
                0x0000000000026498                vsiprintf
 .text._malloc_r
                0x00000000000264ac       0xbc /Users/michaelmcadam/SDK/Nordic_nf52/gcc-arm-none-eabi-6.3.1/bin/../lib/gcc/arm-none-eabi/6.3.1/../../../../arm-none-eabi/lib/thumb/v7e-m/fpv4-sp/hard/libc_nano.a(lib_a-nano-mallocr.o)
                0x00000000000264ac                _malloc_r
 .text.__ssputs_r
                0x0000000000026568       0xb6 /Users/michaelmcadam/SDK/Nordic_nf52/gcc-arm-none-eabi-6.3.1/bin/../lib/gcc/arm-none-eabi/6.3.1/../../../../arm-none-eabi/lib/thumb/v7e-m/fpv4-sp/hard/libc_nano.a(lib_a-nano-svfprintf.o)
                0x0000000000026568                __ssputs_r
 *fill*         0x000000000002661e        0x2 
 .text._svfprintf_r
                0x0000000000026620      0x1e8 /Users/michaelmcadam/SDK/Nordic_nf52/gcc-arm-none-eabi-6.3.1/bin/../lib/gcc/arm-none-eabi/6.3.1/../../../../arm-none-eabi/lib/thumb/v7e-m/fpv4-sp/hard/libc_nano.a(lib_a-nano-svfprintf.o)
                0x0000000000026620                _svfprintf_r
                0x0000000000026620                _svfiprintf_r
 .text._printf_common
                0x0000000000026808       0xec /Users/michaelmcadam/SDK/Nordic_nf52/gcc-arm-none-eabi-6.3.1/bin/../lib/gcc/arm-none-eabi/6.3.1/../../../../arm-none-eabi/lib/thumb/v7e-m/fpv4-sp/hard/libc_nano.a(lib_a-nano-vfprintf_i.o)
                0x0000000000026808                _printf_common
 .text._printf_i
                0x00000000000268f4      0x240 /Users/michaelmcadam/SDK/Nordic_nf52/gcc-arm-none-eabi-6.3.1/bin/../lib/gcc/arm-none-eabi/6.3.1/../../../../arm-none-eabi/lib/thumb/v7e-m/fpv4-sp/hard/libc_nano.a(lib_a-nano-vfprintf_i.o)
                0x00000000000268f4                _printf_i
 .text._sbrk_r  0x0000000000026b34       0x20 /Users/michaelmcadam/SDK/Nordic_nf52/gcc-arm-none-eabi-6.3.1/bin/../lib/gcc/arm-none-eabi/6.3.1/../../../../arm-none-eabi/lib/thumb/v7e-m/fpv4-sp/hard/libc_nano.a(lib_a-sbrkr.o)
                0x0000000000026b34                _sbrk_r
 *fill*         0x0000000000026b54        0xc 
 .text          0x0000000000026b60       0xa0 /Users/michaelmcadam/SDK/Nordic_nf52/gcc-arm-none-eabi-6.3.1/bin/../lib/gcc/arm-none-eabi/6.3.1/../../../../arm-none-eabi/lib/thumb/v7e-m/fpv4-sp/hard/libc_nano.a(lib_a-memchr.o)
                0x0000000000026b60                memchr
 .text.memmove  0x0000000000026c00       0x34 /Users/michaelmcadam/SDK/Nordic_nf52/gcc-arm-none-eabi-6.3.1/bin/../lib/gcc/arm-none-eabi/6.3.1/../../../../arm-none-eabi/lib/thumb/v7e-m/fpv4-sp/hard/libc_nano.a(lib_a-memmove.o)
                0x0000000000026c00                memmove
 .text.__malloc_lock
                0x0000000000026c34        0x2 /Users/michaelmcadam/SDK/Nordic_nf52/gcc-arm-none-eabi-6.3.1/bin/../lib/gcc/arm-none-eabi/6.3.1/../../../../arm-none-eabi/lib/thumb/v7e-m/fpv4-sp/hard/libc_nano.a(lib_a-mlock.o)
                0x0000000000026c34                __malloc_lock
 .text.__malloc_unlock
                0x0000000000026c36        0x2 /Users/michaelmcadam/SDK/Nordic_nf52/gcc-arm-none-eabi-6.3.1/bin/../lib/gcc/arm-none-eabi/6.3.1/../../../../arm-none-eabi/lib/thumb/v7e-m/fpv4-sp/hard/libc_nano.a(lib_a-mlock.o)
                0x0000000000026c36                __malloc_unlock
 .text._free_r  0x0000000000026c38       0x9c /Users/michaelmcadam/SDK/Nordic_nf52/gcc-arm-none-eabi-6.3.1/bin/../lib/gcc/arm-none-eabi/6.3.1/../../../../arm-none-eabi/lib/thumb/v7e-m/fpv4-sp/hard/libc_nano.a(lib_a-nano-freer.o)
                0x0000000000026c38                _free_r
 .text._realloc_r
                0x0000000000026cd4       0x4c /Users/michaelmcadam/SDK/Nordic_nf52/gcc-arm-none-eabi-6.3.1/bin/../lib/gcc/arm-none-eabi/6.3.1/../../../../arm-none-eabi/lib/thumb/v7e-m/fpv4-sp/hard/libc_nano.a(lib_a-nano-reallocr.o)
                0x0000000000026cd4                _realloc_r
 .text._malloc_usable_size_r
                0x0000000000026d20       0x12 /Users/michaelmcadam/SDK/Nordic_nf52/gcc-arm-none-eabi-6.3.1/bin/../lib/gcc/arm-none-eabi/6.3.1/../../../../arm-none-eabi/lib/thumb/v7e-m/fpv4-sp/hard/libc_nano.a(lib_a-nano-msizer.o)
                0x0000000000026d20                _malloc_usable_size_r
 *fill*         0x0000000000026d32        0x2 
 .text._getpid  0x0000000000026d34       0x10 /Users/michaelmcadam/SDK/Nordic_nf52/gcc-arm-none-eabi-6.3.1/bin/../lib/gcc/arm-none-eabi/6.3.1/../../../../arm-none-eabi/lib/thumb/v7e-m/fpv4-sp/hard/libnosys.a(getpid.o)
                0x0000000000026d34                _getpid
 .text._kill    0x0000000000026d44       0x10 /Users/michaelmcadam/SDK/Nordic_nf52/gcc-arm-none-eabi-6.3.1/bin/../lib/gcc/arm-none-eabi/6.3.1/../../../../arm-none-eabi/lib/thumb/v7e-m/fpv4-sp/hard/libnosys.a(kill.o)
                0x0000000000026d44                _kill
 .text._sbrk    0x0000000000026d54       0x1c /Users/michaelmcadam/SDK/Nordic_nf52/gcc-arm-none-eabi-6.3.1/bin/../lib/gcc/arm-none-eabi/6.3.1/../../../../arm-none-eabi/lib/thumb/v7e-m/fpv4-sp/hard/libnosys.a(sbrk.o)
                0x0000000000026d54                _sbrk
 *(.init)
 .init          0x0000000000026d70        0x4 /Users/michaelmcadam/SDK/Nordic_nf52/gcc-arm-none-eabi-6.3.1/bin/../lib/gcc/arm-none-eabi/6.3.1/thumb/v7e-m/fpv4-sp/hard/crti.o
                0x0000000000026d70                _init
 .init          0x0000000000026d74        0x8 /Users/michaelmcadam/SDK/Nordic_nf52/gcc-arm-none-eabi-6.3.1/bin/../lib/gcc/arm-none-eabi/6.3.1/thumb/v7e-m/fpv4-sp/hard/crtn.o
 *(.fini)
 .fini          0x0000000000026d7c        0x4 /Users/michaelmcadam/SDK/Nordic_nf52/gcc-arm-none-eabi-6.3.1/bin/../lib/gcc/arm-none-eabi/6.3.1/thumb/v7e-m/fpv4-sp/hard/crti.o
                0x0000000000026d7c                _fini
 .fini          0x0000000000026d80        0x8 /Users/michaelmcadam/SDK/Nordic_nf52/gcc-arm-none-eabi-6.3.1/bin/../lib/gcc/arm-none-eabi/6.3.1/thumb/v7e-m/fpv4-sp/hard/crtn.o
 *crtbegin.o(.ctors)
 *crtbegin?.o(.ctors)
 *(EXCLUDE_FILE(*crtend.o *crtend?.o) .ctors)
 *(SORT(.ctors.*))
 *(.ctors)
 *crtbegin.o(.dtors)
 *crtbegin?.o(.dtors)
 *(EXCLUDE_FILE(*crtend.o *crtend?.o) .dtors)
 *(SORT(.dtors.*))
 *(.dtors)
 *(.rodata*)
 .rodata._global_impure_ptr
                0x0000000000026d88        0x4 /Users/michaelmcadam/SDK/Nordic_nf52/gcc-arm-none-eabi-6.3.1/bin/../lib/gcc/arm-none-eabi/6.3.1/../../../../arm-none-eabi/lib/thumb/v7e-m/fpv4-sp/hard/libc_nano.a(lib_a-impure.o)
                0x0000000000026d88                _global_impure_ptr
 .rodata        0x0000000000026d8c       0x20 _build/nrf52832_xxaa_nrf_log_backend_serial.c.o
 .rodata.nrf_log_frontend_std_0.str1.4
                0x0000000000026dac        0xb _build/nrf52832_xxaa_nrf_log_frontend.c.o
 *fill*         0x0000000000026db7        0x1 
 .rodata.app_error_fault_handler.str1.4
                0x0000000000026db8       0x29 _build/nrf52832_xxaa_app_error_weak.c.o
 *fill*         0x0000000000026de1        0x3 
 .rodata.m_fds_tl_dirty
                0x0000000000026de4        0x4 _build/nrf52832_xxaa_fds.c.o
 .rodata.page_tag_data.8625
                0x0000000000026de8        0x8 _build/nrf52832_xxaa_fds.c.o
 .rodata.page_tag_swap.8621
                0x0000000000026df0        0x8 _build/nrf52832_xxaa_fds.c.o
 .rodata        0x0000000000026df8       0x20 _build/nrf52832_xxaa_app_uart_fifo.c.o
 .rodata.m_conn_params_timer_id
                0x0000000000026e18        0x4 _build/nrf52832_xxaa_ble_conn_params.c.o
 .rodata.nrf_ble_gatt_on_ble_evt.str1.4
                0x0000000000026e1c      0x185 _build/nrf52832_xxaa_nrf_ble_gatt.c.o
 *fill*         0x0000000000026fa1        0x3 
 .rodata.softdevice_enable.str1.4
                0x0000000000026fa4       0xa5 _build/nrf52832_xxaa_softdevice_handler.c.o
 *fill*         0x0000000000027049        0x3 
 .rodata.m_default_config
                0x000000000002704c        0x4 _build/nrf52832_xxaa_nrf_drv_saadc.c.o
 .rodata        0x0000000000027050       0x18 _build/nrf52832_xxaa_uart_interface.cpp.o
 .rodata._ZN12StateMachine13error_handlerEv.str1.4
                0x0000000000027068       0x58 _build/nrf52832_xxaa_state_machine.cpp.o
 .rodata._ZZN12StateMachine13error_handlerEvE8__func__
                0x00000000000270c0        0xe _build/nrf52832_xxaa_state_machine.cpp.o
 *fill*         0x00000000000270ce        0x2 
 .rodata        0x00000000000270d0       0x10 _build/nrf52832_xxaa_ble_manager.cpp.o
 .rodata._ZN11BLE_Manager12checkServiceEv.str1.4
                0x00000000000270e0       0x47 _build/nrf52832_xxaa_ble_manager.cpp.o
 *fill*         0x0000000000027127        0x1 
 .rodata._ZN11BLE_Manager16createBLEServiceEv.str1.4
                0x0000000000027128       0x25 _build/nrf52832_xxaa_ble_manager.cpp.o
 *fill*         0x000000000002714d        0x3 
 .rodata._ZN11BLE_Manager9checkCharEv.str1.4
                0x0000000000027150       0x20 _build/nrf52832_xxaa_ble_manager.cpp.o
 .rodata._ZZN11BLE_Manager12checkServiceEvE8__func__
                0x0000000000027170        0xd _build/nrf52832_xxaa_ble_manager.cpp.o
 *fill*         0x000000000002717d        0x3 
 .rodata._ZZN11BLE_Manager16createBLEServiceEvE8__func__
                0x0000000000027180       0x11 _build/nrf52832_xxaa_ble_manager.cpp.o
 *fill*         0x0000000000027191        0x3 
 .rodata._ZZN11BLE_Manager9checkCharEvE8__func__
                0x0000000000027194        0xa _build/nrf52832_xxaa_ble_manager.cpp.o
 *fill*         0x000000000002719e        0x2 
 .rodata        0x00000000000271a0        0x4 _build/nrf52832_xxaa_ble_interface.cpp.o
 .rodata._ZN3BLE10on_ble_evtEP9ble_evt_t.str1.4
                0x00000000000271a4       0xa7 _build/nrf52832_xxaa_ble_interface.cpp.o
 *fill*         0x000000000002724b        0x1 
 .rodata._ZN3BLE15gap_params_initEv.str1.4
                0x000000000002724c        0x9 _build/nrf52832_xxaa_ble_interface.cpp.o
 *fill*         0x0000000000027255        0x3 
 .rodata._ZZN3BLE10on_ble_evtEP9ble_evt_tE8__func__
                0x0000000000027258        0xb _build/nrf52832_xxaa_ble_interface.cpp.o
 *fill*         0x0000000000027263        0x1 
 .rodata._ZN14Characteristic15attachToServiceEt.str1.4
                0x0000000000027264       0x5e _build/nrf52832_xxaa_ble_characteristic.cpp.o
 *fill*         0x00000000000272c2        0x2 
 .rodata._ZN14Characteristic6notifyEPhPt.str1.4
                0x00000000000272c4       0x47 _build/nrf52832_xxaa_ble_characteristic.cpp.o
 *fill*         0x000000000002730b        0x1 
 .rodata._ZN14Characteristic6updateEPht.str1.4
                0x000000000002730c       0x3a _build/nrf52832_xxaa_ble_characteristic.cpp.o
 *fill*         0x0000000000027346        0x2 
 .rodata._ZZN14Characteristic15attachToServiceEtE8__func__
                0x0000000000027348       0x10 _build/nrf52832_xxaa_ble_characteristic.cpp.o
 .rodata._ZZN14Characteristic6notifyEPhPtE8__func__
                0x0000000000027358        0x7 _build/nrf52832_xxaa_ble_characteristic.cpp.o
 *fill*         0x000000000002735f        0x1 
 .rodata._ZZN14Characteristic6updateEPhtE8__func__
                0x0000000000027360        0x7 _build/nrf52832_xxaa_ble_characteristic.cpp.o
 *fill*         0x0000000000027367        0x1 
 .rodata._ZN9TrapEvent9printDataEv.str1.4
                0x0000000000027368       0x59 _build/nrf52832_xxaa_trap_event.cpp.o
                                         0x5d (size before relaxing)
 *fill*         0x00000000000273c1        0x3 
 .rodata._Z16highLimitHandlerv.str1.4
                0x00000000000273c4        0x2 _build/nrf52832_xxaa_main.cpp.o
 *fill*         0x00000000000273c6        0x2 
 .rodata._Z19readEventTransitionv.str1.4
                0x00000000000273c8        0x2 _build/nrf52832_xxaa_main.cpp.o
 *fill*         0x00000000000273ca        0x2 
 .rodata._ZZ4mainE8__func__
                0x00000000000273cc        0x5 _build/nrf52832_xxaa_main.cpp.o
 *fill*         0x00000000000273d1        0x3 
 .rodata.main.str1.4
                0x00000000000273d4       0x30 _build/nrf52832_xxaa_main.cpp.o
                                         0x2f (size before relaxing)
 .rodata._svfprintf_r.str1.1
                0x0000000000027404       0x11 /Users/michaelmcadam/SDK/Nordic_nf52/gcc-arm-none-eabi-6.3.1/bin/../lib/gcc/arm-none-eabi/6.3.1/../../../../arm-none-eabi/lib/thumb/v7e-m/fpv4-sp/hard/libc_nano.a(lib_a-nano-svfprintf.o)
 .rodata._printf_i.str1.1
                0x0000000000027415       0x22 /Users/michaelmcadam/SDK/Nordic_nf52/gcc-arm-none-eabi-6.3.1/bin/../lib/gcc/arm-none-eabi/6.3.1/../../../../arm-none-eabi/lib/thumb/v7e-m/fpv4-sp/hard/libc_nano.a(lib_a-nano-vfprintf_i.o)
 *(.eh_frame*)
 *fill*         0x0000000000027437        0x1 
 .eh_frame      0x0000000000027438        0x0 /Users/michaelmcadam/SDK/Nordic_nf52/gcc-arm-none-eabi-6.3.1/bin/../lib/gcc/arm-none-eabi/6.3.1/thumb/v7e-m/fpv4-sp/hard/crtbegin.o
 .eh_frame      0x0000000000027438        0x4 /Users/michaelmcadam/SDK/Nordic_nf52/gcc-arm-none-eabi-6.3.1/bin/../lib/gcc/arm-none-eabi/6.3.1/thumb/v7e-m/fpv4-sp/hard/crtend.o

.glue_7         0x000000000002743c        0x0
 .glue_7        0x000000000002743c        0x0 linker stubs

.glue_7t        0x000000000002743c        0x0
 .glue_7t       0x000000000002743c        0x0 linker stubs

.vfp11_veneer   0x000000000002743c        0x0
 .vfp11_veneer  0x000000000002743c        0x0 linker stubs

.v4_bx          0x000000000002743c        0x0
 .v4_bx         0x000000000002743c        0x0 linker stubs

.iplt           0x000000000002743c        0x0
 .iplt          0x000000000002743c        0x0 /Users/michaelmcadam/SDK/Nordic_nf52/gcc-arm-none-eabi-6.3.1/bin/../lib/gcc/arm-none-eabi/6.3.1/thumb/v7e-m/fpv4-sp/hard/crtbegin.o

.pwr_mgmt_data  0x000000000002743c        0x0
                [!provide]                        PROVIDE (__start_pwr_mgmt_data, .)
 *(SORT(.pwr_mgmt_data*))
                [!provide]                        PROVIDE (__stop_pwr_mgmt_data, .)

.ARM.extab      0x000000000002743c       0x6c
 *(.ARM.extab* .gnu.linkonce.armextab.*)
 .ARM.extab.text._ZN4UART5writeEPKcz
                0x000000000002743c        0xc _build/nrf52832_xxaa_uart_interface.cpp.o
 .ARM.extab.text._ZN11BLE_Manager25createDetectorDataServiceEv
                0x0000000000027448        0xc _build/nrf52832_xxaa_ble_manager.cpp.o
 .ARM.extab.text._ZN11BLE_Manager23createDeviceInfoServiceEv
                0x0000000000027454        0xc _build/nrf52832_xxaa_ble_manager.cpp.o
 .ARM.extab.text._Z15lowLimitHandlerv
                0x0000000000027460        0xc _build/nrf52832_xxaa_main.cpp.o
 .ARM.extab.text._Z16highLimitHandlerv
                0x000000000002746c        0xc _build/nrf52832_xxaa_main.cpp.o
 .ARM.extab.text._Z22processEventTransitionv
                0x0000000000027478        0xc _build/nrf52832_xxaa_main.cpp.o
 .ARM.extab.text._Z19readEventTransitionv
                0x0000000000027484        0xc _build/nrf52832_xxaa_main.cpp.o
 .ARM.extab     0x0000000000027490       0x18 /Users/michaelmcadam/SDK/Nordic_nf52/gcc-arm-none-eabi-6.3.1/bin/../lib/gcc/arm-none-eabi/6.3.1/thumb/v7e-m/fpv4-sp/hard/libgcc.a(pr-support.o)
                0x00000000000274a8                __exidx_start = .

.ARM.exidx      0x00000000000274a8      0x230
 *(.ARM.exidx* .gnu.linkonce.armexidx.*)
 .ARM.exidx     0x00000000000274a8        0x8 /Users/michaelmcadam/SDK/Nordic_nf52/gcc-arm-none-eabi-6.3.1/bin/../lib/gcc/arm-none-eabi/6.3.1/../../../../arm-none-eabi/lib/thumb/v7e-m/fpv4-sp/hard/crt0.o
 .ARM.exidx.text._Z17uart_error_handleP14app_uart_evt_t
                0x00000000000274b0        0x0 _build/nrf52832_xxaa_uart_interface.cpp.o
                                          0x8 (size before relaxing)
 .ARM.exidx.text._ZN4UART4initEv
                0x00000000000274b0        0x8 _build/nrf52832_xxaa_uart_interface.cpp.o
 .ARM.exidx.text._ZN4UART5writeEPKcz
                0x00000000000274b8        0x8 _build/nrf52832_xxaa_uart_interface.cpp.o
 .ARM.exidx.text._ZN4GPIO4initEv
                0x00000000000274c0        0x8 _build/nrf52832_xxaa_gpio_interface.cpp.o
 .ARM.exidx.text._ZN4GPIO9setOutputEmm
                0x00000000000274c8        0x0 _build/nrf52832_xxaa_gpio_interface.cpp.o
                                          0x8 (size before relaxing)
 .ARM.exidx.text._ZN4GPIO6toggleEm
                0x00000000000274c8        0x0 _build/nrf52832_xxaa_gpio_interface.cpp.o
                                          0x8 (size before relaxing)
 .ARM.exidx.text._ZN3ADC14saadc_callbackEPK19nrf_drv_saadc_evt_t
                0x00000000000274c8        0x8 _build/nrf52832_xxaa_adc_interface.cpp.o
 .ARM.exidx.text._ZN3ADCC2Ev
                0x00000000000274d0        0x8 _build/nrf52832_xxaa_adc_interface.cpp.o
 .ARM.exidx.text._ZN3ADC9attachADCE11adc_input_t
                0x00000000000274d8        0x8 _build/nrf52832_xxaa_adc_interface.cpp.o
 .ARM.exidx.text._ZN3ADC8setLimitEttPFvvE
                0x00000000000274e0        0x8 _build/nrf52832_xxaa_adc_interface.cpp.o
 .ARM.exidx.text._ZN3ADC10clearLimitEv
                0x00000000000274e8        0x8 _build/nrf52832_xxaa_adc_interface.cpp.o
 .ARM.exidx.text._ZN3ADC5startEv
                0x00000000000274f0        0x8 _build/nrf52832_xxaa_adc_interface.cpp.o
 .ARM.exidx.text._ZN3ADC6sampleEv
                0x00000000000274f8        0x8 _build/nrf52832_xxaa_adc_interface.cpp.o
 .ARM.exidx.text._ZN5Timer20initialisePeripheralEv
                0x0000000000027500        0x8 _build/nrf52832_xxaa_timer_interface.cpp.o
 .ARM.exidx.text._ZN5Timer8getTicksEv
                0x0000000000027508        0x8 _build/nrf52832_xxaa_timer_interface.cpp.o
 .ARM.exidx.text._ZN5Timer7getDiffEmm
                0x0000000000027510        0x0 _build/nrf52832_xxaa_timer_interface.cpp.o
                                          0x8 (size before relaxing)
 .ARM.exidx.text._ZN5TimerC2Ev
                0x0000000000027510        0x0 _build/nrf52832_xxaa_timer_interface.cpp.o
                                          0x8 (size before relaxing)
 .ARM.exidx.text._ZN5Timer10startTimerEmPFvPvE
                0x0000000000027510        0x8 _build/nrf52832_xxaa_timer_interface.cpp.o
 .ARM.exidx.text._ZN5Timer12getFrequencyEv
                0x0000000000027518        0x8 _build/nrf52832_xxaa_timer_interface.cpp.o
 .ARM.exidx.text._ZN12StateMachine13error_handlerEv
                0x0000000000027520        0x0 _build/nrf52832_xxaa_state_machine.cpp.o
                                          0x8 (size before relaxing)
 .ARM.exidx.text._ZN12StateMachineC2E7state_e
                0x0000000000027520        0x0 _build/nrf52832_xxaa_state_machine.cpp.o
                                          0x8 (size before relaxing)
 .ARM.exidx.text._ZN12StateMachine18registerTransitionE7state_eS0_7event_ePFvvE
                0x0000000000027520        0x0 _build/nrf52832_xxaa_state_machine.cpp.o
                                          0x8 (size before relaxing)
 .ARM.exidx.text._ZN12StateMachine10transitionE7event_e
                0x0000000000027520        0x8 _build/nrf52832_xxaa_state_machine.cpp.o
 .ARM.exidx.text._ZN11BLE_Manager25createDetectorDataServiceEv
                0x0000000000027528        0x8 _build/nrf52832_xxaa_ble_manager.cpp.o
 .ARM.exidx.text._ZN11BLE_Manager23createDeviceInfoServiceEv
                0x0000000000027530        0x8 _build/nrf52832_xxaa_ble_manager.cpp.o
 .ARM.exidx.text._ZN11BLE_Manager17setCharacteristicEhhPht
                0x0000000000027538        0x8 _build/nrf52832_xxaa_ble_manager.cpp.o
 .ARM.exidx.text._ZN11BLE_Manager12checkServiceEv
                0x0000000000027540        0x8 _build/nrf52832_xxaa_ble_manager.cpp.o
 .ARM.exidx.text._ZN11BLE_Manager9checkCharEv
                0x0000000000027548        0x0 _build/nrf52832_xxaa_ble_manager.cpp.o
                                          0x8 (size before relaxing)
 .ARM.exidx.text._ZN11BLE_Manager16createBLEServiceEv
                0x0000000000027548        0x8 _build/nrf52832_xxaa_ble_manager.cpp.o
 .ARM.exidx.text._ZN11BLE_Manager7managerEv
                0x0000000000027550        0x8 _build/nrf52832_xxaa_ble_manager.cpp.o
 .ARM.exidx.text.sd_ble_gap_disconnect
                0x0000000000027558        0x0 _build/nrf52832_xxaa_ble_interface.cpp.o
                                          0x8 (size before relaxing)
 .ARM.exidx.text.sd_ble_gap_ppcp_set
                0x0000000000027558        0x0 _build/nrf52832_xxaa_ble_interface.cpp.o
                                          0x8 (size before relaxing)
 .ARM.exidx.text.sd_ble_gap_sec_params_reply
                0x0000000000027558        0x0 _build/nrf52832_xxaa_ble_interface.cpp.o
                                          0x8 (size before relaxing)
 .ARM.exidx.text.sd_ble_gatts_rw_authorize_reply
                0x0000000000027558        0x0 _build/nrf52832_xxaa_ble_interface.cpp.o
                                          0x8 (size before relaxing)
 .ARM.exidx.text.sd_ble_gatts_sys_attr_set
                0x0000000000027558        0x0 _build/nrf52832_xxaa_ble_interface.cpp.o
                                          0x8 (size before relaxing)
 .ARM.exidx.text.sd_ble_cfg_set
                0x0000000000027558        0x0 _build/nrf52832_xxaa_ble_interface.cpp.o
                                          0x8 (size before relaxing)
 .ARM.exidx.text.sd_ble_user_mem_reply
                0x0000000000027558        0x0 _build/nrf52832_xxaa_ble_interface.cpp.o
                                          0x8 (size before relaxing)
 .ARM.exidx.text._ZN3BLE25conn_params_error_handlerEm
                0x0000000000027558        0x0 _build/nrf52832_xxaa_ble_interface.cpp.o
                                          0x8 (size before relaxing)
 .ARM.exidx.text._ZN3BLE18on_conn_params_evtEP21ble_conn_params_evt_t
                0x0000000000027558        0x0 _build/nrf52832_xxaa_ble_interface.cpp.o
                                          0x8 (size before relaxing)
 .ARM.exidx.text._ZN3BLE10addServiceEP7Serviceh
                0x0000000000027558        0x0 _build/nrf52832_xxaa_ble_interface.cpp.o
                                          0x8 (size before relaxing)
 .ARM.exidx.text._ZN3BLE10getServiceEh
                0x0000000000027558        0x0 _build/nrf52832_xxaa_ble_interface.cpp.o
                                          0x8 (size before relaxing)
 .ARM.exidx.text._ZN3BLE11isConnectedEv
                0x0000000000027558        0x0 _build/nrf52832_xxaa_ble_interface.cpp.o
                                          0x8 (size before relaxing)
 .ARM.exidx.text._ZN3BLE10on_ble_evtEP9ble_evt_t
                0x0000000000027558        0x8 _build/nrf52832_xxaa_ble_interface.cpp.o
 .ARM.exidx.text._ZN3BLE16ble_evt_dispatchEP9ble_evt_t
                0x0000000000027560        0x8 _build/nrf52832_xxaa_ble_interface.cpp.o
 .ARM.exidx.text._ZN3BLE4initEv
                0x0000000000027568        0x8 _build/nrf52832_xxaa_ble_interface.cpp.o
 .ARM.exidx.text.startup._GLOBAL__sub_I__ZN3BLE3advE
                0x0000000000027570        0x8 _build/nrf52832_xxaa_ble_interface.cpp.o
 .ARM.exidx.text.sd_ble_gatts_service_add
                0x0000000000027578        0x0 _build/nrf52832_xxaa_ble_service.cpp.o
                                          0x8 (size before relaxing)
 .ARM.exidx.text.sd_ble_uuid_vs_add
                0x0000000000027578        0x0 _build/nrf52832_xxaa_ble_service.cpp.o
                                          0x8 (size before relaxing)
 .ARM.exidx.text._ZN7ServiceC2Ev
                0x0000000000027578        0x8 _build/nrf52832_xxaa_ble_service.cpp.o
 .ARM.exidx.text._ZN7Service12eventHandlerEP9ble_evt_t
                0x0000000000027580        0x8 _build/nrf52832_xxaa_ble_service.cpp.o
 .ARM.exidx.text._ZN7Service13attachServiceEv
                0x0000000000027588        0x8 _build/nrf52832_xxaa_ble_service.cpp.o
 .ARM.exidx.text._ZN7Service12createCustomEt13ble_uuid128_t
                0x0000000000027590        0x8 _build/nrf52832_xxaa_ble_service.cpp.o
 .ARM.exidx.text._ZN7Service9createSIGEt
                0x0000000000027598        0x0 _build/nrf52832_xxaa_ble_service.cpp.o
                                          0x8 (size before relaxing)
 .ARM.exidx.text._ZN7Service17addCharacteristicEP14Characteristich
                0x0000000000027598        0x8 _build/nrf52832_xxaa_ble_service.cpp.o
 .ARM.exidx.text._ZN7Service17getCharacteristicEh
                0x00000000000275a0        0x8 _build/nrf52832_xxaa_ble_service.cpp.o
 .ARM.exidx.text.sd_ble_gatts_characteristic_add
                0x00000000000275a8        0x0 _build/nrf52832_xxaa_ble_characteristic.cpp.o
                                          0x8 (size before relaxing)
 .ARM.exidx.text.sd_ble_gatts_value_set
                0x00000000000275a8        0x0 _build/nrf52832_xxaa_ble_characteristic.cpp.o
                                          0x8 (size before relaxing)
 .ARM.exidx.text.sd_ble_gatts_hvx
                0x00000000000275a8        0x0 _build/nrf52832_xxaa_ble_characteristic.cpp.o
                                          0x8 (size before relaxing)
 .ARM.exidx.text._ZN14CharacteristicC2Ev
                0x00000000000275a8        0x0 _build/nrf52832_xxaa_ble_characteristic.cpp.o
                                          0x8 (size before relaxing)
 .ARM.exidx.text._ZN14Characteristic7setUUIDEt
                0x00000000000275a8        0x0 _build/nrf52832_xxaa_ble_characteristic.cpp.o
                                          0x8 (size before relaxing)
 .ARM.exidx.text._ZN14Characteristic11setUUIDTypeEh
                0x00000000000275a8        0x0 _build/nrf52832_xxaa_ble_characteristic.cpp.o
                                          0x8 (size before relaxing)
 .ARM.exidx.text._ZN14Characteristic15attachToServiceEt
                0x00000000000275a8        0x0 _build/nrf52832_xxaa_ble_characteristic.cpp.o
                                          0x8 (size before relaxing)
 .ARM.exidx.text._ZN14Characteristic10enableReadEv
                0x00000000000275a8        0x0 _build/nrf52832_xxaa_ble_characteristic.cpp.o
                                          0x8 (size before relaxing)
 .ARM.exidx.text._ZN14Characteristic18enableNotificationEv
                0x00000000000275a8        0x0 _build/nrf52832_xxaa_ble_characteristic.cpp.o
                                          0x8 (size before relaxing)
 .ARM.exidx.text._ZN14Characteristic9initValueEPht
                0x00000000000275a8        0x0 _build/nrf52832_xxaa_ble_characteristic.cpp.o
                                          0x8 (size before relaxing)
 .ARM.exidx.text._ZN14Characteristic12setMaxLengthEt
                0x00000000000275a8        0x0 _build/nrf52832_xxaa_ble_characteristic.cpp.o
                                          0x8 (size before relaxing)
 .ARM.exidx.text._ZN14Characteristic6notifyEPhPt
                0x00000000000275a8        0x0 _build/nrf52832_xxaa_ble_characteristic.cpp.o
                                          0x8 (size before relaxing)
 .ARM.exidx.text._ZN14Characteristic6updateEPht
                0x00000000000275a8        0x8 _build/nrf52832_xxaa_ble_characteristic.cpp.o
 .ARM.exidx.text._ZN14Characteristic6isInitEv
                0x00000000000275b0        0x8 _build/nrf52832_xxaa_ble_characteristic.cpp.o
 .ARM.exidx.text._ZN14Characteristic13setConnHandleEt
                0x00000000000275b8        0x0 _build/nrf52832_xxaa_ble_characteristic.cpp.o
                                          0x8 (size before relaxing)
 .ARM.exidx.text.sd_ble_gap_adv_start
                0x00000000000275b8        0x0 _build/nrf52832_xxaa_ble_advertising.cpp.o
                                          0x8 (size before relaxing)
 .ARM.exidx.text.sd_ble_gap_device_name_set
                0x00000000000275b8        0x0 _build/nrf52832_xxaa_ble_advertising.cpp.o
                                          0x8 (size before relaxing)
 .ARM.exidx.text._ZN11AdvertisingC2Ev
                0x00000000000275b8        0x0 _build/nrf52832_xxaa_ble_advertising.cpp.o
                                          0x8 (size before relaxing)
 .ARM.exidx.text._ZN11Advertising5startEt
                0x00000000000275b8        0x0 _build/nrf52832_xxaa_ble_advertising.cpp.o
                                          0x8 (size before relaxing)
 .ARM.exidx.text._ZN11Advertising7setNameEPKc
                0x00000000000275b8        0x0 _build/nrf52832_xxaa_ble_advertising.cpp.o
                                          0x8 (size before relaxing)
 .ARM.exidx.text._ZN11Advertising13advertiseNameEv
                0x00000000000275b8        0x0 _build/nrf52832_xxaa_ble_advertising.cpp.o
                                          0x8 (size before relaxing)
 .ARM.exidx.text._ZN11Advertising13advertiseUUIDE10ble_uuid_t
                0x00000000000275b8        0x8 _build/nrf52832_xxaa_ble_advertising.cpp.o
 .ARM.exidx.text._ZN9TrapEventC2Ev
                0x00000000000275c0        0x8 _build/nrf52832_xxaa_trap_event.cpp.o
 .ARM.exidx.text._ZN9TrapEvent5clearEv
                0x00000000000275c8        0x0 _build/nrf52832_xxaa_trap_event.cpp.o
                                          0x8 (size before relaxing)
 .ARM.exidx.text._ZN9TrapEvent5startEv
                0x00000000000275c8        0x8 _build/nrf52832_xxaa_trap_event.cpp.o
 .ARM.exidx.text._ZN9TrapEvent3endEv
                0x00000000000275d0        0x0 _build/nrf52832_xxaa_trap_event.cpp.o
                                          0x8 (size before relaxing)
 .ARM.exidx.text._ZN9TrapEvent11processDataEv
                0x00000000000275d0        0x8 _build/nrf52832_xxaa_trap_event.cpp.o
 .ARM.exidx.text._ZN9TrapEvent9printDataEv
                0x00000000000275d8        0x8 _build/nrf52832_xxaa_trap_event.cpp.o
 .ARM.exidx.text._ZN9TrapEvent13getKillNumberEv
                0x00000000000275e0        0x8 _build/nrf52832_xxaa_trap_event.cpp.o
 .ARM.exidx.text._ZN9TrapEvent17getResponseLengthEv
                0x00000000000275e8        0x0 _build/nrf52832_xxaa_trap_event.cpp.o
                                          0x8 (size before relaxing)
 .ARM.exidx.text._ZN9TrapEvent12getPeakValueEv
                0x00000000000275e8        0x0 _build/nrf52832_xxaa_trap_event.cpp.o
                                          0x8 (size before relaxing)
 .ARM.exidx.text._ZN9TrapEvent15getResponseSizeEv
                0x00000000000275e8        0x0 _build/nrf52832_xxaa_trap_event.cpp.o
                                          0x8 (size before relaxing)
 .ARM.exidx.text._ZN9TrapEvent10getDidClipEv
                0x00000000000275e8        0x0 _build/nrf52832_xxaa_trap_event.cpp.o
                                          0x8 (size before relaxing)
 .ARM.exidx.text._ZN9TrapEvent12setTimeStampEm
                0x00000000000275e8        0x0 _build/nrf52832_xxaa_trap_event.cpp.o
                                          0x8 (size before relaxing)
 .ARM.exidx.text._ZN11CurrentTime13minuteHandlerEPv
                0x00000000000275e8        0x0 _build/nrf52832_xxaa_current_time.cpp.o
                                          0x8 (size before relaxing)
 .ARM.exidx.text._ZN11CurrentTime10startClockEv
                0x00000000000275e8        0x0 _build/nrf52832_xxaa_current_time.cpp.o
                                          0x8 (size before relaxing)
 .ARM.exidx.text._ZN11CurrentTime14getCurrentTimeEv
                0x00000000000275e8        0x0 _build/nrf52832_xxaa_current_time.cpp.o
                                          0x8 (size before relaxing)
 .ARM.exidx.text.startup._GLOBAL__sub_I__ZN11CurrentTime13timeInMinutesE
                0x00000000000275e8        0x0 _build/nrf52832_xxaa_current_time.cpp.o
                                          0x8 (size before relaxing)
 .ARM.exidx.text._Z10adcHandlerPv
                0x00000000000275e8        0x0 _build/nrf52832_xxaa_main.cpp.o
                                          0x8 (size before relaxing)
 .ARM.exidx.text._Z15lowLimitHandlerv
                0x00000000000275e8        0x8 _build/nrf52832_xxaa_main.cpp.o
 .ARM.exidx.text._Z16highLimitHandlerv
                0x00000000000275f0        0x8 _build/nrf52832_xxaa_main.cpp.o
 .ARM.exidx.text._Z22processEventTransitionv
                0x00000000000275f8        0x8 _build/nrf52832_xxaa_main.cpp.o
 .ARM.exidx.text._Z24triggeredEventTransitionv
                0x0000000000027600        0x8 _build/nrf52832_xxaa_main.cpp.o
 .ARM.exidx.text._Z19readEventTransitionv
                0x0000000000027608        0x8 _build/nrf52832_xxaa_main.cpp.o
 .ARM.exidx.text._Z21createTransitionTablev
                0x0000000000027610        0x8 _build/nrf52832_xxaa_main.cpp.o
 .ARM.exidx.text.startup.main
                0x0000000000027618        0x8 _build/nrf52832_xxaa_main.cpp.o
 .ARM.exidx.text.startup._GLOBAL__sub_I_curEvent
                0x0000000000027620        0x8 _build/nrf52832_xxaa_main.cpp.o
 .ARM.exidx     0x0000000000027628        0x0 /Users/michaelmcadam/SDK/Nordic_nf52/gcc-arm-none-eabi-6.3.1/bin/../lib/gcc/arm-none-eabi/6.3.1/thumb/v7e-m/fpv4-sp/hard/libgcc.a(_udivmoddi4.o)
                                          0x8 (size before relaxing)
 .ARM.exidx     0x0000000000027628       0x78 /Users/michaelmcadam/SDK/Nordic_nf52/gcc-arm-none-eabi-6.3.1/bin/../lib/gcc/arm-none-eabi/6.3.1/thumb/v7e-m/fpv4-sp/hard/libgcc.a(unwind-arm.o)
                                         0xd8 (size before relaxing)
 .ARM.exidx     0x00000000000276a0       0x38 /Users/michaelmcadam/SDK/Nordic_nf52/gcc-arm-none-eabi-6.3.1/bin/../lib/gcc/arm-none-eabi/6.3.1/thumb/v7e-m/fpv4-sp/hard/libgcc.a(pr-support.o)
                                         0x48 (size before relaxing)
                0x00000000000276d8                __exidx_end = .
                0x00000000000276d8                __etext = .

.rel.dyn        0x00000000000276d8        0x0
 .rel.iplt      0x00000000000276d8        0x0 /Users/michaelmcadam/SDK/Nordic_nf52/gcc-arm-none-eabi-6.3.1/bin/../lib/gcc/arm-none-eabi/6.3.1/thumb/v7e-m/fpv4-sp/hard/crtbegin.o

.data           0x0000000020002790       0x94 load address 0x00000000000276d8
                0x0000000020002790                __data_start__ = .
 *(vtable)
 *(.data*)
 .data._impure_ptr
                0x0000000020002790        0x4 /Users/michaelmcadam/SDK/Nordic_nf52/gcc-arm-none-eabi-6.3.1/bin/../lib/gcc/arm-none-eabi/6.3.1/../../../../arm-none-eabi/lib/thumb/v7e-m/fpv4-sp/hard/libc_nano.a(lib_a-impure.o)
                0x0000000020002790                _impure_ptr
 .data.impure_data
                0x0000000020002794       0x60 /Users/michaelmcadam/SDK/Nordic_nf52/gcc-arm-none-eabi-6.3.1/bin/../lib/gcc/arm-none-eabi/6.3.1/../../../../arm-none-eabi/lib/thumb/v7e-m/fpv4-sp/hard/libc_nano.a(lib_a-impure.o)
 .data.m_uart   0x00000000200027f4        0x8 _build/nrf52832_xxaa_nrf_log_backend_serial.c.o
 .data.app_uart_inst
                0x00000000200027fc        0x8 _build/nrf52832_xxaa_app_uart_fifo.c.o
 .data.SystemCoreClock
                0x0000000020002804        0x4 _build/nrf52832_xxaa_system_nrf52.c.o
                0x0000000020002804                SystemCoreClock
 .data._ZL13m_conn_handle
                0x0000000020002808        0x2 _build/nrf52832_xxaa_ble_interface.cpp.o
                0x000000002000280c                . = ALIGN (0x4)
 *fill*         0x000000002000280a        0x2 
                0x000000002000280c                PROVIDE (__preinit_array_start, .)
 *(.preinit_array)
                0x000000002000280c                PROVIDE (__preinit_array_end, .)
                0x000000002000280c                . = ALIGN (0x4)
                0x000000002000280c                PROVIDE (__init_array_start, .)
 *(SORT(.init_array.*))
 *(.init_array)
 .init_array    0x000000002000280c        0x4 /Users/michaelmcadam/SDK/Nordic_nf52/gcc-arm-none-eabi-6.3.1/bin/../lib/gcc/arm-none-eabi/6.3.1/thumb/v7e-m/fpv4-sp/hard/crtbegin.o
 .init_array    0x0000000020002810        0x4 _build/nrf52832_xxaa_ble_interface.cpp.o
 .init_array    0x0000000020002814        0x4 _build/nrf52832_xxaa_current_time.cpp.o
 .init_array    0x0000000020002818        0x4 _build/nrf52832_xxaa_main.cpp.o
                0x000000002000281c                PROVIDE (__init_array_end, .)
                0x000000002000281c                . = ALIGN (0x4)
                [!provide]                        PROVIDE (__fini_array_start, .)
 *(SORT(.fini_array.*))
 *(.fini_array)
 .fini_array    0x000000002000281c        0x4 /Users/michaelmcadam/SDK/Nordic_nf52/gcc-arm-none-eabi-6.3.1/bin/../lib/gcc/arm-none-eabi/6.3.1/thumb/v7e-m/fpv4-sp/hard/crtbegin.o
                [!provide]                        PROVIDE (__fini_array_end, .)
 *(.jcr*)
 .jcr           0x0000000020002820        0x0 /Users/michaelmcadam/SDK/Nordic_nf52/gcc-arm-none-eabi-6.3.1/bin/../lib/gcc/arm-none-eabi/6.3.1/thumb/v7e-m/fpv4-sp/hard/crtbegin.o
 .jcr           0x0000000020002820        0x4 /Users/michaelmcadam/SDK/Nordic_nf52/gcc-arm-none-eabi-6.3.1/bin/../lib/gcc/arm-none-eabi/6.3.1/thumb/v7e-m/fpv4-sp/hard/crtend.o
                0x0000000020002824                . = ALIGN (0x4)
                0x0000000020002824                __data_end__ = .
LOAD /Users/michaelmcadam/SDK/Nordic_nf52/gcc-arm-none-eabi-6.3.1/bin/../lib/gcc/arm-none-eabi/6.3.1/thumb/v7e-m/fpv4-sp/hard/crti.o
LOAD /Users/michaelmcadam/SDK/Nordic_nf52/gcc-arm-none-eabi-6.3.1/bin/../lib/gcc/arm-none-eabi/6.3.1/thumb/v7e-m/fpv4-sp/hard/crtbegin.o
LOAD /Users/michaelmcadam/SDK/Nordic_nf52/gcc-arm-none-eabi-6.3.1/bin/../lib/gcc/arm-none-eabi/6.3.1/../../../../arm-none-eabi/lib/thumb/v7e-m/fpv4-sp/hard/crt0.o
LOAD /Users/michaelmcadam/SDK/Nordic_nf52/gcc-arm-none-eabi-6.3.1/bin/../lib/gcc/arm-none-eabi/6.3.1/../../../../arm-none-eabi/lib/thumb/v7e-m/fpv4-sp/hard/libc_nano.a
LOAD /Users/michaelmcadam/SDK/Nordic_nf52/gcc-arm-none-eabi-6.3.1/bin/../lib/gcc/arm-none-eabi/6.3.1/../../../../arm-none-eabi/lib/thumb/v7e-m/fpv4-sp/hard/libnosys.a
LOAD _build/nrf52832_xxaa_nrf_log_backend_serial.c.o
LOAD _build/nrf52832_xxaa_nrf_log_frontend.c.o
LOAD _build/nrf52832_xxaa_app_button.c.o
LOAD _build/nrf52832_xxaa_app_error.c.o
LOAD _build/nrf52832_xxaa_app_error_weak.c.o
LOAD _build/nrf52832_xxaa_app_fifo.c.o
LOAD _build/nrf52832_xxaa_app_scheduler.c.o
LOAD _build/nrf52832_xxaa_app_timer.c.o
LOAD _build/nrf52832_xxaa_app_util_platform.c.o
LOAD _build/nrf52832_xxaa_crc16.c.o
LOAD _build/nrf52832_xxaa_fds.c.o
LOAD _build/nrf52832_xxaa_fstorage.c.o
LOAD _build/nrf52832_xxaa_hardfault_implementation.c.o
LOAD _build/nrf52832_xxaa_nrf_assert.c.o
LOAD _build/nrf52832_xxaa_nrf_strerror.c.o
LOAD _build/nrf52832_xxaa_retarget.c.o
LOAD _build/nrf52832_xxaa_sdk_mapped_flags.c.o
LOAD _build/nrf52832_xxaa_sensorsim.c.o
LOAD _build/nrf52832_xxaa_boards.c.o
LOAD _build/nrf52832_xxaa_nrf_drv_clock.c.o
LOAD _build/nrf52832_xxaa_nrf_drv_common.c.o
LOAD _build/nrf52832_xxaa_nrf_drv_gpiote.c.o
LOAD _build/nrf52832_xxaa_app_uart_fifo.c.o
LOAD _build/nrf52832_xxaa_nrf_drv_uart.c.o
LOAD _build/nrf52832_xxaa_nrf_drv_timer.c.o
LOAD _build/nrf52832_xxaa_nrf_drv_spi.c.o
LOAD _build/nrf52832_xxaa_nrf_drv_ppi.c.o
LOAD _build/nrf52832_xxaa_bsp.c.o
LOAD _build/nrf52832_xxaa_bsp_btn_ble.c.o
LOAD _build/nrf52832_xxaa_bsp_nfc.c.o
LOAD _build/nrf52832_xxaa_RTT_Syscalls_GCC.c.o
LOAD _build/nrf52832_xxaa_SEGGER_RTT.c.o
LOAD _build/nrf52832_xxaa_SEGGER_RTT_printf.c.o
LOAD _build/nrf52832_xxaa_ble_advdata.c.o
LOAD _build/nrf52832_xxaa_ble_advertising.c.o
LOAD _build/nrf52832_xxaa_ble_conn_params.c.o
LOAD _build/nrf52832_xxaa_ble_conn_state.c.o
LOAD _build/nrf52832_xxaa_ble_srv_common.c.o
LOAD _build/nrf52832_xxaa_gatt_cache_manager.c.o
LOAD _build/nrf52832_xxaa_gatts_cache_manager.c.o
LOAD _build/nrf52832_xxaa_id_manager.c.o
LOAD _build/nrf52832_xxaa_nrf_ble_gatt.c.o
LOAD _build/nrf52832_xxaa_peer_data_storage.c.o
LOAD _build/nrf52832_xxaa_peer_database.c.o
LOAD _build/nrf52832_xxaa_peer_id.c.o
LOAD _build/nrf52832_xxaa_peer_manager.c.o
LOAD _build/nrf52832_xxaa_pm_buffer.c.o
LOAD _build/nrf52832_xxaa_pm_mutex.c.o
LOAD _build/nrf52832_xxaa_security_dispatcher.c.o
LOAD _build/nrf52832_xxaa_security_manager.c.o
LOAD _build/nrf52832_xxaa_gcc_startup_nrf52.S.o
LOAD _build/nrf52832_xxaa_system_nrf52.c.o
LOAD _build/nrf52832_xxaa_softdevice_handler.c.o
LOAD _build/nrf52832_xxaa_nrf_drv_saadc.c.o
LOAD _build/nrf52832_xxaa_nrf_saadc.c.o
LOAD _build/nrf52832_xxaa_uart_interface.cpp.o
LOAD _build/nrf52832_xxaa_gpio_interface.cpp.o
LOAD _build/nrf52832_xxaa_adc_interface.cpp.o
LOAD _build/nrf52832_xxaa_timer_interface.cpp.o
LOAD _build/nrf52832_xxaa_LIS2DH12.cpp.o
LOAD _build/nrf52832_xxaa_spi.cpp.o
LOAD _build/nrf52832_xxaa_state_machine.cpp.o
LOAD _build/nrf52832_xxaa_ble_manager.cpp.o
LOAD _build/nrf52832_xxaa_ble_interface.cpp.o
LOAD _build/nrf52832_xxaa_ble_service.cpp.o
LOAD _build/nrf52832_xxaa_ble_characteristic.cpp.o
LOAD _build/nrf52832_xxaa_ble_advertising.cpp.o
LOAD _build/nrf52832_xxaa_trap_event.cpp.o
LOAD _build/nrf52832_xxaa_current_time.cpp.o
LOAD _build/nrf52832_xxaa_main.cpp.o
LOAD /Users/michaelmcadam/SDK/Nordic_nf52/gcc-arm-none-eabi-6.3.1/bin/../lib/gcc/arm-none-eabi/6.3.1/../../../../arm-none-eabi/lib/thumb/v7e-m/fpv4-sp/hard/libm.a
START GROUP
LOAD /Users/michaelmcadam/SDK/Nordic_nf52/gcc-arm-none-eabi-6.3.1/bin/../lib/gcc/arm-none-eabi/6.3.1/thumb/v7e-m/fpv4-sp/hard/libgcc.a
LOAD /Users/michaelmcadam/SDK/Nordic_nf52/gcc-arm-none-eabi-6.3.1/bin/../lib/gcc/arm-none-eabi/6.3.1/../../../../arm-none-eabi/lib/thumb/v7e-m/fpv4-sp/hard/libc_nano.a
END GROUP
START GROUP
LOAD /Users/michaelmcadam/SDK/Nordic_nf52/gcc-arm-none-eabi-6.3.1/bin/../lib/gcc/arm-none-eabi/6.3.1/thumb/v7e-m/fpv4-sp/hard/libgcc.a
LOAD /Users/michaelmcadam/SDK/Nordic_nf52/gcc-arm-none-eabi-6.3.1/bin/../lib/gcc/arm-none-eabi/6.3.1/../../../../arm-none-eabi/lib/thumb/v7e-m/fpv4-sp/hard/libc_nano.a
END GROUP
LOAD /Users/michaelmcadam/SDK/Nordic_nf52/gcc-arm-none-eabi-6.3.1/bin/../lib/gcc/arm-none-eabi/6.3.1/thumb/v7e-m/fpv4-sp/hard/crtend.o
LOAD /Users/michaelmcadam/SDK/Nordic_nf52/gcc-arm-none-eabi-6.3.1/bin/../lib/gcc/arm-none-eabi/6.3.1/thumb/v7e-m/fpv4-sp/hard/crtn.o
START GROUP
LOAD /Users/michaelmcadam/SDK/Nordic_nf52/gcc-arm-none-eabi-6.3.1/bin/../lib/gcc/arm-none-eabi/6.3.1/thumb/v7e-m/fpv4-sp/hard/libgcc.a
LOAD /Users/michaelmcadam/SDK/Nordic_nf52/gcc-arm-none-eabi-6.3.1/bin/../lib/gcc/arm-none-eabi/6.3.1/../../../../arm-none-eabi/lib/thumb/v7e-m/fpv4-sp/hard/libc.a
LOAD /Users/michaelmcadam/SDK/Nordic_nf52/gcc-arm-none-eabi-6.3.1/bin/../lib/gcc/arm-none-eabi/6.3.1/../../../../arm-none-eabi/lib/thumb/v7e-m/fpv4-sp/hard/libnosys.a
END GROUP

.igot.plt       0x0000000020002824        0x0 load address 0x000000000002776c
 .igot.plt      0x0000000020002824        0x0 /Users/michaelmcadam/SDK/Nordic_nf52/gcc-arm-none-eabi-6.3.1/bin/../lib/gcc/arm-none-eabi/6.3.1/thumb/v7e-m/fpv4-sp/hard/crtbegin.o

.fs_data        0x0000000020002824       0x10 load address 0x000000000002776c
                0x0000000020002824                PROVIDE (__start_fs_data, .)
 *(.fs_data)
 .fs_data       0x0000000020002824       0x10 _build/nrf52832_xxaa_fds.c.o
                0x0000000020002834                PROVIDE (__stop_fs_data, .)

.bss            0x0000000020002834     0x3930 load address 0x000000000002777c
                0x0000000020002834                . = ALIGN (0x4)
                0x0000000020002834                __bss_start__ = .
 *(.bss*)
 .bss           0x0000000020002834       0x1c /Users/michaelmcadam/SDK/Nordic_nf52/gcc-arm-none-eabi-6.3.1/bin/../lib/gcc/arm-none-eabi/6.3.1/thumb/v7e-m/fpv4-sp/hard/crtbegin.o
 .bss.m_blocking_mode
                0x0000000020002850        0x1 _build/nrf52832_xxaa_nrf_log_backend_serial.c.o
 .bss.m_initialized
                0x0000000020002851        0x1 _build/nrf52832_xxaa_nrf_log_backend_serial.c.o
 .bss.m_rx_done
                0x0000000020002852        0x1 _build/nrf52832_xxaa_nrf_log_backend_serial.c.o
 *fill*         0x0000000020002853        0x1 
 .bss.m_log_data
                0x0000000020002854      0x418 _build/nrf52832_xxaa_nrf_log_frontend.c.o
 .bss.m_op_queue
                0x0000000020002c6c      0x10c _build/nrf52832_xxaa_app_timer.c.o
 .bss.m_rtc1_reset
                0x0000000020002d78        0x1 _build/nrf52832_xxaa_app_timer.c.o
 .bss.m_rtc1_running
                0x0000000020002d79        0x1 _build/nrf52832_xxaa_app_timer.c.o
 *fill*         0x0000000020002d7a        0x2 
 .bss.m_ticks_elapsed
                0x0000000020002d7c        0x8 _build/nrf52832_xxaa_app_timer.c.o
 .bss.m_ticks_elapsed_q_read_ind
                0x0000000020002d84        0x1 _build/nrf52832_xxaa_app_timer.c.o
 .bss.m_ticks_elapsed_q_write_ind
                0x0000000020002d85        0x1 _build/nrf52832_xxaa_app_timer.c.o
 *fill*         0x0000000020002d86        0x2 
 .bss.m_ticks_latest
                0x0000000020002d88        0x4 _build/nrf52832_xxaa_app_timer.c.o
 .bss.mp_timer_id_head
                0x0000000020002d8c        0x4 _build/nrf52832_xxaa_app_timer.c.o
 .bss.desc.8854
                0x0000000020002d90        0xc _build/nrf52832_xxaa_fds.c.o
 .bss.m_cb_table
                0x0000000020002d9c       0x20 _build/nrf52832_xxaa_fds.c.o
 .bss.m_chunk_queue
                0x0000000020002dbc       0x48 _build/nrf52832_xxaa_fds.c.o
 .bss.m_flags   0x0000000020002e04        0x1 _build/nrf52832_xxaa_fds.c.o
 *fill*         0x0000000020002e05        0x3 
 .bss.m_gc      0x0000000020002e08       0x10 _build/nrf52832_xxaa_fds.c.o
 .bss.m_op_queue
                0x0000000020002e18       0x78 _build/nrf52832_xxaa_fds.c.o
 .bss.m_pages   0x0000000020002e90       0x20 _build/nrf52832_xxaa_fds.c.o
 .bss.m_swap_page
                0x0000000020002eb0        0x8 _build/nrf52832_xxaa_fds.c.o
 .bss.page.8855
                0x0000000020002eb8        0x2 _build/nrf52832_xxaa_fds.c.o
 *fill*         0x0000000020002eba        0x2 
 .bss.tok.8760  0x0000000020002ebc        0x8 _build/nrf52832_xxaa_fds.c.o
 .bss.m_flags   0x0000000020002ec4        0x1 _build/nrf52832_xxaa_fstorage.c.o
 *fill*         0x0000000020002ec5        0x3 
 .bss.m_queue   0x0000000020002ec8       0x68 _build/nrf52832_xxaa_fstorage.c.o
 .bss.m_clock_cb
                0x0000000020002f30       0x14 _build/nrf52832_xxaa_nrf_drv_clock.c.o
 .bss.m_cb      0x0000000020002f44       0x58 _build/nrf52832_xxaa_nrf_drv_gpiote.c.o
 .bss.m_event_handler
                0x0000000020002f9c        0x4 _build/nrf52832_xxaa_app_uart_fifo.c.o
 .bss.m_rx_fifo
                0x0000000020002fa0       0x10 _build/nrf52832_xxaa_app_uart_fifo.c.o
 .bss.m_rx_ovf  0x0000000020002fb0        0x1 _build/nrf52832_xxaa_app_uart_fifo.c.o
 *fill*         0x0000000020002fb1        0x3 
 .bss.m_tx_fifo
                0x0000000020002fb4       0x10 _build/nrf52832_xxaa_app_uart_fifo.c.o
 .bss.rx_buffer
                0x0000000020002fc4        0x1 _build/nrf52832_xxaa_app_uart_fifo.c.o
 *fill*         0x0000000020002fc5        0x3 
 .bss.tx_buffer
                0x0000000020002fc8        0x1 _build/nrf52832_xxaa_app_uart_fifo.c.o
 *fill*         0x0000000020002fc9        0x3 
 .bss.m_cb      0x0000000020002fcc       0x20 _build/nrf52832_xxaa_nrf_drv_uart.c.o
 .bss.m_cb      0x0000000020002fec       0x24 _build/nrf52832_xxaa_nrf_drv_spi.c.o
 .bss.m_change_param
                0x0000000020003010        0x1 _build/nrf52832_xxaa_ble_conn_params.c.o
 *fill*         0x0000000020003011        0x1 
 .bss.m_conn_handle
                0x0000000020003012        0x2 _build/nrf52832_xxaa_ble_conn_params.c.o
 .bss.m_conn_params_config
                0x0000000020003014       0x1c _build/nrf52832_xxaa_ble_conn_params.c.o
 .bss.m_conn_params_timer_id_data
                0x0000000020003030       0x20 _build/nrf52832_xxaa_ble_conn_params.c.o
 .bss.m_current_conn_params
                0x0000000020003050        0x8 _build/nrf52832_xxaa_ble_conn_params.c.o