Archive member included to satisfy reference by file (symbol)

/Users/michaelmcadam/SDK/Nordic_nf52/gcc-arm-none-eabi-6.3.1/bin/../lib/gcc/arm-none-eabi/6.3.1/../../../../arm-none-eabi/lib/thumb/v7e-m/fpv4-sp/hard/libc_nano.a(lib_a-exit.o)
                              /Users/michaelmcadam/SDK/Nordic_nf52/gcc-arm-none-eabi-6.3.1/bin/../lib/gcc/arm-none-eabi/6.3.1/../../../../arm-none-eabi/lib/thumb/v7e-m/fpv4-sp/hard/crt0.o (exit)
/Users/michaelmcadam/SDK/Nordic_nf52/gcc-arm-none-eabi-6.3.1/bin/../lib/gcc/arm-none-eabi/6.3.1/../../../../arm-none-eabi/lib/thumb/v7e-m/fpv4-sp/hard/libc_nano.a(lib_a-impure.o)
                              /Users/michaelmcadam/SDK/Nordic_nf52/gcc-arm-none-eabi-6.3.1/bin/../lib/gcc/arm-none-eabi/6.3.1/../../../../arm-none-eabi/lib/thumb/v7e-m/fpv4-sp/hard/libc_nano.a(lib_a-exit.o) (_global_impure_ptr)
/Users/michaelmcadam/SDK/Nordic_nf52/gcc-arm-none-eabi-6.3.1/bin/../lib/gcc/arm-none-eabi/6.3.1/../../../../arm-none-eabi/lib/thumb/v7e-m/fpv4-sp/hard/libc_nano.a(lib_a-init.o)
                              /Users/michaelmcadam/SDK/Nordic_nf52/gcc-arm-none-eabi-6.3.1/bin/../lib/gcc/arm-none-eabi/6.3.1/../../../../arm-none-eabi/lib/thumb/v7e-m/fpv4-sp/hard/crt0.o (__libc_init_array)
/Users/michaelmcadam/SDK/Nordic_nf52/gcc-arm-none-eabi-6.3.1/bin/../lib/gcc/arm-none-eabi/6.3.1/../../../../arm-none-eabi/lib/thumb/v7e-m/fpv4-sp/hard/libc_nano.a(lib_a-memset.o)
                              /Users/michaelmcadam/SDK/Nordic_nf52/gcc-arm-none-eabi-6.3.1/bin/../lib/gcc/arm-none-eabi/6.3.1/../../../../arm-none-eabi/lib/thumb/v7e-m/fpv4-sp/hard/crt0.o (memset)
/Users/michaelmcadam/SDK/Nordic_nf52/gcc-arm-none-eabi-6.3.1/bin/../lib/gcc/arm-none-eabi/6.3.1/../../../../arm-none-eabi/lib/thumb/v7e-m/fpv4-sp/hard/libnosys.a(_exit.o)
                              /Users/michaelmcadam/SDK/Nordic_nf52/gcc-arm-none-eabi-6.3.1/bin/../lib/gcc/arm-none-eabi/6.3.1/../../../../arm-none-eabi/lib/thumb/v7e-m/fpv4-sp/hard/libc_nano.a(lib_a-exit.o) (_exit)
/Users/michaelmcadam/SDK/Nordic_nf52/gcc-arm-none-eabi-6.3.1/bin/../lib/gcc/arm-none-eabi/6.3.1/thumb/v7e-m/fpv4-sp/hard/libgcc.a(_aeabi_uldivmod.o)
                              _build/nrf52832_xxaa_bsp.c.o (__aeabi_uldivmod)
/Users/michaelmcadam/SDK/Nordic_nf52/gcc-arm-none-eabi-6.3.1/bin/../lib/gcc/arm-none-eabi/6.3.1/thumb/v7e-m/fpv4-sp/hard/libgcc.a(_udivmoddi4.o)
                              /Users/michaelmcadam/SDK/Nordic_nf52/gcc-arm-none-eabi-6.3.1/bin/../lib/gcc/arm-none-eabi/6.3.1/thumb/v7e-m/fpv4-sp/hard/libgcc.a(_aeabi_uldivmod.o) (__udivmoddi4)
/Users/michaelmcadam/SDK/Nordic_nf52/gcc-arm-none-eabi-6.3.1/bin/../lib/gcc/arm-none-eabi/6.3.1/thumb/v7e-m/fpv4-sp/hard/libgcc.a(unwind-arm.o)
                              _build/nrf52832_xxaa_gpio_interface.cpp.o (__aeabi_unwind_cpp_pr0)
/Users/michaelmcadam/SDK/Nordic_nf52/gcc-arm-none-eabi-6.3.1/bin/../lib/gcc/arm-none-eabi/6.3.1/thumb/v7e-m/fpv4-sp/hard/libgcc.a(libunwind.o)
                              /Users/michaelmcadam/SDK/Nordic_nf52/gcc-arm-none-eabi-6.3.1/bin/../lib/gcc/arm-none-eabi/6.3.1/thumb/v7e-m/fpv4-sp/hard/libgcc.a(unwind-arm.o) (restore_core_regs)
/Users/michaelmcadam/SDK/Nordic_nf52/gcc-arm-none-eabi-6.3.1/bin/../lib/gcc/arm-none-eabi/6.3.1/thumb/v7e-m/fpv4-sp/hard/libgcc.a(pr-support.o)
                              /Users/michaelmcadam/SDK/Nordic_nf52/gcc-arm-none-eabi-6.3.1/bin/../lib/gcc/arm-none-eabi/6.3.1/thumb/v7e-m/fpv4-sp/hard/libgcc.a(unwind-arm.o) (__gnu_unwind_execute)
/Users/michaelmcadam/SDK/Nordic_nf52/gcc-arm-none-eabi-6.3.1/bin/../lib/gcc/arm-none-eabi/6.3.1/thumb/v7e-m/fpv4-sp/hard/libgcc.a(_dvmd_tls.o)
                              /Users/michaelmcadam/SDK/Nordic_nf52/gcc-arm-none-eabi-6.3.1/bin/../lib/gcc/arm-none-eabi/6.3.1/thumb/v7e-m/fpv4-sp/hard/libgcc.a(_aeabi_uldivmod.o) (__aeabi_ldiv0)
/Users/michaelmcadam/SDK/Nordic_nf52/gcc-arm-none-eabi-6.3.1/bin/../lib/gcc/arm-none-eabi/6.3.1/../../../../arm-none-eabi/lib/thumb/v7e-m/fpv4-sp/hard/libc_nano.a(lib_a-abort.o)
                              /Users/michaelmcadam/SDK/Nordic_nf52/gcc-arm-none-eabi-6.3.1/bin/../lib/gcc/arm-none-eabi/6.3.1/thumb/v7e-m/fpv4-sp/hard/libgcc.a(unwind-arm.o) (abort)
/Users/michaelmcadam/SDK/Nordic_nf52/gcc-arm-none-eabi-6.3.1/bin/../lib/gcc/arm-none-eabi/6.3.1/../../../../arm-none-eabi/lib/thumb/v7e-m/fpv4-sp/hard/libc_nano.a(lib_a-locale.o)
                              _build/nrf52832_xxaa_nrf_log_backend_serial.c.o (__locale_ctype_ptr)
/Users/michaelmcadam/SDK/Nordic_nf52/gcc-arm-none-eabi-6.3.1/bin/../lib/gcc/arm-none-eabi/6.3.1/../../../../arm-none-eabi/lib/thumb/v7e-m/fpv4-sp/hard/libc_nano.a(lib_a-mbtowc_r.o)
                              /Users/michaelmcadam/SDK/Nordic_nf52/gcc-arm-none-eabi-6.3.1/bin/../lib/gcc/arm-none-eabi/6.3.1/../../../../arm-none-eabi/lib/thumb/v7e-m/fpv4-sp/hard/libc_nano.a(lib_a-locale.o) (__ascii_mbtowc)
[...]
Memory Configuration

Name             Origin             Length             Attributes
FLASH            0x000000000001f000 0x0000000000061000 xr
RAM              0x0000000020002790 0x000000000000d870 xrw
*default*        0x0000000000000000 0xffffffffffffffff

Linker script and memory map


.text           0x000000000001f000     0x8d1c
 *(.isr_vector)
 .isr_vector    0x000000000001f000      0x200 _build/nrf52832_xxaa_gcc_startup_nrf52.S.o
                0x000000000001f000                __isr_vector
 *(.text*)
 .text          0x000000000001f200       0x6c /Users/michaelmcadam/SDK/Nordic_nf52/gcc-arm-none-eabi-6.3.1/bin/../lib/gcc/arm-none-eabi/6.3.1/thumb/v7e-m/fpv4-sp/hard/crtbegin.o
 .text          0x000000000001f26c       0x74 /Users/michaelmcadam/SDK/Nordic_nf52/gcc-arm-none-eabi-6.3.1/bin/../lib/gcc/arm-none-eabi/6.3.1/../../../../arm-none-eabi/lib/thumb/v7e-m/fpv4-sp/hard/crt0.o
                0x000000000001f26c                _mainCRTStartup
                0x000000000001f26c                _start
 .text.exit     0x000000000001f2e0       0x28 /Users/michaelmcadam/SDK/Nordic_nf52/gcc-arm-none-eabi-6.3.1/bin/../lib/gcc/arm-none-eabi/6.3.1/../../../../arm-none-eabi/lib/thumb/v7e-m/fpv4-sp/hard/libc_nano.a(lib_a-exit.o)
                0x000000000001f2e0                exit
 .text.__libc_init_array
                0x000000000001f308       0x48 /Users/michaelmcadam/SDK/Nordic_nf52/gcc-arm-none-eabi-6.3.1/bin/../lib/gcc/arm-none-eabi/6.3.1/../../../../arm-none-eabi/lib/thumb/v7e-m/fpv4-sp/hard/libc_nano.a(lib_a-init.o)
                0x000000000001f308                __libc_init_array
 .text.memset   0x000000000001f350       0x10 /Users/michaelmcadam/SDK/Nordic_nf52/gcc-arm-none-eabi-6.3.1/bin/../lib/gcc/arm-none-eabi/6.3.1/../../../../arm-none-eabi/lib/thumb/v7e-m/fpv4-sp/hard/libc_nano.a(lib_a-memset.o)
                0x000000000001f350                memset
 .text._exit    0x000000000001f360        0x4 /Users/michaelmcadam/SDK/Nordic_nf52/gcc-arm-none-eabi-6.3.1/bin/../lib/gcc/arm-none-eabi/6.3.1/../../../../arm-none-eabi/lib/thumb/v7e-m/fpv4-sp/hard/libnosys.a(_exit.o)
                0x000000000001f360                _exit
 .text.uart_event_handler
                0x000000000001f364       0x10 _build/nrf52832_xxaa_nrf_log_backend_serial.c.o
 .text.nrf_log_backend_init
                0x000000000001f374       0x74 _build/nrf52832_xxaa_nrf_log_backend_serial.c.o
                0x000000000001f374                nrf_log_backend_init
 .text.nrf_log_blocking_backend_set
                0x000000000001f3e8        0x8 _build/nrf52832_xxaa_nrf_log_frontend.c.o
                0x000000000001f3e8                nrf_log_blocking_backend_set
 .text.nrf_log_frontend_std_0
                0x000000000001f3f0       0xb0 _build/nrf52832_xxaa_nrf_log_frontend.c.o
                0x000000000001f3f0                nrf_log_frontend_std_0
 .text.nrf_log_frontend_std_1
                0x000000000001f4a0       0xbc _build/nrf52832_xxaa_nrf_log_frontend.c.o
                0x000000000001f4a0                nrf_log_frontend_std_1
 .text.nrf_log_frontend_std_2
                0x000000000001f55c       0xcc _build/nrf52832_xxaa_nrf_log_frontend.c.o
                0x000000000001f55c                nrf_log_frontend_std_2
 .text.nrf_log_frontend_dequeue
                0x000000000001f628      0x14c _build/nrf52832_xxaa_nrf_log_frontend.c.o
                0x000000000001f628                nrf_log_frontend_dequeue
 .text.app_error_handler_bare
                0x000000000001f774       0x20 _build/nrf52832_xxaa_app_error.c.o
                0x000000000001f774                app_error_handler_bare
 .text.app_error_fault_handler
                0x000000000001f794       0x48 _build/nrf52832_xxaa_app_error_weak.c.o
                0x000000000001f794                app_error_fault_handler
 .text.app_fifo_init
                0x000000000001f7dc       0x20 _build/nrf52832_xxaa_app_fifo.c.o
                0x000000000001f7dc                app_fifo_init
 .text.app_fifo_put
                0x000000000001f7fc       0x30 _build/nrf52832_xxaa_app_fifo.c.o
                0x000000000001f7fc                app_fifo_put
 .text.app_fifo_get
                0x000000000001f82c       0x2c _build/nrf52832_xxaa_app_fifo.c.o
                0x000000000001f82c                app_fifo_get
 .text.RTC1_IRQHandler
                0x000000000001f858       0xa0 _build/nrf52832_xxaa_app_timer.c.o
                0x000000000001f858                RTC1_IRQHandler
 .text.SWI0_EGU0_IRQHandler
                0x000000000001f8f8      0x654 _build/nrf52832_xxaa_app_timer.c.o
                0x000000000001f8f8                SWI0_EGU0_IRQHandler
 .text.app_timer_init
                0x000000000001ff4c      0x184 _build/nrf52832_xxaa_app_timer.c.o
                0x000000000001ff4c                app_timer_init
 .text.app_timer_create
                0x00000000000200d0       0x24 _build/nrf52832_xxaa_app_timer.c.o
                0x00000000000200d0                app_timer_create
 .text.app_timer_start
                0x00000000000200f4       0xac _build/nrf52832_xxaa_app_timer.c.o
                0x00000000000200f4                app_timer_start
 .text.app_timer_stop
                0x00000000000201a0       0x78 _build/nrf52832_xxaa_app_timer.c.o
                0x00000000000201a0                app_timer_stop
 .text.app_timer_cnt_diff_compute
                0x0000000000020218        0x8 _build/nrf52832_xxaa_app_timer.c.o
                0x0000000000020218                app_timer_cnt_diff_compute
 .text.app_util_critical_region_enter
                0x0000000000020220       0x4c _build/nrf52832_xxaa_app_util_platform.c.o
                0x0000000000020220                app_util_critical_region_enter
 .text.app_util_critical_region_exit
                0x000000000002026c       0x30 _build/nrf52832_xxaa_app_util_platform.c.o
                0x000000000002026c                app_util_critical_region_exit
 .text.gc_record_find_next
                0x000000000002029c       0xc0 _build/nrf52832_xxaa_fds.c.o
 .text.record_find_by_desc
                0x000000000002035c       0xe0 _build/nrf52832_xxaa_fds.c.o
 .text.record_find.part.3
                0x000000000002043c       0xc0 _build/nrf52832_xxaa_fds.c.o
 .text.queue_process
                0x00000000000204fc      0x824 _build/nrf52832_xxaa_fds.c.o
 .text.fs_event_handler
                0x0000000000020d20        0x8 _build/nrf52832_xxaa_fds.c.o
 .text.sd_flash_write
                0x0000000000020d28        0x4 _build/nrf52832_xxaa_fstorage.c.o
 .text.sd_flash_page_erase
                0x0000000000020d2c        0x4 _build/nrf52832_xxaa_fstorage.c.o
 .text.unlikely.queue_get_next_free
                0x0000000000020d30       0x38 _build/nrf52832_xxaa_fstorage.c.o
 .text.queue_process
                0x0000000000020d68       0xcc _build/nrf52832_xxaa_fstorage.c.o
 .text.fs_store
                0x0000000000020e34       0xac _build/nrf52832_xxaa_fstorage.c.o
                0x0000000000020e34                fs_store
 .text.fs_erase
                0x0000000000020ee0       0xa4 _build/nrf52832_xxaa_fstorage.c.o
                0x0000000000020ee0                fs_erase
 .text.nrf_drv_clock_init
                0x0000000000020f84       0x48 _build/nrf52832_xxaa_nrf_drv_clock.c.o
                0x0000000000020f84                nrf_drv_clock_init
 .text.nrf_drv_clock_lfclk_request
                0x0000000000020fcc       0x98 _build/nrf52832_xxaa_nrf_drv_clock.c.o
                0x0000000000020fcc                nrf_drv_clock_lfclk_request
 .text.POWER_CLOCK_IRQHandler
                0x0000000000021064       0x78 _build/nrf52832_xxaa_nrf_drv_clock.c.o
                0x0000000000021064                POWER_CLOCK_IRQHandler
 .text.nrf_drv_clock_on_soc_event
                0x00000000000210dc       0x20 _build/nrf52832_xxaa_nrf_drv_clock.c.o
                0x00000000000210dc                nrf_drv_clock_on_soc_event
 .text.nrf_drv_clock_on_sd_enable
                0x00000000000210fc       0x64 _build/nrf52832_xxaa_nrf_drv_clock.c.o
                0x00000000000210fc                nrf_drv_clock_on_sd_enable
 .text.nrf_drv_common_irq_enable
                0x0000000000021160       0x50 _build/nrf52832_xxaa_nrf_drv_common.c.o
                0x0000000000021160                nrf_drv_common_irq_enable
 .text.nrf_drv_gpiote_init
                0x00000000000211b0       0x84 _build/nrf52832_xxaa_nrf_drv_gpiote.c.o
                0x00000000000211b0                nrf_drv_gpiote_init
 .text.nrf_drv_gpiote_in_init
                0x0000000000021234      0x180 _build/nrf52832_xxaa_nrf_drv_gpiote.c.o
                0x0000000000021234                nrf_drv_gpiote_in_init
 .text.nrf_drv_gpiote_in_event_enable
                0x00000000000213b4       0xc4 _build/nrf52832_xxaa_nrf_drv_gpiote.c.o
                0x00000000000213b4                nrf_drv_gpiote_in_event_enable
 .text.GPIOTE_IRQHandler
                0x0000000000021478      0x528 _build/nrf52832_xxaa_nrf_drv_gpiote.c.o
                0x0000000000021478                GPIOTE_IRQHandler
 .text.uart_event_handler
                0x00000000000219a0       0xc8 _build/nrf52832_xxaa_app_uart_fifo.c.o
 .text.app_uart_init
                0x0000000000021a68       0xe4 _build/nrf52832_xxaa_app_uart_fifo.c.o
                0x0000000000021a68                app_uart_init
 .text.app_uart_put
                0x0000000000021b4c       0x44 _build/nrf52832_xxaa_app_uart_fifo.c.o
                0x0000000000021b4c                app_uart_put
 .text.nrf_drv_uart_init
                0x0000000000021b90      0x1d8 _build/nrf52832_xxaa_nrf_drv_uart.c.o
                0x0000000000021b90                nrf_drv_uart_init
 .text.nrf_drv_uart_uninit
                0x0000000000021d68      0x108 _build/nrf52832_xxaa_nrf_drv_uart.c.o
                0x0000000000021d68                nrf_drv_uart_uninit
 .text.nrf_drv_uart_tx
                0x0000000000021e70      0x154 _build/nrf52832_xxaa_nrf_drv_uart.c.o
                0x0000000000021e70                nrf_drv_uart_tx
 .text.nrf_drv_uart_tx_in_progress
                0x0000000000021fc4       0x18 _build/nrf52832_xxaa_nrf_drv_uart.c.o
                0x0000000000021fc4                nrf_drv_uart_tx_in_progress
 .text.nrf_drv_uart_rx
                0x0000000000021fdc      0x234 _build/nrf52832_xxaa_nrf_drv_uart.c.o
                0x0000000000021fdc                nrf_drv_uart_rx
 .text.nrf_drv_uart_rx_enable
                0x0000000000022210       0x4c _build/nrf52832_xxaa_nrf_drv_uart.c.o
                0x0000000000022210                nrf_drv_uart_rx_enable
 .text.UARTE0_UART0_IRQHandler
                0x000000000002225c      0x2f4 _build/nrf52832_xxaa_nrf_drv_uart.c.o
                0x000000000002225c                UARTE0_UART0_IRQHandler
 .text.nrf_drv_spi_init
                0x0000000000022550      0x154 _build/nrf52832_xxaa_nrf_drv_spi.c.o
                0x0000000000022550                nrf_drv_spi_init
 .text.nrf_drv_spi_transfer
                0x00000000000226a4      0x118 _build/nrf52832_xxaa_nrf_drv_spi.c.o
                0x00000000000226a4                nrf_drv_spi_transfer
 .text.SPIM0_SPIS0_TWIM0_TWIS0_SPI0_TWI0_IRQHandler
                0x00000000000227bc       0x50 _build/nrf52832_xxaa_nrf_drv_spi.c.o
                0x00000000000227bc                SPIM0_SPIS0_TWIM0_TWIS0_SPI0_TWI0_IRQHandler
 .text.sd_ble_gap_addr_get
                0x000000000002280c        0x4 _build/nrf52832_xxaa_ble_advdata.c.o
 .text.sd_ble_gap_adv_data_set
                0x0000000000022810        0x4 _build/nrf52832_xxaa_ble_advdata.c.o
 .text.sd_ble_gap_appearance_get
                0x0000000000022814        0x4 _build/nrf52832_xxaa_ble_advdata.c.o
 .text.sd_ble_gap_device_name_get
                0x0000000000022818        0x4 _build/nrf52832_xxaa_ble_advdata.c.o
 .text.sd_ble_uuid_encode
                0x000000000002281c        0x4 _build/nrf52832_xxaa_ble_advdata.c.o
 .text.uuid_list_sized_encode
                0x0000000000022820       0xe0 _build/nrf52832_xxaa_ble_advdata.c.o
 .text.adv_data_encode
                0x0000000000022900      0x3fc _build/nrf52832_xxaa_ble_advdata.c.o
                0x0000000000022900                adv_data_encode
 .text.ble_advdata_set
                0x0000000000022cfc      0x4dc _build/nrf52832_xxaa_ble_advdata.c.o
                0x0000000000022cfc                ble_advdata_set
 .text.sd_ble_gap_conn_param_update
                0x00000000000231d8        0x4 _build/nrf52832_xxaa_ble_conn_params.c.o
 .text.sd_ble_gap_disconnect
                0x00000000000231dc        0x4 _build/nrf52832_xxaa_ble_conn_params.c.o
 .text.sd_ble_gap_ppcp_set
                0x00000000000231e0        0x4 _build/nrf52832_xxaa_ble_conn_params.c.o
 .text.sd_ble_gap_ppcp_get
                0x00000000000231e4        0x4 _build/nrf52832_xxaa_ble_conn_params.c.o
 .text.update_timeout_handler
                0x00000000000231e8       0x74 _build/nrf52832_xxaa_ble_conn_params.c.o
 .text.conn_params_negotiation
                0x000000000002325c       0x94 _build/nrf52832_xxaa_ble_conn_params.c.o
 .text.ble_conn_params_init
                0x00000000000232f0       0x74 _build/nrf52832_xxaa_ble_conn_params.c.o
                0x00000000000232f0                ble_conn_params_init
 .text.ble_conn_params_on_ble_evt
                0x0000000000023364       0xb8 _build/nrf52832_xxaa_ble_conn_params.c.o
                0x0000000000023364                ble_conn_params_on_ble_evt
 .text.ble_srv_is_notification_enabled
                0x000000000002341c        0x8 _build/nrf52832_xxaa_ble_srv_common.c.o
                0x000000000002341c                ble_srv_is_notification_enabled
 .text.sd_ble_gap_data_length_update
                0x0000000000023424        0x4 _build/nrf52832_xxaa_nrf_ble_gatt.c.o
 .text.sd_ble_gattc_exchange_mtu_request
                0x0000000000023428        0x4 _build/nrf52832_xxaa_nrf_ble_gatt.c.o
 .text.sd_ble_gatts_exchange_mtu_reply
                0x000000000002342c        0x4 _build/nrf52832_xxaa_nrf_ble_gatt.c.o
 .text.nrf_ble_gatt_init
                0x0000000000023430       0x38 _build/nrf52832_xxaa_nrf_ble_gatt.c.o
                0x0000000000023430                nrf_ble_gatt_init
 .text.nrf_ble_gatt_on_ble_evt
                0x0000000000023468      0x208 _build/nrf52832_xxaa_nrf_ble_gatt.c.o
                0x0000000000023468                nrf_ble_gatt_on_ble_evt
 .text          0x0000000000023670       0x3c _build/nrf52832_xxaa_gcc_startup_nrf52.S.o
                0x0000000000023670                Reset_Handler
                0x0000000000023698                NMI_Handler
                0x000000000002369a                HardFault_Handler
                0x000000000002369c                MemoryManagement_Handler
                0x000000000002369e                BusFault_Handler
                0x00000000000236a0                UsageFault_Handler
                0x00000000000236a2                SVC_Handler
                0x00000000000236a4                DebugMon_Handler
                0x00000000000236a6                PendSV_Handler
                0x00000000000236a8                SysTick_Handler
                0x00000000000236aa                I2S_IRQHandler
                0x00000000000236aa                SWI4_EGU4_IRQHandler
                0x00000000000236aa                TIMER0_IRQHandler
                0x00000000000236aa                TIMER1_IRQHandler
                0x00000000000236aa                PWM2_IRQHandler
                0x00000000000236aa                ECB_IRQHandler
                0x00000000000236aa                SPIM1_SPIS1_TWIM1_TWIS1_SPI1_TWI1_IRQHandler
                0x00000000000236aa                Default_Handler
                0x00000000000236aa                CCM_AAR_IRQHandler
                0x00000000000236aa                WDT_IRQHandler
                0x00000000000236aa                SWI5_EGU5_IRQHandler
                0x00000000000236aa                RNG_IRQHandler
                0x00000000000236aa                RTC2_IRQHandler
                0x00000000000236aa                PWM0_IRQHandler
                0x00000000000236aa                SWI3_EGU3_IRQHandler
                0x00000000000236aa                SWI1_EGU1_IRQHandler
                0x00000000000236aa                SPIM2_SPIS2_SPI2_IRQHandler
                0x00000000000236aa                NFCT_IRQHandler
                0x00000000000236aa                MWU_IRQHandler
                0x00000000000236aa                TIMER2_IRQHandler
                0x00000000000236aa                COMP_LPCOMP_IRQHandler
                0x00000000000236aa                RTC0_IRQHandler
                0x00000000000236aa                PWM1_IRQHandler
                0x00000000000236aa                RADIO_IRQHandler
                0x00000000000236aa                PDM_IRQHandler
                0x00000000000236aa                TEMP_IRQHandler
                0x00000000000236aa                QDEC_IRQHandler
                0x00000000000236aa                TIMER3_IRQHandler
                0x00000000000236aa                FPU_IRQHandler
                0x00000000000236aa                TIMER4_IRQHandler
 .text.SystemInit
                0x00000000000236ac      0x348 _build/nrf52832_xxaa_system_nrf52.c.o
                0x00000000000236ac                SystemInit
 .text.sd_evt_get
                0x00000000000239f4        0x4 _build/nrf52832_xxaa_softdevice_handler.c.o
 .text.sd_softdevice_enable
                0x00000000000239f8        0x4 _build/nrf52832_xxaa_softdevice_handler.c.o
 .text.sd_ble_enable
                0x00000000000239fc        0x4 _build/nrf52832_xxaa_softdevice_handler.c.o
 .text.sd_ble_evt_get
                0x0000000000023a00        0x4 _build/nrf52832_xxaa_softdevice_handler.c.o
 .text.softdevice_fault_handler
                0x0000000000023a04        0x4 _build/nrf52832_xxaa_softdevice_handler.c.o
                0x0000000000023a04                softdevice_fault_handler
 .text.intern_softdevice_events_execute.part.2
                0x0000000000023a08       0xc4 _build/nrf52832_xxaa_softdevice_handler.c.o
 .text.softdevice_handler_is_enabled
                0x0000000000023acc        0xc _build/nrf52832_xxaa_softdevice_handler.c.o
                0x0000000000023acc                softdevice_handler_is_enabled
 .text.softdevice_handler_init
                0x0000000000023ad8       0x94 _build/nrf52832_xxaa_softdevice_handler.c.o
                0x0000000000023ad8                softdevice_handler_init
 .text.softdevice_ble_evt_handler_set
                0x0000000000023b6c       0x14 _build/nrf52832_xxaa_softdevice_handler.c.o
                0x0000000000023b6c                softdevice_ble_evt_handler_set
 .text.SWI2_EGU2_IRQHandler
                0x0000000000023b80       0x30 _build/nrf52832_xxaa_softdevice_handler.c.o
                0x0000000000023b80                SWI2_EGU2_IRQHandler
 .text.softdevice_app_ram_start_get
                0x0000000000023bb0       0x14 _build/nrf52832_xxaa_softdevice_handler.c.o
                0x0000000000023bb0                softdevice_app_ram_start_get
 .text.softdevice_enable
                0x0000000000023bc4       0x68 _build/nrf52832_xxaa_softdevice_handler.c.o
                0x0000000000023bc4                softdevice_enable
 .text.SAADC_IRQHandler
                0x0000000000023c2c      0x1c4 _build/nrf52832_xxaa_nrf_drv_saadc.c.o
                0x0000000000023c2c                SAADC_IRQHandler
 .text.uart_error_handle
                0x0000000000023df0       0x14 _build/nrf52832_xxaa_uart_interface.c.o
                0x0000000000023df0                uart_error_handle
 .text.UART_init
                0x0000000000023e04       0x64 _build/nrf52832_xxaa_uart_interface.c.o
                0x0000000000023e04                UART_init
 .text.UART_write
                0x0000000000023e68       0xa4 _build/nrf52832_xxaa_uart_interface.c.o
                0x0000000000023e68                UART_write
 .text._ZN4GPIO4initEv
                0x0000000000023f0c        0x4 _build/nrf52832_xxaa_gpio_interface.cpp.o
                0x0000000000023f0c                GPIO::init()
 .text._ZN4GPIO9setOutputEmm
                0x0000000000023f10       0x2c _build/nrf52832_xxaa_gpio_interface.cpp.o
                0x0000000000023f10                GPIO::setOutput(unsigned long, unsigned long)
 .text._ZN4GPIO8setInputEm
                0x0000000000023f3c       0x10 _build/nrf52832_xxaa_gpio_interface.cpp.o
                0x0000000000023f3c                GPIO::setInput(unsigned long)
 .text._ZN4GPIO6toggleEm
                0x0000000000023f4c       0x20 _build/nrf52832_xxaa_gpio_interface.cpp.o
                0x0000000000023f4c                GPIO::toggle(unsigned long)
 .text._ZN4GPIO12initIntInputEm21nrf_gpiote_polarity_t19nrf_gpio_pin_pull_tbbPFvmS0_E
                0x0000000000023f6c       0x24 _build/nrf52832_xxaa_gpio_interface.cpp.o
                0x0000000000023f6c                GPIO::initIntInput(unsigned long, nrf_gpiote_polarity_t, nrf_gpio_pin_pull_t, bool, bool, void (*)(unsigned long, nrf_gpiote_polarity_t))
 .text._ZN4GPIO15interruptEnableEm
                0x0000000000023f90        0x8 _build/nrf52832_xxaa_gpio_interface.cpp.o
                0x0000000000023f90                GPIO::interruptEnable(unsigned long)
 .text._ZN3ADCC2Ev
                0x0000000000023f98        0x8 _build/nrf52832_xxaa_adc_interface.cpp.o
                0x0000000000023f98                ADC::ADC()
                0x0000000000023f98                ADC::ADC()
 .text._ZN5Timer20initialisePeripheralEv
                0x0000000000023fa0       0x28 _build/nrf52832_xxaa_timer_interface.cpp.o
                0x0000000000023fa0                Timer::initialisePeripheral()
 .text._ZN5Timer7getDiffEmm
                0x0000000000023fc8        0x4 _build/nrf52832_xxaa_timer_interface.cpp.o
                0x0000000000023fc8                Timer::getDiff(unsigned long, unsigned long)
 .text._ZN5TimerC2Ev
                0x0000000000023fcc       0x20 _build/nrf52832_xxaa_timer_interface.cpp.o
                0x0000000000023fcc                Timer::Timer()
                0x0000000000023fcc                Timer::Timer()
 .text._ZN5Timer10startTimerEmPFvPvE
                0x0000000000023fec       0x64 _build/nrf52832_xxaa_timer_interface.cpp.o
                0x0000000000023fec                Timer::startTimer(unsigned long, void (*)(void*))
 .text._ZN5Timer12getFrequencyEv
                0x0000000000024050        0x8 _build/nrf52832_xxaa_timer_interface.cpp.o
                0x0000000000024050                Timer::getFrequency()
 .text.LIS2DH12_init
                0x0000000000024058       0xf4 _build/nrf52832_xxaa_LIS2DH12.cpp.o
                0x0000000000024058                LIS2DH12_init
 .text.LIS2DH12_sample
                0x000000000002414c       0x10 _build/nrf52832_xxaa_LIS2DH12.cpp.o
                0x000000000002414c                LIS2DH12_sample
 .text.LIS2DH12_enableHighPass
                0x000000000002415c       0x20 _build/nrf52832_xxaa_LIS2DH12.cpp.o
                0x000000000002415c                LIS2DH12_enableHighPass
 .text.LIS2DH12_getALLmG
                0x000000000002417c       0x7c _build/nrf52832_xxaa_LIS2DH12.cpp.o
                0x000000000002417c                LIS2DH12_getALLmG
 .text.LIS2DH12_clearInterrupts
                0x00000000000241f8       0x20 _build/nrf52832_xxaa_LIS2DH12.cpp.o
                0x00000000000241f8                LIS2DH12_clearInterrupts
 .text.LIS2DH12_initThresholdInterrupt1
                0x0000000000024218      0x128 _build/nrf52832_xxaa_LIS2DH12.cpp.o
                0x0000000000024218                LIS2DH12_initThresholdInterrupt1
 .text.LIS2DH12_initDAPolling
                0x0000000000024340       0x20 _build/nrf52832_xxaa_LIS2DH12.cpp.o
                0x0000000000024340                LIS2DH12_initDAPolling
 .text.LIS2DH12_startDAPolling
                0x0000000000024360       0x24 _build/nrf52832_xxaa_LIS2DH12.cpp.o
                0x0000000000024360                LIS2DH12_startDAPolling
 .text.startup._GLOBAL__sub_I_LIS2DH12_init
                0x0000000000024384        0xc _build/nrf52832_xxaa_LIS2DH12.cpp.o
 .text._Z12readRegisterhPhh
                0x0000000000024390       0x74 _build/nrf52832_xxaa_LIS2DH12_registers.cpp.o
                0x0000000000024390                readRegister(unsigned char, unsigned char*, unsigned char)
 .text._Z11setRegisterhh
                0x0000000000024404       0x98 _build/nrf52832_xxaa_LIS2DH12_registers.cpp.o
                0x0000000000024404                setRegister(unsigned char, unsigned char)
 .text._Z13clearRegisterhh
                0x000000000002449c       0x98 _build/nrf52832_xxaa_LIS2DH12_registers.cpp.o
                0x000000000002449c                clearRegister(unsigned char, unsigned char)
 .text._Z23LIS2DH12_clearRegistersv
                0x0000000000024534      0x294 _build/nrf52832_xxaa_LIS2DH12_registers.cpp.o
                0x0000000000024534                LIS2DH12_clearRegisters()
 .text.sd_app_evt_wait
                0x00000000000247c8        0x4 _build/nrf52832_xxaa_spi.cpp.o
 .text._Z17spi_event_handlerPK17nrf_drv_spi_evt_tPv
                0x00000000000247cc        0xc _build/nrf52832_xxaa_spi.cpp.o
                0x00000000000247cc                spi_event_handler(nrf_drv_spi_evt_t const*, void*)
 .text.spi_init
                0x00000000000247d8       0x50 _build/nrf52832_xxaa_spi.cpp.o
                0x00000000000247d8                spi_init
 .text.spi_isInitialized
                0x0000000000024828        0xc _build/nrf52832_xxaa_spi.cpp.o
                0x0000000000024828                spi_isInitialized
 .text.spi_transfer
                0x0000000000024834       0x48 _build/nrf52832_xxaa_spi.cpp.o
                0x0000000000024834                spi_transfer
 .text._ZN12StateMachine13error_handlerEv
                0x000000000002487c       0x18 _build/nrf52832_xxaa_state_machine.cpp.o
                0x000000000002487c                StateMachine::error_handler()
 .text._ZN12StateMachineC2E7state_e
                0x0000000000024894       0x48 _build/nrf52832_xxaa_state_machine.cpp.o
                0x0000000000024894                StateMachine::StateMachine(state_e)
                0x0000000000024894                StateMachine::StateMachine(state_e)
 .text._ZN12StateMachine10transitionE7event_e
                0x00000000000248dc       0x28 _build/nrf52832_xxaa_state_machine.cpp.o
                0x00000000000248dc                StateMachine::transition(event_e)
 .text._ZN11BLE_Manager25createDetectorDataServiceEv
                0x0000000000024904      0x170 _build/nrf52832_xxaa_ble_manager.cpp.o
                0x0000000000024904                BLE_Manager::createDetectorDataService()
 .text._ZN11BLE_Manager23createDeviceInfoServiceEv
                0x0000000000024a74       0x2c _build/nrf52832_xxaa_ble_manager.cpp.o
                0x0000000000024a74                BLE_Manager::createDeviceInfoService()
 .text._ZN11BLE_Manager17setCharacteristicEhhPht
                0x0000000000024aa0       0x54 _build/nrf52832_xxaa_ble_manager.cpp.o
                0x0000000000024aa0                BLE_Manager::setCharacteristic(unsigned char, unsigned char, unsigned char*, unsigned short)
 .text._ZN11BLE_Manager12checkServiceEv
                0x0000000000024af4       0x2c _build/nrf52832_xxaa_ble_manager.cpp.o
                0x0000000000024af4                BLE_Manager::checkService()
 .text._ZN11BLE_Manager9checkCharEv
                0x0000000000024b20       0x34 _build/nrf52832_xxaa_ble_manager.cpp.o
                0x0000000000024b20                BLE_Manager::checkChar()
 .text._ZN11BLE_Manager16createBLEServiceEv
                0x0000000000024b54       0x64 _build/nrf52832_xxaa_ble_manager.cpp.o
                0x0000000000024b54                BLE_Manager::createBLEService()
 .text._ZN11BLE_Manager7managerEv
                0x0000000000024bb8        0x8 _build/nrf52832_xxaa_ble_manager.cpp.o
                0x0000000000024bb8                BLE_Manager::manager()
 .text.sd_ble_gap_disconnect
                0x0000000000024bc0        0x4 _build/nrf52832_xxaa_ble_interface.cpp.o
 .text.sd_ble_gap_ppcp_set
                0x0000000000024bc4        0x4 _build/nrf52832_xxaa_ble_interface.cpp.o
 .text.sd_ble_gap_sec_params_reply
                0x0000000000024bc8        0x4 _build/nrf52832_xxaa_ble_interface.cpp.o
 .text.sd_ble_gatts_rw_authorize_reply
                0x0000000000024bcc        0x4 _build/nrf52832_xxaa_ble_interface.cpp.o
 .text.sd_ble_gatts_sys_attr_set
                0x0000000000024bd0        0x4 _build/nrf52832_xxaa_ble_interface.cpp.o
 .text.sd_ble_cfg_set
                0x0000000000024bd4        0x4 _build/nrf52832_xxaa_ble_interface.cpp.o
 .text.sd_ble_user_mem_reply
                0x0000000000024bd8        0x4 _build/nrf52832_xxaa_ble_interface.cpp.o
 .text._ZN3BLE25conn_params_error_handlerEm
                0x0000000000024bdc        0x4 _build/nrf52832_xxaa_ble_interface.cpp.o
                0x0000000000024bdc                BLE::conn_params_error_handler(unsigned long)
 .text._ZN3BLE18on_conn_params_evtEP21ble_conn_params_evt_t
                0x0000000000024be0       0x14 _build/nrf52832_xxaa_ble_interface.cpp.o
                0x0000000000024be0                BLE::on_conn_params_evt(ble_conn_params_evt_t*)
 .text._ZN3BLE10addServiceEP7Serviceh
                0x0000000000024bf4       0x28 _build/nrf52832_xxaa_ble_interface.cpp.o
                0x0000000000024bf4                BLE::addService(Service*, unsigned char)
 .text._ZN3BLE10getServiceEh
                0x0000000000024c1c       0x10 _build/nrf52832_xxaa_ble_interface.cpp.o
                0x0000000000024c1c                BLE::getService(unsigned char)
 .text._ZN3BLE11isConnectedEv
                0x0000000000024c2c        0xc _build/nrf52832_xxaa_ble_interface.cpp.o
                0x0000000000024c2c                BLE::isConnected()
 .text._ZN3BLE10on_ble_evtEP9ble_evt_t
                0x0000000000024c38      0x110 _build/nrf52832_xxaa_ble_interface.cpp.o
                0x0000000000024c38                BLE::on_ble_evt(ble_evt_t*)
 .text._ZN3BLE16ble_evt_dispatchEP9ble_evt_t
                0x0000000000024d48      0x148 _build/nrf52832_xxaa_ble_interface.cpp.o
                0x0000000000024d48                BLE::ble_evt_dispatch(ble_evt_t*)
 .text._ZN3BLE4initEv
                0x0000000000024e90       0xe0 _build/nrf52832_xxaa_ble_interface.cpp.o
                0x0000000000024e90                BLE::init()
 .text.startup._GLOBAL__sub_I__ZN3BLE3advE
                0x0000000000024f70       0x28 _build/nrf52832_xxaa_ble_interface.cpp.o
 .text.sd_ble_gatts_service_add
                0x0000000000024f98        0x4 _build/nrf52832_xxaa_ble_service.cpp.o
 .text.sd_ble_uuid_vs_add
                0x0000000000024f9c        0x4 _build/nrf52832_xxaa_ble_service.cpp.o
 .text._ZN7ServiceC2Ev
                0x0000000000024fa0       0x48 _build/nrf52832_xxaa_ble_service.cpp.o
                0x0000000000024fa0                Service::Service()
                0x0000000000024fa0                Service::Service()
 .text._ZN7Service12eventHandlerEP9ble_evt_t
                0x0000000000024fe8      0x150 _build/nrf52832_xxaa_ble_service.cpp.o
                0x0000000000024fe8                Service::eventHandler(ble_evt_t*)
 .text._ZN7Service13attachServiceEv
                0x0000000000025138       0x44 _build/nrf52832_xxaa_ble_service.cpp.o
                0x0000000000025138                Service::attachService()
 .text._ZN7Service12createCustomEt13ble_uuid128_t
                0x000000000002517c       0x38 _build/nrf52832_xxaa_ble_service.cpp.o
                0x000000000002517c                Service::createCustom(unsigned short, ble_uuid128_t)
 .text._ZN7Service9createSIGEt
                0x00000000000251b4       0x10 _build/nrf52832_xxaa_ble_service.cpp.o
                0x00000000000251b4                Service::createSIG(unsigned short)
 .text._ZN7Service17addCharacteristicEP14Characteristich
                0x00000000000251c4       0x24 _build/nrf52832_xxaa_ble_service.cpp.o
                0x00000000000251c4                Service::addCharacteristic(Characteristic*, unsigned char)
 .text._ZN7Service17getCharacteristicEh
                0x00000000000251e8        0xc _build/nrf52832_xxaa_ble_service.cpp.o
                0x00000000000251e8                Service::getCharacteristic(unsigned char)
 .text.sd_ble_gatts_characteristic_add
                0x00000000000251f4        0x4 _build/nrf52832_xxaa_ble_characteristic.cpp.o
 .text.sd_ble_gatts_value_set
                0x00000000000251f8        0x4 _build/nrf52832_xxaa_ble_characteristic.cpp.o
 .text.sd_ble_gatts_hvx
                0x00000000000251fc        0x4 _build/nrf52832_xxaa_ble_characteristic.cpp.o
 .text._ZN14CharacteristicC2Ev
                0x0000000000025200       0x6c _build/nrf52832_xxaa_ble_characteristic.cpp.o
                0x0000000000025200                Characteristic::Characteristic()
                0x0000000000025200                Characteristic::Characteristic()
 .text._ZN14Characteristic7setUUIDEt
                0x000000000002526c       0x10 _build/nrf52832_xxaa_ble_characteristic.cpp.o
                0x000000000002526c                Characteristic::setUUID(unsigned short)
 .text._ZN14Characteristic11setUUIDTypeEh
                0x000000000002527c       0x10 _build/nrf52832_xxaa_ble_characteristic.cpp.o
                0x000000000002527c                Characteristic::setUUIDType(unsigned char)
 .text._ZN14Characteristic15attachToServiceEt
                0x000000000002528c       0x58 _build/nrf52832_xxaa_ble_characteristic.cpp.o
                0x000000000002528c                Characteristic::attachToService(unsigned short)
 .text._ZN14Characteristic10enableReadEv
                0x00000000000252e4       0x34 _build/nrf52832_xxaa_ble_characteristic.cpp.o
                0x00000000000252e4                Characteristic::enableRead()
 .text._ZN14Characteristic18enableNotificationEv
                0x0000000000025318       0x3c _build/nrf52832_xxaa_ble_characteristic.cpp.o
                0x0000000000025318                Characteristic::enableNotification()
 .text._ZN14Characteristic9initValueEPht
                0x0000000000025354       0x14 _build/nrf52832_xxaa_ble_characteristic.cpp.o
                0x0000000000025354                Characteristic::initValue(unsigned char*, unsigned short)
 .text._ZN14Characteristic12setMaxLengthEt
                0x0000000000025368       0x18 _build/nrf52832_xxaa_ble_characteristic.cpp.o
                0x0000000000025368                Characteristic::setMaxLength(unsigned short)
 .text._ZN14Characteristic6notifyEPhPt
                0x0000000000025380       0x84 _build/nrf52832_xxaa_ble_characteristic.cpp.o
                0x0000000000025380                Characteristic::notify(unsigned char*, unsigned short*)
 .text._ZN14Characteristic6updateEPht
                0x0000000000025404       0x74 _build/nrf52832_xxaa_ble_characteristic.cpp.o
                0x0000000000025404                Characteristic::update(unsigned char*, unsigned short)
 .text._ZN14Characteristic6isInitEv
                0x0000000000025478        0x8 _build/nrf52832_xxaa_ble_characteristic.cpp.o
                0x0000000000025478                Characteristic::isInit()
 .text._ZN14Characteristic13setConnHandleEt
                0x0000000000025480        0x8 _build/nrf52832_xxaa_ble_characteristic.cpp.o
                0x0000000000025480                Characteristic::setConnHandle(unsigned short)
 .text.sd_ble_gap_adv_start
                0x0000000000025488        0x4 _build/nrf52832_xxaa_ble_advertising.cpp.o
 .text.sd_ble_gap_device_name_set
                0x000000000002548c        0x4 _build/nrf52832_xxaa_ble_advertising.cpp.o
 .text._ZN11AdvertisingC2Ev
                0x0000000000025490       0x28 _build/nrf52832_xxaa_ble_advertising.cpp.o
                0x0000000000025490                Advertising::Advertising()
                0x0000000000025490                Advertising::Advertising()
 .text._ZN11Advertising5startEt
                0x00000000000254b8       0x30 _build/nrf52832_xxaa_ble_advertising.cpp.o
                0x00000000000254b8                Advertising::start(unsigned short)
 .text._ZN11Advertising7setNameEPKc
                0x00000000000254e8       0x34 _build/nrf52832_xxaa_ble_advertising.cpp.o
                0x00000000000254e8                Advertising::setName(char const*)
 .text._ZN11Advertising13advertiseNameEv
                0x000000000002551c       0x10 _build/nrf52832_xxaa_ble_advertising.cpp.o
                0x000000000002551c                Advertising::advertiseName()
 .text._ZN11Advertising13advertiseUUIDE10ble_uuid_t
                0x000000000002552c       0x24 _build/nrf52832_xxaa_ble_advertising.cpp.o
                0x000000000002552c                Advertising::advertiseUUID(ble_uuid_t)
 .text._ZN9TrapEventC2Ev
                0x0000000000025550       0x1c _build/nrf52832_xxaa_trap_event.cpp.o
                0x0000000000025550                TrapEvent::TrapEvent()
                0x0000000000025550                TrapEvent::TrapEvent()
 .text._ZN9TrapEvent5clearEv
                0x000000000002556c       0x14 _build/nrf52832_xxaa_trap_event.cpp.o
                0x000000000002556c                TrapEvent::clear()
 .text._ZN9TrapEvent11processDataEv
                0x0000000000025580       0x68 _build/nrf52832_xxaa_trap_event.cpp.o
                0x0000000000025580                TrapEvent::processData()
 .text._ZN9TrapEvent9printDataEv
                0x00000000000255e8       0x50 _build/nrf52832_xxaa_trap_event.cpp.o
                0x00000000000255e8                TrapEvent::printData()
 .text._ZN9TrapEvent13getKillNumberEv
                0x0000000000025638        0x8 _build/nrf52832_xxaa_trap_event.cpp.o
                0x0000000000025638                TrapEvent::getKillNumber()
 .text._ZN9TrapEvent17getResponseLengthEv
                0x0000000000025640        0x4 _build/nrf52832_xxaa_trap_event.cpp.o
                0x0000000000025640                TrapEvent::getResponseLength()
 .text._ZN9TrapEvent12getPeakValueEv
                0x0000000000025644        0x4 _build/nrf52832_xxaa_trap_event.cpp.o
                0x0000000000025644                TrapEvent::getPeakValue()
 .text._ZN9TrapEvent15getResponseSizeEv
                0x0000000000025648        0x4 _build/nrf52832_xxaa_trap_event.cpp.o
                0x0000000000025648                TrapEvent::getResponseSize()
 .text._ZN9TrapEvent10getDidClipEv
                0x000000000002564c        0x4 _build/nrf52832_xxaa_trap_event.cpp.o
                0x000000000002564c                TrapEvent::getDidClip()
 .text._ZN9TrapEvent12setTimeStampEm
                0x0000000000025650        0x4 _build/nrf52832_xxaa_trap_event.cpp.o
                0x0000000000025650                TrapEvent::setTimeStamp(unsigned long)
 .text._ZN11CurrentTime13minuteHandlerEPv
                0x0000000000025654       0x10 _build/nrf52832_xxaa_current_time.cpp.o
                0x0000000000025654                CurrentTime::minuteHandler(void*)
 .text._ZN11CurrentTime10startClockEv
                0x0000000000025664       0x14 _build/nrf52832_xxaa_current_time.cpp.o
                0x0000000000025664                CurrentTime::startClock()
 .text._ZN11CurrentTime14getCurrentTimeEv
                0x0000000000025678        0xc _build/nrf52832_xxaa_current_time.cpp.o
                0x0000000000025678                CurrentTime::getCurrentTime()
 .text.startup._GLOBAL__sub_I__ZN11CurrentTime13timeInMinutesE
                0x0000000000025684        0xc _build/nrf52832_xxaa_current_time.cpp.o
 .text._Z9int1EventPv
                0x0000000000025690       0x60 _build/nrf52832_xxaa_main.cpp.o
                0x0000000000025690                int1Event(void*)
 .text._Z14intThreshEventm21nrf_gpiote_polarity_t
                0x00000000000256f0       0x28 _build/nrf52832_xxaa_main.cpp.o
                0x00000000000256f0                intThreshEvent(unsigned long, nrf_gpiote_polarity_t)
 .text._Z14buttonPressIntm21nrf_gpiote_polarity_t
                0x0000000000025718        0x4 _build/nrf52832_xxaa_main.cpp.o
                0x0000000000025718                buttonPressInt(unsigned long, nrf_gpiote_polarity_t)
 .text.startup.main
                0x000000000002571c      0x244 _build/nrf52832_xxaa_main.cpp.o
                0x000000000002571c                main
 .text.startup._GLOBAL__sub_I_curEvent
                0x0000000000025960       0x28 _build/nrf52832_xxaa_main.cpp.o
 .text          0x0000000000025988       0x30 /Users/michaelmcadam/SDK/Nordic_nf52/gcc-arm-none-eabi-6.3.1/bin/../lib/gcc/arm-none-eabi/6.3.1/thumb/v7e-m/fpv4-sp/hard/libgcc.a(_aeabi_uldivmod.o)
                0x0000000000025988                __aeabi_uldivmod
 .text          0x00000000000259b8      0x2dc /Users/michaelmcadam/SDK/Nordic_nf52/gcc-arm-none-eabi-6.3.1/bin/../lib/gcc/arm-none-eabi/6.3.1/thumb/v7e-m/fpv4-sp/hard/libgcc.a(_udivmoddi4.o)
                0x00000000000259b8                __udivmoddi4
 .text          0x0000000000025c94      0x9cc /Users/michaelmcadam/SDK/Nordic_nf52/gcc-arm-none-eabi-6.3.1/bin/../lib/gcc/arm-none-eabi/6.3.1/thumb/v7e-m/fpv4-sp/hard/libgcc.a(unwind-arm.o)
                0x0000000000025f54                _Unwind_GetCFA
                0x0000000000025f58                __gnu_Unwind_RaiseException
                0x0000000000025fb8                __gnu_Unwind_ForcedUnwind
                0x0000000000025fcc                __gnu_Unwind_Resume
                0x0000000000026010                __gnu_Unwind_Resume_or_Rethrow
                0x0000000000026020                _Unwind_Complete
                0x0000000000026024                _Unwind_DeleteException
                0x0000000000026030                _Unwind_VRS_Get
                0x000000000002607c                _Unwind_VRS_Set
                0x00000000000260cc                __gnu_Unwind_Backtrace
                0x000000000002640c                __aeabi_unwind_cpp_pr0
                0x0000000000026410                __aeabi_unwind_cpp_pr1
                0x0000000000026414                __aeabi_unwind_cpp_pr2
                0x0000000000026418                _Unwind_VRS_Pop
 .text          0x0000000000026660      0x1ac /Users/michaelmcadam/SDK/Nordic_nf52/gcc-arm-none-eabi-6.3.1/bin/../lib/gcc/arm-none-eabi/6.3.1/thumb/v7e-m/fpv4-sp/hard/libgcc.a(libunwind.o)
                0x0000000000026660                __restore_core_regs
                0x0000000000026660                restore_core_regs
                0x0000000000026678                __gnu_Unwind_Restore_VFP
                0x0000000000026680                __gnu_Unwind_Save_VFP
                0x0000000000026688                __gnu_Unwind_Restore_VFP_D
                0x0000000000026690                __gnu_Unwind_Save_VFP_D
                0x0000000000026698                __gnu_Unwind_Restore_VFP_D_16_to_31
                0x00000000000266a0                __gnu_Unwind_Save_VFP_D_16_to_31
                0x00000000000266a8                __gnu_Unwind_Restore_WMMXD
                0x00000000000266ec                __gnu_Unwind_Save_WMMXD
                0x0000000000026730                __gnu_Unwind_Restore_WMMXC
                0x0000000000026744                __gnu_Unwind_Save_WMMXC
                0x0000000000026758                _Unwind_RaiseException
                0x0000000000026758                ___Unwind_RaiseException
                0x000000000002677c                ___Unwind_Resume
                0x000000000002677c                _Unwind_Resume
                0x00000000000267a0                ___Unwind_Resume_or_Rethrow
                0x00000000000267a0                _Unwind_Resume_or_Rethrow
                0x00000000000267c4                _Unwind_ForcedUnwind
                0x00000000000267c4                ___Unwind_ForcedUnwind
                0x00000000000267e8                _Unwind_Backtrace
                0x00000000000267e8                ___Unwind_Backtrace
 .text          0x000000000002680c      0x380 /Users/michaelmcadam/SDK/Nordic_nf52/gcc-arm-none-eabi-6.3.1/bin/../lib/gcc/arm-none-eabi/6.3.1/thumb/v7e-m/fpv4-sp/hard/libgcc.a(pr-support.o)
                0x0000000000026864                __gnu_unwind_execute
                0x0000000000026b34                __gnu_unwind_frame
                0x0000000000026b5c                _Unwind_GetRegionStart
                0x0000000000026b68                _Unwind_GetLanguageSpecificData
                0x0000000000026b7c                _Unwind_GetTextRelBase
                0x0000000000026b84                _Unwind_GetDataRelBase
 .text          0x0000000000026b8c        0x4 /Users/michaelmcadam/SDK/Nordic_nf52/gcc-arm-none-eabi-6.3.1/bin/../lib/gcc/arm-none-eabi/6.3.1/thumb/v7e-m/fpv4-sp/hard/libgcc.a(_dvmd_tls.o)
                0x0000000000026b8c                __aeabi_ldiv0
                0x0000000000026b8c                __aeabi_idiv0
 .text.abort    0x0000000000026b90        0xe /Users/michaelmcadam/SDK/Nordic_nf52/gcc-arm-none-eabi-6.3.1/bin/../lib/gcc/arm-none-eabi/6.3.1/../../../../arm-none-eabi/lib/thumb/v7e-m/fpv4-sp/hard/libc_nano.a(lib_a-abort.o)
                0x0000000000026b90                abort
 .text.memcpy   0x0000000000026b9e       0x16 /Users/michaelmcadam/SDK/Nordic_nf52/gcc-arm-none-eabi-6.3.1/bin/../lib/gcc/arm-none-eabi/6.3.1/../../../../arm-none-eabi/lib/thumb/v7e-m/fpv4-sp/hard/libc_nano.a(lib_a-memcpy-stub.o)
                0x0000000000026b9e                memcpy
 .text._raise_r
                0x0000000000026bb4       0x50 /Users/michaelmcadam/SDK/Nordic_nf52/gcc-arm-none-eabi-6.3.1/bin/../lib/gcc/arm-none-eabi/6.3.1/../../../../arm-none-eabi/lib/thumb/v7e-m/fpv4-sp/hard/libc_nano.a(lib_a-signal.o)
                0x0000000000026bb4                _raise_r
 .text.raise    0x0000000000026c04       0x10 /Users/michaelmcadam/SDK/Nordic_nf52/gcc-arm-none-eabi-6.3.1/bin/../lib/gcc/arm-none-eabi/6.3.1/../../../../arm-none-eabi/lib/thumb/v7e-m/fpv4-sp/hard/libc_nano.a(lib_a-signal.o)
                0x0000000000026c04                raise
 .text._kill_r  0x0000000000026c14       0x24 /Users/michaelmcadam/SDK/Nordic_nf52/gcc-arm-none-eabi-6.3.1/bin/../lib/gcc/arm-none-eabi/6.3.1/../../../../arm-none-eabi/lib/thumb/v7e-m/fpv4-sp/hard/libc_nano.a(lib_a-signalr.o)
                0x0000000000026c14                _kill_r
 .text._getpid_r
                0x0000000000026c38        0x4 /Users/michaelmcadam/SDK/Nordic_nf52/gcc-arm-none-eabi-6.3.1/bin/../lib/gcc/arm-none-eabi/6.3.1/../../../../arm-none-eabi/lib/thumb/v7e-m/fpv4-sp/hard/libc_nano.a(lib_a-signalr.o)
                0x0000000000026c38                _getpid_r
 .text          0x0000000000026c3c       0x10 /Users/michaelmcadam/SDK/Nordic_nf52/gcc-arm-none-eabi-6.3.1/bin/../lib/gcc/arm-none-eabi/6.3.1/../../../../arm-none-eabi/lib/thumb/v7e-m/fpv4-sp/hard/libc_nano.a(lib_a-strlen.o)
                0x0000000000026c3c                strlen
 .text._vsprintf_r
                0x0000000000026c4c       0x30 /Users/michaelmcadam/SDK/Nordic_nf52/gcc-arm-none-eabi-6.3.1/bin/../lib/gcc/arm-none-eabi/6.3.1/../../../../arm-none-eabi/lib/thumb/v7e-m/fpv4-sp/hard/libc_nano.a(lib_a-vsprintf.o)
                0x0000000000026c4c                _vsiprintf_r
                0x0000000000026c4c                _vsprintf_r
 .text.vsprintf
                0x0000000000026c7c       0x14 /Users/michaelmcadam/SDK/Nordic_nf52/gcc-arm-none-eabi-6.3.1/bin/../lib/gcc/arm-none-eabi/6.3.1/../../../../arm-none-eabi/lib/thumb/v7e-m/fpv4-sp/hard/libc_nano.a(lib_a-vsprintf.o)
                0x0000000000026c7c                vsprintf
                0x0000000000026c7c                vsiprintf
 .text._malloc_r
                0x0000000000026c90       0xbc /Users/michaelmcadam/SDK/Nordic_nf52/gcc-arm-none-eabi-6.3.1/bin/../lib/gcc/arm-none-eabi/6.3.1/../../../../arm-none-eabi/lib/thumb/v7e-m/fpv4-sp/hard/libc_nano.a(lib_a-nano-mallocr.o)
                0x0000000000026c90                _malloc_r
 .text.__ssputs_r
                0x0000000000026d4c       0xb6 /Users/michaelmcadam/SDK/Nordic_nf52/gcc-arm-none-eabi-6.3.1/bin/../lib/gcc/arm-none-eabi/6.3.1/../../../../arm-none-eabi/lib/thumb/v7e-m/fpv4-sp/hard/libc_nano.a(lib_a-nano-svfprintf.o)
                0x0000000000026d4c                __ssputs_r
 *fill*         0x0000000000026e02        0x2 
 .text._svfprintf_r
                0x0000000000026e04      0x1e8 /Users/michaelmcadam/SDK/Nordic_nf52/gcc-arm-none-eabi-6.3.1/bin/../lib/gcc/arm-none-eabi/6.3.1/../../../../arm-none-eabi/lib/thumb/v7e-m/fpv4-sp/hard/libc_nano.a(lib_a-nano-svfprintf.o)
                0x0000000000026e04                _svfprintf_r
                0x0000000000026e04                _svfiprintf_r
 .text._printf_common
                0x0000000000026fec       0xec /Users/michaelmcadam/SDK/Nordic_nf52/gcc-arm-none-eabi-6.3.1/bin/../lib/gcc/arm-none-eabi/6.3.1/../../../../arm-none-eabi/lib/thumb/v7e-m/fpv4-sp/hard/libc_nano.a(lib_a-nano-vfprintf_i.o)
                0x0000000000026fec                _printf_common
 .text._printf_i
                0x00000000000270d8      0x240 /Users/michaelmcadam/SDK/Nordic_nf52/gcc-arm-none-eabi-6.3.1/bin/../lib/gcc/arm-none-eabi/6.3.1/../../../../arm-none-eabi/lib/thumb/v7e-m/fpv4-sp/hard/libc_nano.a(lib_a-nano-vfprintf_i.o)
                0x00000000000270d8                _printf_i
 .text._sbrk_r  0x0000000000027318       0x20 /Users/michaelmcadam/SDK/Nordic_nf52/gcc-arm-none-eabi-6.3.1/bin/../lib/gcc/arm-none-eabi/6.3.1/../../../../arm-none-eabi/lib/thumb/v7e-m/fpv4-sp/hard/libc_nano.a(lib_a-sbrkr.o)
                0x0000000000027318                _sbrk_r
 *fill*         0x0000000000027338        0x8 
 .text          0x0000000000027340       0xa0 /Users/michaelmcadam/SDK/Nordic_nf52/gcc-arm-none-eabi-6.3.1/bin/../lib/gcc/arm-none-eabi/6.3.1/../../../../arm-none-eabi/lib/thumb/v7e-m/fpv4-sp/hard/libc_nano.a(lib_a-memchr.o)
                0x0000000000027340                memchr
 .text.memmove  0x00000000000273e0       0x34 /Users/michaelmcadam/SDK/Nordic_nf52/gcc-arm-none-eabi-6.3.1/bin/../lib/gcc/arm-none-eabi/6.3.1/../../../../arm-none-eabi/lib/thumb/v7e-m/fpv4-sp/hard/libc_nano.a(lib_a-memmove.o)
                0x00000000000273e0                memmove
 .text.__malloc_lock
                0x0000000000027414        0x2 /Users/michaelmcadam/SDK/Nordic_nf52/gcc-arm-none-eabi-6.3.1/bin/../lib/gcc/arm-none-eabi/6.3.1/../../../../arm-none-eabi/lib/thumb/v7e-m/fpv4-sp/hard/libc_nano.a(lib_a-mlock.o)
                0x0000000000027414                __malloc_lock
 .text.__malloc_unlock
                0x0000000000027416        0x2 /Users/michaelmcadam/SDK/Nordic_nf52/gcc-arm-none-eabi-6.3.1/bin/../lib/gcc/arm-none-eabi/6.3.1/../../../../arm-none-eabi/lib/thumb/v7e-m/fpv4-sp/hard/libc_nano.a(lib_a-mlock.o)
                0x0000000000027416                __malloc_unlock
 .text._free_r  0x0000000000027418       0x9c /Users/michaelmcadam/SDK/Nordic_nf52/gcc-arm-none-eabi-6.3.1/bin/../lib/gcc/arm-none-eabi/6.3.1/../../../../arm-none-eabi/lib/thumb/v7e-m/fpv4-sp/hard/libc_nano.a(lib_a-nano-freer.o)
                0x0000000000027418                _free_r
 .text._realloc_r
                0x00000000000274b4       0x4c /Users/michaelmcadam/SDK/Nordic_nf52/gcc-arm-none-eabi-6.3.1/bin/../lib/gcc/arm-none-eabi/6.3.1/../../../../arm-none-eabi/lib/thumb/v7e-m/fpv4-sp/hard/libc_nano.a(lib_a-nano-reallocr.o)
                0x00000000000274b4                _realloc_r
 .text._malloc_usable_size_r
                0x0000000000027500       0x12 /Users/michaelmcadam/SDK/Nordic_nf52/gcc-arm-none-eabi-6.3.1/bin/../lib/gcc/arm-none-eabi/6.3.1/../../../../arm-none-eabi/lib/thumb/v7e-m/fpv4-sp/hard/libc_nano.a(lib_a-nano-msizer.o)
                0x0000000000027500                _malloc_usable_size_r
 *fill*         0x0000000000027512        0x2 
 .text._getpid  0x0000000000027514       0x10 /Users/michaelmcadam/SDK/Nordic_nf52/gcc-arm-none-eabi-6.3.1/bin/../lib/gcc/arm-none-eabi/6.3.1/../../../../arm-none-eabi/lib/thumb/v7e-m/fpv4-sp/hard/libnosys.a(getpid.o)
                0x0000000000027514                _getpid
 .text._kill    0x0000000000027524       0x10 /Users/michaelmcadam/SDK/Nordic_nf52/gcc-arm-none-eabi-6.3.1/bin/../lib/gcc/arm-none-eabi/6.3.1/../../../../arm-none-eabi/lib/thumb/v7e-m/fpv4-sp/hard/libnosys.a(kill.o)
                0x0000000000027524                _kill
 .text._sbrk    0x0000000000027534       0x1c /Users/michaelmcadam/SDK/Nordic_nf52/gcc-arm-none-eabi-6.3.1/bin/../lib/gcc/arm-none-eabi/6.3.1/../../../../arm-none-eabi/lib/thumb/v7e-m/fpv4-sp/hard/libnosys.a(sbrk.o)
                0x0000000000027534                _sbrk
 *(.init)
 .init          0x0000000000027550        0x4 /Users/michaelmcadam/SDK/Nordic_nf52/gcc-arm-none-eabi-6.3.1/bin/../lib/gcc/arm-none-eabi/6.3.1/thumb/v7e-m/fpv4-sp/hard/crti.o
                0x0000000000027550                _init
 .init          0x0000000000027554        0x8 /Users/michaelmcadam/SDK/Nordic_nf52/gcc-arm-none-eabi-6.3.1/bin/../lib/gcc/arm-none-eabi/6.3.1/thumb/v7e-m/fpv4-sp/hard/crtn.o
 *(.fini)
 .fini          0x000000000002755c        0x4 /Users/michaelmcadam/SDK/Nordic_nf52/gcc-arm-none-eabi-6.3.1/bin/../lib/gcc/arm-none-eabi/6.3.1/thumb/v7e-m/fpv4-sp/hard/crti.o
                0x000000000002755c                _fini
 .fini          0x0000000000027560        0x8 /Users/michaelmcadam/SDK/Nordic_nf52/gcc-arm-none-eabi-6.3.1/bin/../lib/gcc/arm-none-eabi/6.3.1/thumb/v7e-m/fpv4-sp/hard/crtn.o
 *crtbegin.o(.ctors)
 *crtbegin?.o(.ctors)
 *(EXCLUDE_FILE(*crtend.o *crtend?.o) .ctors)
 *(SORT(.ctors.*))
 *(.ctors)
 *crtbegin.o(.dtors)
 *crtbegin?.o(.dtors)
 *(EXCLUDE_FILE(*crtend.o *crtend?.o) .dtors)
 *(SORT(.dtors.*))
 *(.dtors)
 *(.rodata*)
 .rodata._global_impure_ptr
                0x0000000000027568        0x4 /Users/michaelmcadam/SDK/Nordic_nf52/gcc-arm-none-eabi-6.3.1/bin/../lib/gcc/arm-none-eabi/6.3.1/../../../../arm-none-eabi/lib/thumb/v7e-m/fpv4-sp/hard/libc_nano.a(lib_a-impure.o)
                0x0000000000027568                _global_impure_ptr
 .rodata        0x000000000002756c       0x20 _build/nrf52832_xxaa_nrf_log_backend_serial.c.o
 .rodata.nrf_log_frontend_std_0.str1.4
                0x000000000002758c        0xb _build/nrf52832_xxaa_nrf_log_frontend.c.o
 *fill*         0x0000000000027597        0x1 
 .rodata.app_error_fault_handler.str1.4
                0x0000000000027598       0x29 _build/nrf52832_xxaa_app_error_weak.c.o
 *fill*         0x00000000000275c1        0x3 
 .rodata.m_fds_tl_dirty
                0x00000000000275c4        0x4 _build/nrf52832_xxaa_fds.c.o
 .rodata.page_tag_data.8625
                0x00000000000275c8        0x8 _build/nrf52832_xxaa_fds.c.o
 .rodata.page_tag_swap.8621
                0x00000000000275d0        0x8 _build/nrf52832_xxaa_fds.c.o
 .rodata        0x00000000000275d8       0x20 _build/nrf52832_xxaa_app_uart_fifo.c.o
 .rodata.m_conn_params_timer_id
                0x00000000000275f8        0x4 _build/nrf52832_xxaa_ble_conn_params.c.o
 .rodata.nrf_ble_gatt_on_ble_evt.str1.4
                0x00000000000275fc      0x185 _build/nrf52832_xxaa_nrf_ble_gatt.c.o
 *fill*         0x0000000000027781        0x3 
 .rodata.softdevice_enable.str1.4
                0x0000000000027784       0xa5 _build/nrf52832_xxaa_softdevice_handler.c.o
 *fill*         0x0000000000027829        0x3 
 .rodata        0x000000000002782c       0x18 _build/nrf52832_xxaa_uart_interface.c.o
 .rodata.LIS2DH12_initThresholdInterrupt1.str1.4
                0x0000000000027844       0x66 _build/nrf52832_xxaa_LIS2DH12.cpp.o
 *fill*         0x00000000000278aa        0x2 
 .rodata._ZL16sampleRateLookup
                0x00000000000278ac        0xe _build/nrf52832_xxaa_LIS2DH12.cpp.o
 *fill*         0x00000000000278ba        0x2 
 .rodata._ZZ32LIS2DH12_initThresholdInterrupt1E8__func__
                0x00000000000278bc       0x21 _build/nrf52832_xxaa_LIS2DH12.cpp.o
 *fill*         0x00000000000278dd        0x3 
 .rodata        0x00000000000278e0       0x10 _build/nrf52832_xxaa_spi.cpp.o
 .rodata._ZL3spi
                0x00000000000278f0        0x8 _build/nrf52832_xxaa_spi.cpp.o
 .rodata._ZN12StateMachine13error_handlerEv.str1.4
                0x00000000000278f8       0x58 _build/nrf52832_xxaa_state_machine.cpp.o
 .rodata._ZZN12StateMachine13error_handlerEvE8__func__
                0x0000000000027950        0xe _build/nrf52832_xxaa_state_machine.cpp.o
 *fill*         0x000000000002795e        0x2 
 .rodata        0x0000000000027960       0x10 _build/nrf52832_xxaa_ble_manager.cpp.o
 .rodata._ZN11BLE_Manager12checkServiceEv.str1.4
                0x0000000000027970       0x47 _build/nrf52832_xxaa_ble_manager.cpp.o
 *fill*         0x00000000000279b7        0x1 
 .rodata._ZN11BLE_Manager16createBLEServiceEv.str1.4
                0x00000000000279b8       0x25 _build/nrf52832_xxaa_ble_manager.cpp.o
 *fill*         0x00000000000279dd        0x3 
 .rodata._ZN11BLE_Manager9checkCharEv.str1.4
                0x00000000000279e0       0x20 _build/nrf52832_xxaa_ble_manager.cpp.o
 .rodata._ZZN11BLE_Manager12checkServiceEvE8__func__
                0x0000000000027a00        0xd _build/nrf52832_xxaa_ble_manager.cpp.o
 *fill*         0x0000000000027a0d        0x3 
 .rodata._ZZN11BLE_Manager16createBLEServiceEvE8__func__
                0x0000000000027a10       0x11 _build/nrf52832_xxaa_ble_manager.cpp.o
 *fill*         0x0000000000027a21        0x3 
 .rodata._ZZN11BLE_Manager9checkCharEvE8__func__
                0x0000000000027a24        0xa _build/nrf52832_xxaa_ble_manager.cpp.o
 *fill*         0x0000000000027a2e        0x2 
 .rodata        0x0000000000027a30        0x4 _build/nrf52832_xxaa_ble_interface.cpp.o
 .rodata._ZN3BLE10on_ble_evtEP9ble_evt_t.str1.4
                0x0000000000027a34       0xa7 _build/nrf52832_xxaa_ble_interface.cpp.o
 *fill*         0x0000000000027adb        0x1 
 .rodata._ZN3BLE15gap_params_initEv.str1.4
                0x0000000000027adc        0x9 _build/nrf52832_xxaa_ble_interface.cpp.o
 *fill*         0x0000000000027ae5        0x3 
 .rodata._ZZN3BLE10on_ble_evtEP9ble_evt_tE8__func__
                0x0000000000027ae8        0xb _build/nrf52832_xxaa_ble_interface.cpp.o
 *fill*         0x0000000000027af3        0x1 
 .rodata._ZN14Characteristic15attachToServiceEt.str1.4
                0x0000000000027af4       0x5e _build/nrf52832_xxaa_ble_characteristic.cpp.o
 *fill*         0x0000000000027b52        0x2 
 .rodata._ZN14Characteristic6notifyEPhPt.str1.4
                0x0000000000027b54       0x47 _build/nrf52832_xxaa_ble_characteristic.cpp.o
 *fill*         0x0000000000027b9b        0x1 
 .rodata._ZN14Characteristic6updateEPht.str1.4
                0x0000000000027b9c       0x3a _build/nrf52832_xxaa_ble_characteristic.cpp.o
 *fill*         0x0000000000027bd6        0x2 
 .rodata._ZZN14Characteristic15attachToServiceEtE8__func__
                0x0000000000027bd8       0x10 _build/nrf52832_xxaa_ble_characteristic.cpp.o
 .rodata._ZZN14Characteristic6notifyEPhPtE8__func__
                0x0000000000027be8        0x7 _build/nrf52832_xxaa_ble_characteristic.cpp.o
 *fill*         0x0000000000027bef        0x1 
 .rodata._ZZN14Characteristic6updateEPhtE8__func__
                0x0000000000027bf0        0x7 _build/nrf52832_xxaa_ble_characteristic.cpp.o
 *fill*         0x0000000000027bf7        0x1 
 .rodata._ZN9TrapEvent9printDataEv.str1.4
                0x0000000000027bf8       0x59 _build/nrf52832_xxaa_trap_event.cpp.o
                                         0x5d (size before relaxing)
 *fill*         0x0000000000027c51        0x3 
 .rodata._Z14intThreshEventm21nrf_gpiote_polarity_t.str1.4
                0x0000000000027c54       0x16 _build/nrf52832_xxaa_main.cpp.o
 *fill*         0x0000000000027c6a        0x2 
 .rodata._Z9int1EventPv.str1.4
                0x0000000000027c6c       0x40 _build/nrf52832_xxaa_main.cpp.o
 .rodata._ZZ14intThreshEventm21nrf_gpiote_polarity_tE8__func__
                0x0000000000027cac        0xf _build/nrf52832_xxaa_main.cpp.o
 *fill*         0x0000000000027cbb        0x1 
 .rodata._ZZ4mainE8__func__
                0x0000000000027cbc        0x5 _build/nrf52832_xxaa_main.cpp.o
 *fill*         0x0000000000027cc1        0x3 
 .rodata._ZZ9int1EventPvE8__func__
                0x0000000000027cc4        0xa _build/nrf52832_xxaa_main.cpp.o
 *fill*         0x0000000000027cce        0x2 
 .rodata.main.str1.4
                0x0000000000027cd0       0x14 _build/nrf52832_xxaa_main.cpp.o
 .rodata._svfprintf_r.str1.1
                0x0000000000027ce4       0x11 /Users/michaelmcadam/SDK/Nordic_nf52/gcc-arm-none-eabi-6.3.1/bin/../lib/gcc/arm-none-eabi/6.3.1/../../../../arm-none-eabi/lib/thumb/v7e-m/fpv4-sp/hard/libc_nano.a(lib_a-nano-svfprintf.o)
 .rodata._printf_i.str1.1
                0x0000000000027cf5       0x22 /Users/michaelmcadam/SDK/Nordic_nf52/gcc-arm-none-eabi-6.3.1/bin/../lib/gcc/arm-none-eabi/6.3.1/../../../../arm-none-eabi/lib/thumb/v7e-m/fpv4-sp/hard/libc_nano.a(lib_a-nano-vfprintf_i.o)
 *(.eh_frame*)
 *fill*         0x0000000000027d17        0x1 
 .eh_frame      0x0000000000027d18        0x0 /Users/michaelmcadam/SDK/Nordic_nf52/gcc-arm-none-eabi-6.3.1/bin/../lib/gcc/arm-none-eabi/6.3.1/thumb/v7e-m/fpv4-sp/hard/crtbegin.o
 .eh_frame      0x0000000000027d18        0x4 /Users/michaelmcadam/SDK/Nordic_nf52/gcc-arm-none-eabi-6.3.1/bin/../lib/gcc/arm-none-eabi/6.3.1/thumb/v7e-m/fpv4-sp/hard/crtend.o

.glue_7         0x0000000000027d1c        0x0
 .glue_7        0x0000000000027d1c        0x0 linker stubs

.glue_7t        0x0000000000027d1c        0x0
 .glue_7t       0x0000000000027d1c        0x0 linker stubs

.vfp11_veneer   0x0000000000027d1c        0x0
 .vfp11_veneer  0x0000000000027d1c        0x0 linker stubs

.v4_bx          0x0000000000027d1c        0x0
 .v4_bx         0x0000000000027d1c        0x0 linker stubs

.iplt           0x0000000000027d1c        0x0
 .iplt          0x0000000000027d1c        0x0 /Users/michaelmcadam/SDK/Nordic_nf52/gcc-arm-none-eabi-6.3.1/bin/../lib/gcc/arm-none-eabi/6.3.1/thumb/v7e-m/fpv4-sp/hard/crtbegin.o

.pwr_mgmt_data  0x0000000000027d1c        0x0
                [!provide]                        PROVIDE (__start_pwr_mgmt_data, .)
 *(SORT(.pwr_mgmt_data*))
                [!provide]                        PROVIDE (__stop_pwr_mgmt_data, .)

.ARM.extab      0x0000000000027d1c       0x48
 *(.ARM.extab* .gnu.linkonce.armextab.*)
 .ARM.extab.text.LIS2DH12_initThresholdInterrupt1
                0x0000000000027d1c        0xc _build/nrf52832_xxaa_LIS2DH12.cpp.o
 .ARM.extab.text._ZN11BLE_Manager25createDetectorDataServiceEv
                0x0000000000027d28        0xc _build/nrf52832_xxaa_ble_manager.cpp.o
 .ARM.extab.text._ZN11BLE_Manager23createDeviceInfoServiceEv
                0x0000000000027d34        0xc _build/nrf52832_xxaa_ble_manager.cpp.o
 .ARM.extab.text._Z14intThreshEventm21nrf_gpiote_polarity_t
                0x0000000000027d40        0xc _build/nrf52832_xxaa_main.cpp.o
 .ARM.extab     0x0000000000027d4c       0x18 /Users/michaelmcadam/SDK/Nordic_nf52/gcc-arm-none-eabi-6.3.1/bin/../lib/gcc/arm-none-eabi/6.3.1/thumb/v7e-m/fpv4-sp/hard/libgcc.a(pr-support.o)
                0x0000000000027d64                __exidx_start = .

.ARM.exidx      0x0000000000027d64      0x250
 *(.ARM.exidx* .gnu.linkonce.armexidx.*)
 .ARM.exidx     0x0000000000027d64        0x8 /Users/michaelmcadam/SDK/Nordic_nf52/gcc-arm-none-eabi-6.3.1/bin/../lib/gcc/arm-none-eabi/6.3.1/../../../../arm-none-eabi/lib/thumb/v7e-m/fpv4-sp/hard/crt0.o
 .ARM.exidx.text._ZN4GPIO4initEv
                0x0000000000027d6c        0x0 _build/nrf52832_xxaa_gpio_interface.cpp.o
                                          0x8 (size before relaxing)
 .ARM.exidx.text._ZN4GPIO9setOutputEmm
                0x0000000000027d6c        0x0 _build/nrf52832_xxaa_gpio_interface.cpp.o
                                          0x8 (size before relaxing)
 .ARM.exidx.text._ZN4GPIO8setInputEm
                0x0000000000027d6c        0x0 _build/nrf52832_xxaa_gpio_interface.cpp.o
                                          0x8 (size before relaxing)
 .ARM.exidx.text._ZN4GPIO6toggleEm
                0x0000000000027d6c        0x0 _build/nrf52832_xxaa_gpio_interface.cpp.o
                                          0x8 (size before relaxing)
 .ARM.exidx.text._ZN4GPIO12initIntInputEm21nrf_gpiote_polarity_t19nrf_gpio_pin_pull_tbbPFvmS0_E
                0x0000000000027d6c        0x8 _build/nrf52832_xxaa_gpio_interface.cpp.o
 .ARM.exidx.text._ZN4GPIO15interruptEnableEm
                0x0000000000027d74        0x8 _build/nrf52832_xxaa_gpio_interface.cpp.o
 .ARM.exidx.text._ZN3ADCC2Ev
                0x0000000000027d7c        0x0 _build/nrf52832_xxaa_adc_interface.cpp.o
                                          0x8 (size before relaxing)
 .ARM.exidx.text._ZN5Timer20initialisePeripheralEv
                0x0000000000027d7c        0x8 _build/nrf52832_xxaa_timer_interface.cpp.o
 .ARM.exidx.text._ZN5Timer7getDiffEmm
                0x0000000000027d84        0x8 _build/nrf52832_xxaa_timer_interface.cpp.o
 .ARM.exidx.text._ZN5TimerC2Ev
                0x0000000000027d8c        0x0 _build/nrf52832_xxaa_timer_interface.cpp.o
                                          0x8 (size before relaxing)
 .ARM.exidx.text._ZN5Timer10startTimerEmPFvPvE
                0x0000000000027d8c        0x8 _build/nrf52832_xxaa_timer_interface.cpp.o
 .ARM.exidx.text._ZN5Timer12getFrequencyEv
                0x0000000000027d94        0x8 _build/nrf52832_xxaa_timer_interface.cpp.o
 .ARM.exidx.text.LIS2DH12_init
                0x0000000000027d9c        0x8 _build/nrf52832_xxaa_LIS2DH12.cpp.o
 .ARM.exidx.text.LIS2DH12_sample
                0x0000000000027da4        0x8 _build/nrf52832_xxaa_LIS2DH12.cpp.o
 .ARM.exidx.text.LIS2DH12_enableHighPass
                0x0000000000027dac        0x8 _build/nrf52832_xxaa_LIS2DH12.cpp.o
 .ARM.exidx.text.LIS2DH12_getALLmG
                0x0000000000027db4        0x8 _build/nrf52832_xxaa_LIS2DH12.cpp.o
 .ARM.exidx.text.LIS2DH12_clearInterrupts
                0x0000000000027dbc        0x8 _build/nrf52832_xxaa_LIS2DH12.cpp.o
 .ARM.exidx.text.LIS2DH12_initThresholdInterrupt1
                0x0000000000027dc4        0x8 _build/nrf52832_xxaa_LIS2DH12.cpp.o
 .ARM.exidx.text.LIS2DH12_initDAPolling
                0x0000000000027dcc        0x8 _build/nrf52832_xxaa_LIS2DH12.cpp.o
 .ARM.exidx.text.LIS2DH12_startDAPolling
                0x0000000000027dd4        0x8 _build/nrf52832_xxaa_LIS2DH12.cpp.o
 .ARM.exidx.text.startup._GLOBAL__sub_I_LIS2DH12_init
                0x0000000000027ddc        0x0 _build/nrf52832_xxaa_LIS2DH12.cpp.o
                                          0x8 (size before relaxing)
 .ARM.exidx.text._Z12readRegisterhPhh
                0x0000000000027ddc        0x8 _build/nrf52832_xxaa_LIS2DH12_registers.cpp.o
 .ARM.exidx.text._Z11setRegisterhh
                0x0000000000027de4        0x8 _build/nrf52832_xxaa_LIS2DH12_registers.cpp.o
 .ARM.exidx.text._Z13clearRegisterhh
                0x0000000000027dec        0x0 _build/nrf52832_xxaa_LIS2DH12_registers.cpp.o
                                          0x8 (size before relaxing)
 .ARM.exidx.text._Z23LIS2DH12_clearRegistersv
                0x0000000000027dec        0x8 _build/nrf52832_xxaa_LIS2DH12_registers.cpp.o
 .ARM.exidx.text.sd_app_evt_wait
                0x0000000000027df4        0x8 _build/nrf52832_xxaa_spi.cpp.o
 .ARM.exidx.text._Z17spi_event_handlerPK17nrf_drv_spi_evt_tPv
                0x0000000000027dfc        0x0 _build/nrf52832_xxaa_spi.cpp.o
                                          0x8 (size before relaxing)
 .ARM.exidx.text.spi_init
                0x0000000000027dfc        0x8 _build/nrf52832_xxaa_spi.cpp.o
 .ARM.exidx.text.spi_isInitialized
                0x0000000000027e04        0x8 _build/nrf52832_xxaa_spi.cpp.o
 .ARM.exidx.text.spi_transfer
                0x0000000000027e0c        0x8 _build/nrf52832_xxaa_spi.cpp.o
 .ARM.exidx.text._ZN12StateMachine13error_handlerEv
                0x0000000000027e14        0x8 _build/nrf52832_xxaa_state_machine.cpp.o
 .ARM.exidx.text._ZN12StateMachineC2E7state_e
                0x0000000000027e1c        0x0 _build/nrf52832_xxaa_state_machine.cpp.o
                                          0x8 (size before relaxing)
 .ARM.exidx.text._ZN12StateMachine10transitionE7event_e
                0x0000000000027e1c        0x8 _build/nrf52832_xxaa_state_machine.cpp.o
 .ARM.exidx.text._ZN11BLE_Manager25createDetectorDataServiceEv
                0x0000000000027e24        0x8 _build/nrf52832_xxaa_ble_manager.cpp.o
 .ARM.exidx.text._ZN11BLE_Manager23createDeviceInfoServiceEv
                0x0000000000027e2c        0x8 _build/nrf52832_xxaa_ble_manager.cpp.o
 .ARM.exidx.text._ZN11BLE_Manager17setCharacteristicEhhPht
                0x0000000000027e34        0x8 _build/nrf52832_xxaa_ble_manager.cpp.o
 .ARM.exidx.text._ZN11BLE_Manager12checkServiceEv
                0x0000000000027e3c        0x8 _build/nrf52832_xxaa_ble_manager.cpp.o
 .ARM.exidx.text._ZN11BLE_Manager9checkCharEv
                0x0000000000027e44        0x0 _build/nrf52832_xxaa_ble_manager.cpp.o
                                          0x8 (size before relaxing)
 .ARM.exidx.text._ZN11BLE_Manager16createBLEServiceEv
                0x0000000000027e44        0x8 _build/nrf52832_xxaa_ble_manager.cpp.o
 .ARM.exidx.text._ZN11BLE_Manager7managerEv
                0x0000000000027e4c        0x8 _build/nrf52832_xxaa_ble_manager.cpp.o
 .ARM.exidx.text.sd_ble_gap_disconnect
                0x0000000000027e54        0x0 _build/nrf52832_xxaa_ble_interface.cpp.o
                                          0x8 (size before relaxing)
 .ARM.exidx.text.sd_ble_gap_ppcp_set
                0x0000000000027e54        0x0 _build/nrf52832_xxaa_ble_interface.cpp.o
                                          0x8 (size before relaxing)
 .ARM.exidx.text.sd_ble_gap_sec_params_reply
                0x0000000000027e54        0x0 _build/nrf52832_xxaa_ble_interface.cpp.o
                                          0x8 (size before relaxing)
 .ARM.exidx.text.sd_ble_gatts_rw_authorize_reply
                0x0000000000027e54        0x0 _build/nrf52832_xxaa_ble_interface.cpp.o
                                          0x8 (size before relaxing)
 .ARM.exidx.text.sd_ble_gatts_sys_attr_set
                0x0000000000027e54        0x0 _build/nrf52832_xxaa_ble_interface.cpp.o
                                          0x8 (size before relaxing)
 .ARM.exidx.text.sd_ble_cfg_set
                0x0000000000027e54        0x0 _build/nrf52832_xxaa_ble_interface.cpp.o
                                          0x8 (size before relaxing)
 .ARM.exidx.text.sd_ble_user_mem_reply
                0x0000000000027e54        0x0 _build/nrf52832_xxaa_ble_interface.cpp.o
                                          0x8 (size before relaxing)
 .ARM.exidx.text._ZN3BLE25conn_params_error_handlerEm
                0x0000000000027e54        0x0 _build/nrf52832_xxaa_ble_interface.cpp.o
                                          0x8 (size before relaxing)
 .ARM.exidx.text._ZN3BLE18on_conn_params_evtEP21ble_conn_params_evt_t
                0x0000000000027e54        0x0 _build/nrf52832_xxaa_ble_interface.cpp.o
                                          0x8 (size before relaxing)
 .ARM.exidx.text._ZN3BLE10addServiceEP7Serviceh
                0x0000000000027e54        0x0 _build/nrf52832_xxaa_ble_interface.cpp.o
                                          0x8 (size before relaxing)
 .ARM.exidx.text._ZN3BLE10getServiceEh
                0x0000000000027e54        0x0 _build/nrf52832_xxaa_ble_interface.cpp.o
                                          0x8 (size before relaxing)
 .ARM.exidx.text._ZN3BLE11isConnectedEv
                0x0000000000027e54        0x0 _build/nrf52832_xxaa_ble_interface.cpp.o
                                          0x8 (size before relaxing)
 .ARM.exidx.text._ZN3BLE10on_ble_evtEP9ble_evt_t
                0x0000000000027e54        0x8 _build/nrf52832_xxaa_ble_interface.cpp.o
 .ARM.exidx.text._ZN3BLE16ble_evt_dispatchEP9ble_evt_t
                0x0000000000027e5c        0x8 _build/nrf52832_xxaa_ble_interface.cpp.o
 .ARM.exidx.text._ZN3BLE4initEv
                0x0000000000027e64        0x8 _build/nrf52832_xxaa_ble_interface.cpp.o
 .ARM.exidx.text.startup._GLOBAL__sub_I__ZN3BLE3advE
                0x0000000000027e6c        0x8 _build/nrf52832_xxaa_ble_interface.cpp.o
 .ARM.exidx.text.sd_ble_gatts_service_add
                0x0000000000027e74        0x0 _build/nrf52832_xxaa_ble_service.cpp.o
                                          0x8 (size before relaxing)
 .ARM.exidx.text.sd_ble_uuid_vs_add
                0x0000000000027e74        0x0 _build/nrf52832_xxaa_ble_service.cpp.o
                                          0x8 (size before relaxing)
 .ARM.exidx.text._ZN7ServiceC2Ev
                0x0000000000027e74        0x8 _build/nrf52832_xxaa_ble_service.cpp.o
 .ARM.exidx.text._ZN7Service12eventHandlerEP9ble_evt_t
                0x0000000000027e7c        0x8 _build/nrf52832_xxaa_ble_service.cpp.o
 .ARM.exidx.text._ZN7Service13attachServiceEv
                0x0000000000027e84        0x8 _build/nrf52832_xxaa_ble_service.cpp.o
 .ARM.exidx.text._ZN7Service12createCustomEt13ble_uuid128_t
                0x0000000000027e8c        0x8 _build/nrf52832_xxaa_ble_service.cpp.o
 .ARM.exidx.text._ZN7Service9createSIGEt
                0x0000000000027e94        0x0 _build/nrf52832_xxaa_ble_service.cpp.o
                                          0x8 (size before relaxing)
 .ARM.exidx.text._ZN7Service17addCharacteristicEP14Characteristich
                0x0000000000027e94        0x8 _build/nrf52832_xxaa_ble_service.cpp.o
 .ARM.exidx.text._ZN7Service17getCharacteristicEh
                0x0000000000027e9c        0x8 _build/nrf52832_xxaa_ble_service.cpp.o
 .ARM.exidx.text.sd_ble_gatts_characteristic_add
                0x0000000000027ea4        0x0 _build/nrf52832_xxaa_ble_characteristic.cpp.o
                                          0x8 (size before relaxing)
 .ARM.exidx.text.sd_ble_gatts_value_set
                0x0000000000027ea4        0x0 _build/nrf52832_xxaa_ble_characteristic.cpp.o
                                          0x8 (size before relaxing)
 .ARM.exidx.text.sd_ble_gatts_hvx
                0x0000000000027ea4        0x0 _build/nrf52832_xxaa_ble_characteristic.cpp.o
                                          0x8 (size before relaxing)
 .ARM.exidx.text._ZN14CharacteristicC2Ev
                0x0000000000027ea4        0x0 _build/nrf52832_xxaa_ble_characteristic.cpp.o
                                          0x8 (size before relaxing)
 .ARM.exidx.text._ZN14Characteristic7setUUIDEt
                0x0000000000027ea4        0x0 _build/nrf52832_xxaa_ble_characteristic.cpp.o
                                          0x8 (size before relaxing)
 .ARM.exidx.text._ZN14Characteristic11setUUIDTypeEh
                0x0000000000027ea4        0x0 _build/nrf52832_xxaa_ble_characteristic.cpp.o
                                          0x8 (size before relaxing)
 .ARM.exidx.text._ZN14Characteristic15attachToServiceEt
                0x0000000000027ea4        0x0 _build/nrf52832_xxaa_ble_characteristic.cpp.o
                                          0x8 (size before relaxing)
 .ARM.exidx.text._ZN14Characteristic10enableReadEv
                0x0000000000027ea4        0x0 _build/nrf52832_xxaa_ble_characteristic.cpp.o
                                          0x8 (size before relaxing)
 .ARM.exidx.text._ZN14Characteristic18enableNotificationEv
                0x0000000000027ea4        0x0 _build/nrf52832_xxaa_ble_characteristic.cpp.o
                                          0x8 (size before relaxing)
 .ARM.exidx.text._ZN14Characteristic9initValueEPht
                0x0000000000027ea4        0x0 _build/nrf52832_xxaa_ble_characteristic.cpp.o
                                          0x8 (size before relaxing)
 .ARM.exidx.text._ZN14Characteristic12setMaxLengthEt
                0x0000000000027ea4        0x0 _build/nrf52832_xxaa_ble_characteristic.cpp.o
                                          0x8 (size before relaxing)
 .ARM.exidx.text._ZN14Characteristic6notifyEPhPt
                0x0000000000027ea4        0x0 _build/nrf52832_xxaa_ble_characteristic.cpp.o
                                          0x8 (size before relaxing)
 .ARM.exidx.text._ZN14Characteristic6updateEPht
                0x0000000000027ea4        0x8 _build/nrf52832_xxaa_ble_characteristic.cpp.o
 .ARM.exidx.text._ZN14Characteristic6isInitEv
                0x0000000000027eac        0x8 _build/nrf52832_xxaa_ble_characteristic.cpp.o
 .ARM.exidx.text._ZN14Characteristic13setConnHandleEt
                0x0000000000027eb4        0x0 _build/nrf52832_xxaa_ble_characteristic.cpp.o
                                          0x8 (size before relaxing)
 .ARM.exidx.text.sd_ble_gap_adv_start
                0x0000000000027eb4        0x0 _build/nrf52832_xxaa_ble_advertising.cpp.o
                                          0x8 (size before relaxing)
 .ARM.exidx.text.sd_ble_gap_device_name_set
                0x0000000000027eb4        0x0 _build/nrf52832_xxaa_ble_advertising.cpp.o
                                          0x8 (size before relaxing)
 .ARM.exidx.text._ZN11AdvertisingC2Ev
                0x0000000000027eb4        0x0 _build/nrf52832_xxaa_ble_advertising.cpp.o
                                          0x8 (size before relaxing)
 .ARM.exidx.text._ZN11Advertising5startEt
                0x0000000000027eb4        0x0 _build/nrf52832_xxaa_ble_advertising.cpp.o
                                          0x8 (size before relaxing)
 .ARM.exidx.text._ZN11Advertising7setNameEPKc
                0x0000000000027eb4        0x0 _build/nrf52832_xxaa_ble_advertising.cpp.o
                                          0x8 (size before relaxing)
 .ARM.exidx.text._ZN11Advertising13advertiseNameEv
                0x0000000000027eb4        0x0 _build/nrf52832_xxaa_ble_advertising.cpp.o
                                          0x8 (size before relaxing)
 .ARM.exidx.text._ZN11Advertising13advertiseUUIDE10ble_uuid_t
                0x0000000000027eb4        0x8 _build/nrf52832_xxaa_ble_advertising.cpp.o
 .ARM.exidx.text._ZN9TrapEventC2Ev
                0x0000000000027ebc        0x8 _build/nrf52832_xxaa_trap_event.cpp.o
 .ARM.exidx.text._ZN9TrapEvent5clearEv
                0x0000000000027ec4        0x0 _build/nrf52832_xxaa_trap_event.cpp.o
                                          0x8 (size before relaxing)
 .ARM.exidx.text._ZN9TrapEvent11processDataEv
                0x0000000000027ec4        0x8 _build/nrf52832_xxaa_trap_event.cpp.o
 .ARM.exidx.text._ZN9TrapEvent9printDataEv
                0x0000000000027ecc        0x8 _build/nrf52832_xxaa_trap_event.cpp.o
 .ARM.exidx.text._ZN9TrapEvent13getKillNumberEv
                0x0000000000027ed4        0x8 _build/nrf52832_xxaa_trap_event.cpp.o
 .ARM.exidx.text._ZN9TrapEvent17getResponseLengthEv
                0x0000000000027edc        0x0 _build/nrf52832_xxaa_trap_event.cpp.o
                                          0x8 (size before relaxing)
 .ARM.exidx.text._ZN9TrapEvent12getPeakValueEv
                0x0000000000027edc        0x0 _build/nrf52832_xxaa_trap_event.cpp.o
                                          0x8 (size before relaxing)
 .ARM.exidx.text._ZN9TrapEvent15getResponseSizeEv
                0x0000000000027edc        0x0 _build/nrf52832_xxaa_trap_event.cpp.o
                                          0x8 (size before relaxing)
 .ARM.exidx.text._ZN9TrapEvent10getDidClipEv
                0x0000000000027edc        0x0 _build/nrf52832_xxaa_trap_event.cpp.o
                                          0x8 (size before relaxing)
 .ARM.exidx.text._ZN9TrapEvent12setTimeStampEm
                0x0000000000027edc        0x0 _build/nrf52832_xxaa_trap_event.cpp.o
                                          0x8 (size before relaxing)
 .ARM.exidx.text._ZN11CurrentTime13minuteHandlerEPv
                0x0000000000027edc        0x0 _build/nrf52832_xxaa_current_time.cpp.o
                                          0x8 (size before relaxing)
 .ARM.exidx.text._ZN11CurrentTime10startClockEv
                0x0000000000027edc        0x0 _build/nrf52832_xxaa_current_time.cpp.o
                                          0x8 (size before relaxing)
 .ARM.exidx.text._ZN11CurrentTime14getCurrentTimeEv
                0x0000000000027edc        0x0 _build/nrf52832_xxaa_current_time.cpp.o
                                          0x8 (size before relaxing)
 .ARM.exidx.text.startup._GLOBAL__sub_I__ZN11CurrentTime13timeInMinutesE
                0x0000000000027edc        0x0 _build/nrf52832_xxaa_current_time.cpp.o
                                          0x8 (size before relaxing)
 .ARM.exidx.text._Z9int1EventPv
                0x0000000000027edc        0x8 _build/nrf52832_xxaa_main.cpp.o
 .ARM.exidx.text._Z14intThreshEventm21nrf_gpiote_polarity_t
                0x0000000000027ee4        0x8 _build/nrf52832_xxaa_main.cpp.o
 .ARM.exidx.text._Z14buttonPressIntm21nrf_gpiote_polarity_t
                0x0000000000027eec        0x8 _build/nrf52832_xxaa_main.cpp.o
 .ARM.exidx.text.startup.main
                0x0000000000027ef4        0x8 _build/nrf52832_xxaa_main.cpp.o
 .ARM.exidx.text.startup._GLOBAL__sub_I_curEvent
                0x0000000000027efc        0x8 _build/nrf52832_xxaa_main.cpp.o
 .ARM.exidx     0x0000000000027f04        0x0 /Users/michaelmcadam/SDK/Nordic_nf52/gcc-arm-none-eabi-6.3.1/bin/../lib/gcc/arm-none-eabi/6.3.1/thumb/v7e-m/fpv4-sp/hard/libgcc.a(_udivmoddi4.o)
                                          0x8 (size before relaxing)
 .ARM.exidx     0x0000000000027f04       0x78 /Users/michaelmcadam/SDK/Nordic_nf52/gcc-arm-none-eabi-6.3.1/bin/../lib/gcc/arm-none-eabi/6.3.1/thumb/v7e-m/fpv4-sp/hard/libgcc.a(unwind-arm.o)
                                         0xd8 (size before relaxing)
 .ARM.exidx     0x0000000000027f7c       0x38 /Users/michaelmcadam/SDK/Nordic_nf52/gcc-arm-none-eabi-6.3.1/bin/../lib/gcc/arm-none-eabi/6.3.1/thumb/v7e-m/fpv4-sp/hard/libgcc.a(pr-support.o)
                                         0x48 (size before relaxing)
                0x0000000000027fb4                __exidx_end = .
                0x0000000000027fb4                __etext = .

.rel.dyn        0x0000000000027fb4        0x0
 .rel.iplt      0x0000000000027fb4        0x0 /Users/michaelmcadam/SDK/Nordic_nf52/gcc-arm-none-eabi-6.3.1/bin/../lib/gcc/arm-none-eabi/6.3.1/thumb/v7e-m/fpv4-sp/hard/crtbegin.o

.data           0x0000000020002790       0x9c load address 0x0000000000027fb4
                0x0000000020002790                __data_start__ = .
 *(vtable)
 *(.data*)
 .data._impure_ptr
                0x0000000020002790        0x4 /Users/michaelmcadam/SDK/Nordic_nf52/gcc-arm-none-eabi-6.3.1/bin/../lib/gcc/arm-none-eabi/6.3.1/../../../../arm-none-eabi/lib/thumb/v7e-m/fpv4-sp/hard/libc_nano.a(lib_a-impure.o)
                0x0000000020002790                _impure_ptr
 .data.impure_data
                0x0000000020002794       0x60 /Users/michaelmcadam/SDK/Nordic_nf52/gcc-arm-none-eabi-6.3.1/bin/../lib/gcc/arm-none-eabi/6.3.1/../../../../arm-none-eabi/lib/thumb/v7e-m/fpv4-sp/hard/libc_nano.a(lib_a-impure.o)
 .data.m_uart   0x00000000200027f4        0x8 _build/nrf52832_xxaa_nrf_log_backend_serial.c.o
 .data.app_uart_inst
                0x00000000200027fc        0x8 _build/nrf52832_xxaa_app_uart_fifo.c.o
 .data.SystemCoreClock
                0x0000000020002804        0x4 _build/nrf52832_xxaa_system_nrf52.c.o
                0x0000000020002804                SystemCoreClock
 .data._ZL12g_resolution
                0x0000000020002808        0x1 _build/nrf52832_xxaa_LIS2DH12.cpp.o
 .data._ZL6g_mgpb
                0x0000000020002809        0x1 _build/nrf52832_xxaa_LIS2DH12.cpp.o
 .data.event_finished
                0x000000002000280a        0x1 _build/nrf52832_xxaa_spi.cpp.o
                0x000000002000280a                event_finished
 *fill*         0x000000002000280b        0x1 
 .data._ZL13m_conn_handle
                0x000000002000280c        0x2 _build/nrf52832_xxaa_ble_interface.cpp.o
                0x0000000020002810                . = ALIGN (0x4)
 *fill*         0x000000002000280e        0x2 
                0x0000000020002810                PROVIDE (__preinit_array_start, .)
 *(.preinit_array)
                0x0000000020002810                PROVIDE (__preinit_array_end, .)
                0x0000000020002810                . = ALIGN (0x4)
                0x0000000020002810                PROVIDE (__init_array_start, .)
 *(SORT(.init_array.*))
 *(.init_array)
 .init_array    0x0000000020002810        0x4 /Users/michaelmcadam/SDK/Nordic_nf52/gcc-arm-none-eabi-6.3.1/bin/../lib/gcc/arm-none-eabi/6.3.1/thumb/v7e-m/fpv4-sp/hard/crtbegin.o
 .init_array    0x0000000020002814        0x4 _build/nrf52832_xxaa_LIS2DH12.cpp.o
 .init_array    0x0000000020002818        0x4 _build/nrf52832_xxaa_ble_interface.cpp.o
 .init_array    0x000000002000281c        0x4 _build/nrf52832_xxaa_current_time.cpp.o
 .init_array    0x0000000020002820        0x4 _build/nrf52832_xxaa_main.cpp.o
                0x0000000020002824                PROVIDE (__init_array_end, .)
                0x0000000020002824                . = ALIGN (0x4)
                [!provide]                        PROVIDE (__fini_array_start, .)
 *(SORT(.fini_array.*))
 *(.fini_array)
 .fini_array    0x0000000020002824        0x4 /Users/michaelmcadam/SDK/Nordic_nf52/gcc-arm-none-eabi-6.3.1/bin/../lib/gcc/arm-none-eabi/6.3.1/thumb/v7e-m/fpv4-sp/hard/crtbegin.o
                [!provide]                        PROVIDE (__fini_array_end, .)
 *(.jcr*)
 .jcr           0x0000000020002828        0x0 /Users/michaelmcadam/SDK/Nordic_nf52/gcc-arm-none-eabi-6.3.1/bin/../lib/gcc/arm-none-eabi/6.3.1/thumb/v7e-m/fpv4-sp/hard/crtbegin.o
 .jcr           0x0000000020002828        0x4 /Users/michaelmcadam/SDK/Nordic_nf52/gcc-arm-none-eabi-6.3.1/bin/../lib/gcc/arm-none-eabi/6.3.1/thumb/v7e-m/fpv4-sp/hard/crtend.o
                0x000000002000282c                . = ALIGN (0x4)
                0x000000002000282c                __data_end__ = .
LOAD /Users/michaelmcadam/SDK/Nordic_nf52/gcc-arm-none-eabi-6.3.1/bin/../lib/gcc/arm-none-eabi/6.3.1/thumb/v7e-m/fpv4-sp/hard/crti.o
LOAD /Users/michaelmcadam/SDK/Nordic_nf52/gcc-arm-none-eabi-6.3.1/bin/../lib/gcc/arm-none-eabi/6.3.1/thumb/v7e-m/fpv4-sp/hard/crtbegin.o
LOAD /Users/michaelmcadam/SDK/Nordic_nf52/gcc-arm-none-eabi-6.3.1/bin/../lib/gcc/arm-none-eabi/6.3.1/../../../../arm-none-eabi/lib/thumb/v7e-m/fpv4-sp/hard/crt0.o
LOAD /Users/michaelmcadam/SDK/Nordic_nf52/gcc-arm-none-eabi-6.3.1/bin/../lib/gcc/arm-none-eabi/6.3.1/../../../../arm-none-eabi/lib/thumb/v7e-m/fpv4-sp/hard/libc_nano.a
LOAD /Users/michaelmcadam/SDK/Nordic_nf52/gcc-arm-none-eabi-6.3.1/bin/../lib/gcc/arm-none-eabi/6.3.1/../../../../arm-none-eabi/lib/thumb/v7e-m/fpv4-sp/hard/libnosys.a
LOAD _build/nrf52832_xxaa_nrf_log_backend_serial.c.o
LOAD _build/nrf52832_xxaa_nrf_log_frontend.c.o
LOAD _build/nrf52832_xxaa_app_button.c.o
LOAD _build/nrf52832_xxaa_app_error.c.o
LOAD _build/nrf52832_xxaa_app_error_weak.c.o
LOAD _build/nrf52832_xxaa_app_fifo.c.o
LOAD _build/nrf52832_xxaa_app_scheduler.c.o
LOAD _build/nrf52832_xxaa_app_timer.c.o
LOAD _build/nrf52832_xxaa_app_util_platform.c.o
LOAD _build/nrf52832_xxaa_crc16.c.o
LOAD _build/nrf52832_xxaa_fds.c.o
LOAD _build/nrf52832_xxaa_fstorage.c.o
LOAD _build/nrf52832_xxaa_hardfault_implementation.c.o
LOAD _build/nrf52832_xxaa_nrf_assert.c.o
LOAD _build/nrf52832_xxaa_nrf_strerror.c.o
LOAD _build/nrf52832_xxaa_retarget.c.o
LOAD _build/nrf52832_xxaa_sdk_mapped_flags.c.o
LOAD _build/nrf52832_xxaa_sensorsim.c.o
LOAD _build/nrf52832_xxaa_boards.c.o
LOAD _build/nrf52832_xxaa_nrf_drv_clock.c.o
LOAD _build/nrf52832_xxaa_nrf_drv_common.c.o
LOAD _build/nrf52832_xxaa_nrf_drv_gpiote.c.o
LOAD _build/nrf52832_xxaa_app_uart_fifo.c.o
LOAD _build/nrf52832_xxaa_nrf_drv_uart.c.o
LOAD _build/nrf52832_xxaa_nrf_drv_timer.c.o
LOAD _build/nrf52832_xxaa_nrf_drv_spi.c.o
LOAD _build/nrf52832_xxaa_nrf_drv_ppi.c.o
LOAD _build/nrf52832_xxaa_bsp.c.o
LOAD _build/nrf52832_xxaa_bsp_btn_ble.c.o
LOAD _build/nrf52832_xxaa_bsp_nfc.c.o
LOAD _build/nrf52832_xxaa_RTT_Syscalls_GCC.c.o
LOAD _build/nrf52832_xxaa_SEGGER_RTT.c.o
LOAD _build/nrf52832_xxaa_SEGGER_RTT_printf.c.o
LOAD _build/nrf52832_xxaa_ble_advdata.c.o
LOAD _build/nrf52832_xxaa_ble_advertising.c.o
LOAD _build/nrf52832_xxaa_ble_conn_params.c.o
LOAD _build/nrf52832_xxaa_ble_conn_state.c.o
LOAD _build/nrf52832_xxaa_ble_srv_common.c.o
LOAD _build/nrf52832_xxaa_gatt_cache_manager.c.o
LOAD _build/nrf52832_xxaa_gatts_cache_manager.c.o
LOAD _build/nrf52832_xxaa_id_manager.c.o
LOAD _build/nrf52832_xxaa_nrf_ble_gatt.c.o
LOAD _build/nrf52832_xxaa_peer_data_storage.c.o
LOAD _build/nrf52832_xxaa_peer_database.c.o
LOAD _build/nrf52832_xxaa_peer_id.c.o
LOAD _build/nrf52832_xxaa_peer_manager.c.o
LOAD _build/nrf52832_xxaa_pm_buffer.c.o
LOAD _build/nrf52832_xxaa_pm_mutex.c.o
LOAD _build/nrf52832_xxaa_security_dispatcher.c.o
LOAD _build/nrf52832_xxaa_security_manager.c.o
LOAD _build/nrf52832_xxaa_gcc_startup_nrf52.S.o
LOAD _build/nrf52832_xxaa_system_nrf52.c.o
LOAD _build/nrf52832_xxaa_softdevice_handler.c.o
LOAD _build/nrf52832_xxaa_nrf_drv_saadc.c.o
LOAD _build/nrf52832_xxaa_nrf_saadc.c.o
LOAD _build/nrf52832_xxaa_uart_interface.c.o
LOAD _build/nrf52832_xxaa_gpio_interface.cpp.o
LOAD _build/nrf52832_xxaa_adc_interface.cpp.o
LOAD _build/nrf52832_xxaa_timer_interface.cpp.o
LOAD _build/nrf52832_xxaa_LIS2DH12.cpp.o
LOAD _build/nrf52832_xxaa_LIS2DH12_registers.cpp.o
LOAD _build/nrf52832_xxaa_spi.cpp.o
LOAD _build/nrf52832_xxaa_state_machine.cpp.o
LOAD _build/nrf52832_xxaa_ble_manager.cpp.o
LOAD _build/nrf52832_xxaa_ble_interface.cpp.o
LOAD _build/nrf52832_xxaa_ble_service.cpp.o
LOAD _build/nrf52832_xxaa_ble_characteristic.cpp.o
LOAD _build/nrf52832_xxaa_ble_advertising.cpp.o
LOAD _build/nrf52832_xxaa_trap_event.cpp.o
LOAD _build/nrf52832_xxaa_current_time.cpp.o
LOAD _build/nrf52832_xxaa_main.cpp.o
LOAD /Users/michaelmcadam/SDK/Nordic_nf52/gcc-arm-none-eabi-6.3.1/bin/../lib/gcc/arm-none-eabi/6.3.1/../../../../arm-none-eabi/lib/thumb/v7e-m/fpv4-sp/hard/libm.a
START GROUP
LOAD /Users/michaelmcadam/SDK/Nordic_nf52/gcc-arm-none-eabi-6.3.1/bin/../lib/gcc/arm-none-eabi/6.3.1/thumb/v7e-m/fpv4-sp/hard/libgcc.a
LOAD /Users/michaelmcadam/SDK/Nordic_nf52/gcc-arm-none-eabi-6.3.1/bin/../lib/gcc/arm-none-eabi/6.3.1/../../../../arm-none-eabi/lib/thumb/v7e-m/fpv4-sp/hard/libc_nano.a
END GROUP
START GROUP
LOAD /Users/michaelmcadam/SDK/Nordic_nf52/gcc-arm-none-eabi-6.3.1/bin/../lib/gcc/arm-none-eabi/6.3.1/thumb/v7e-m/fpv4-sp/hard/libgcc.a
LOAD /Users/michaelmcadam/SDK/Nordic_nf52/gcc-arm-none-eabi-6.3.1/bin/../lib/gcc/arm-none-eabi/6.3.1/../../../../arm-none-eabi/lib/thumb/v7e-m/fpv4-sp/hard/libc_nano.a
END GROUP
LOAD /Users/michaelmcadam/SDK/Nordic_nf52/gcc-arm-none-eabi-6.3.1/bin/../lib/gcc/arm-none-eabi/6.3.1/thumb/v7e-m/fpv4-sp/hard/crtend.o
LOAD /Users/michaelmcadam/SDK/Nordic_nf52/gcc-arm-none-eabi-6.3.1/bin/../lib/gcc/arm-none-eabi/6.3.1/thumb/v7e-m/fpv4-sp/hard/crtn.o
START GROUP
LOAD /Users/michaelmcadam/SDK/Nordic_nf52/gcc-arm-none-eabi-6.3.1/bin/../lib/gcc/arm-none-eabi/6.3.1/thumb/v7e-m/fpv4-sp/hard/libgcc.a
LOAD /Users/michaelmcadam/SDK/Nordic_nf52/gcc-arm-none-eabi-6.3.1/bin/../lib/gcc/arm-none-eabi/6.3.1/../../../../arm-none-eabi/lib/thumb/v7e-m/fpv4-sp/hard/libc.a
LOAD /Users/michaelmcadam/SDK/Nordic_nf52/gcc-arm-none-eabi-6.3.1/bin/../lib/gcc/arm-none-eabi/6.3.1/../../../../arm-none-eabi/lib/thumb/v7e-m/fpv4-sp/hard/libnosys.a
END GROUP

.igot.plt       0x000000002000282c        0x0 load address 0x0000000000028050
 .igot.plt      0x000000002000282c        0x0 /Users/michaelmcadam/SDK/Nordic_nf52/gcc-arm-none-eabi-6.3.1/bin/../lib/gcc/arm-none-eabi/6.3.1/thumb/v7e-m/fpv4-sp/hard/crtbegin.o

.fs_data        0x000000002000282c       0x10 load address 0x0000000000028050
                0x000000002000282c                PROVIDE (__start_fs_data, .)
 *(.fs_data)
 .fs_data       0x000000002000282c       0x10 _build/nrf52832_xxaa_fds.c.o
                0x000000002000283c                PROVIDE (__stop_fs_data, .)

.bss            0x000000002000283c     0x3914 load address 0x0000000000028060
                0x000000002000283c                . = ALIGN (0x4)
                0x000000002000283c                __bss_start__ = .
 *(.bss*)
 .bss           0x000000002000283c       0x1c /Users/michaelmcadam/SDK/Nordic_nf52/gcc-arm-none-eabi-6.3.1/bin/../lib/gcc/arm-none-eabi/6.3.1/thumb/v7e-m/fpv4-sp/hard/crtbegin.o
 .bss.m_blocking_mode
                0x0000000020002858        0x1 _build/nrf52832_xxaa_nrf_log_backend_serial.c.o
 .bss.m_initialized
                0x0000000020002859        0x1 _build/nrf52832_xxaa_nrf_log_backend_serial.c.o
 .bss.m_rx_done
                0x000000002000285a        0x1 _build/nrf52832_xxaa_nrf_log_backend_serial.c.o
 *fill*         0x000000002000285b        0x1 
 .bss.m_log_data
                0x000000002000285c      0x418 _build/nrf52832_xxaa_nrf_log_frontend.c.o
 .bss.m_op_queue
                0x0000000020002c74      0x10c _build/nrf52832_xxaa_app_timer.c.o
 .bss.m_rtc1_reset
                0x0000000020002d80        0x1 _build/nrf52832_xxaa_app_timer.c.o
 .bss.m_rtc1_running
                0x0000000020002d81        0x1 _build/nrf52832_xxaa_app_timer.c.o
 *fill*         0x0000000020002d82        0x2 
 .bss.m_ticks_elapsed
                0x0000000020002d84        0x8 _build/nrf52832_xxaa_app_timer.c.o
 .bss.m_ticks_elapsed_q_read_ind
                0x0000000020002d8c        0x1 _build/nrf52832_xxaa_app_timer.c.o
 .bss.m_ticks_elapsed_q_write_ind
                0x0000000020002d8d        0x1 _build/nrf52832_xxaa_app_timer.c.o
 *fill*         0x0000000020002d8e        0x2 
 .bss.m_ticks_latest
                0x0000000020002d90        0x4 _build/nrf52832_xxaa_app_timer.c.o
 .bss.mp_timer_id_head
                0x0000000020002d94        0x4 _build/nrf52832_xxaa_app_timer.c.o
 .bss.desc.8854
                0x0000000020002d98        0xc _build/nrf52832_xxaa_fds.c.o
 .bss.m_cb_table
                0x0000000020002da4       0x20 _build/nrf52832_xxaa_fds.c.o
 .bss.m_chunk_queue
                0x0000000020002dc4       0x48 _build/nrf52832_xxaa_fds.c.o
 .bss.m_flags   0x0000000020002e0c        0x1 _build/nrf52832_xxaa_fds.c.o
 *fill*         0x0000000020002e0d        0x3 
 .bss.m_gc      0x0000000020002e10       0x10 _build/nrf52832_xxaa_fds.c.o
 .bss.m_op_queue
                0x0000000020002e20       0x78 _build/nrf52832_xxaa_fds.c.o