Archive member included to satisfy reference by file (symbol)

/Users/michaelmcadam/SDK/Nordic_nf52/gcc-arm-none-eabi-6.3.1/bin/../lib/gcc/arm-none-eabi/6.3.1/../../../../arm-none-eabi/lib/thumb/v7e-m/fpv4-sp/hard/libc_nano.a(lib_a-exit.o)
                              /Users/michaelmcadam/SDK/Nordic_nf52/gcc-arm-none-eabi-6.3.1/bin/../lib/gcc/arm-none-eabi/6.3.1/../../../../arm-none-eabi/lib/thumb/v7e-m/fpv4-sp/hard/crt0.o (exit)
/Users/michaelmcadam/SDK/Nordic_nf52/gcc-arm-none-eabi-6.3.1/bin/../lib/gcc/arm-none-eabi/6.3.1/../../../../arm-none-eabi/lib/thumb/v7e-m/fpv4-sp/hard/libc_nano.a(lib_a-impure.o)
                              /Users/michaelmcadam/SDK/Nordic_nf52/gcc-arm-none-eabi-6.3.1/bin/../lib/gcc/arm-none-eabi/6.3.1/../../../../arm-none-eabi/lib/thumb/v7e-m/fpv4-sp/hard/libc_nano.a(lib_a-exit.o) (_global_impure_ptr)
/Users/michaelmcadam/SDK/Nordic_nf52/gcc-arm-none-eabi-6.3.1/bin/../lib/gcc/arm-none-eabi/6.3.1/../../../../arm-none-eabi/lib/thumb/v7e-m/fpv4-sp/hard/libc_nano.a(lib_a-init.o)
                              /Users/michaelmcadam/SDK/Nordic_nf52/gcc-arm-none-eabi-6.3.1/bin/../lib/gcc/arm-none-eabi/6.3.1/../../../../arm-none-eabi/lib/thumb/v7e-m/fpv4-sp/hard/crt0.o (__libc_init_array)
/Users/michaelmcadam/SDK/Nordic_nf52/gcc-arm-none-eabi-6.3.1/bin/../lib/gcc/arm-none-eabi/6.3.1/../../../../arm-none-eabi/lib/thumb/v7e-m/fpv4-sp/hard/libc_nano.a(lib_a-memset.o)
                              /Users/michaelmcadam/SDK/Nordic_nf52/gcc-arm-none-eabi-6.3.1/bin/../lib/gcc/arm-none-eabi/6.3.1/../../../../arm-none-eabi/lib/thumb/v7e-m/fpv4-sp/hard/crt0.o (memset)
/Users/michaelmcadam/SDK/Nordic_nf52/gcc-arm-none-eabi-6.3.1/bin/../lib/gcc/arm-none-eabi/6.3.1/../../../../arm-none-eabi/lib/thumb/v7e-m/fpv4-sp/hard/libnosys.a(_exit.o)
                              /Users/michaelmcadam/SDK/Nordic_nf52/gcc-arm-none-eabi-6.3.1/bin/../lib/gcc/arm-none-eabi/6.3.1/../../../../arm-none-eabi/lib/thumb/v7e-m/fpv4-sp/hard/libc_nano.a(lib_a-exit.o) (_exit)
/Users/michaelmcadam/Goodnature_Projects/Beacon_Development/Prototyping/Code/RuuviTag/ruuvitag_fw-master/nRF5_SDK_12.3.0_d7731ad/external/micro-ecc/nrf52_armgcc/armgcc/micro_ecc_lib_nrf52.a(micro_ecc_lib_uECC.c.o)
                              _build/ruuvitag_b3_bootloader_ecc.c.o (symbol from plugin) (uECC_set_rng)
/Users/michaelmcadam/SDK/Nordic_nf52/gcc-arm-none-eabi-6.3.1/bin/../lib/gcc/arm-none-eabi/6.3.1/../../../../arm-none-eabi/lib/thumb/v7e-m/fpv4-sp/hard/libc_nano.a(lib_a-locale.o)
                              _build/ruuvitag_b3_bootloader_nrf_log_backend_serial.c.o (symbol from plugin) (__locale_ctype_ptr)
/Users/michaelmcadam/SDK/Nordic_nf52/gcc-arm-none-eabi-6.3.1/bin/../lib/gcc/arm-none-eabi/6.3.1/../../../../arm-none-eabi/lib/thumb/v7e-m/fpv4-sp/hard/libc_nano.a(lib_a-mbtowc_r.o)
                              /Users/michaelmcadam/SDK/Nordic_nf52/gcc-arm-none-eabi-6.3.1/bin/../lib/gcc/arm-none-eabi/6.3.1/../../../../arm-none-eabi/lib/thumb/v7e-m/fpv4-sp/hard/libc_nano.a(lib_a-locale.o) (__ascii_mbtowc)
/Users/michaelmcadam/SDK/Nordic_nf52/gcc-arm-none-eabi-6.3.1/bin/../lib/gcc/arm-none-eabi/6.3.1/../../../../arm-none-eabi/lib/thumb/v7e-m/fpv4-sp/hard/libc_nano.a(lib_a-memcmp.o)
                              _build/ruuvitag_b3_bootloader_dfu_req_handling.c.o (symbol from plugin) (memcmp)
/Users/michaelmcadam/SDK/Nordic_nf52/gcc-arm-none-eabi-6.3.1/bin/../lib/gcc/arm-none-eabi/6.3.1/../../../../arm-none-eabi/lib/thumb/v7e-m/fpv4-sp/hard/libc_nano.a(lib_a-memcpy-stub.o)
                              _build/ruuvitag_b3_bootloader_dfu_req_handling.c.o (symbol from plugin) (memcpy)
/Users/michaelmcadam/SDK/Nordic_nf52/gcc-arm-none-eabi-6.3.1/bin/../lib/gcc/arm-none-eabi/6.3.1/../../../../arm-none-eabi/lib/thumb/v7e-m/fpv4-sp/hard/libc_nano.a(lib_a-snprintf.o)
                              _build/ruuvitag_b3_bootloader_nrf_log_backend_serial.c.o (symbol from plugin) (snprintf)
/Users/michaelmcadam/SDK/Nordic_nf52/gcc-arm-none-eabi-6.3.1/bin/../lib/gcc/arm-none-eabi/6.3.1/../../../../arm-none-eabi/lib/thumb/v7e-m/fpv4-sp/hard/libc_nano.a(lib_a-strcmp.o)
                              /Users/michaelmcadam/SDK/Nordic_nf52/gcc-arm-none-eabi-6.3.1/bin/../lib/gcc/arm-none-eabi/6.3.1/../../../../arm-none-eabi/lib/thumb/v7e-m/fpv4-sp/hard/libc_nano.a(lib_a-locale.o) (strcmp)
/Users/michaelmcadam/SDK/Nordic_nf52/gcc-arm-none-eabi-6.3.1/bin/../lib/gcc/arm-none-eabi/6.3.1/../../../../arm-none-eabi/lib/thumb/v7e-m/fpv4-sp/hard/libc_nano.a(lib_a-strcpy.o)
                              _build/ruuvitag_b3_bootloader_SEGGER_RTT.c.o (symbol from plugin) (strcpy)
/Users/michaelmcadam/SDK/Nordic_nf52/gcc-arm-none-eabi-6.3.1/bin/../lib/gcc/arm-none-eabi/6.3.1/../../../../arm-none-eabi/lib/thumb/v7e-m/fpv4-sp/hard/libc_nano.a(lib_a-strlen.o)
                              _build/ruuvitag_b3_bootloader_nrf_log_backend_serial.c.o (symbol from plugin) (strlen)
[...]
Memory Configuration

Name             Origin             Length             Attributes
FLASH            0x0000000000075000 0x0000000000009000 xr
RAM              0x0000000020002c00 0x0000000000005380 xrw
NOINIT           0x0000000020007f80 0x0000000000000080 xrw
BOOTLOADER_SETTINGS 0x000000000007f000 0x0000000000001000 rw
UICR_BOOTLOADER  0x0000000010001014 0x0000000000000004 r
MBR_PARAMS_PAGE  0x000000000007e000 0x0000000000001000 rw
UICR_MBR_PARAM_PAGE 0x0000000010001018 0x0000000000000004 r
*default*        0x0000000000000000 0xffffffffffffffff

Linker script and memory map


.text           0x0000000000075000     0x80e4
 *(.isr_vector)
 .isr_vector    0x0000000000075000      0x400 _build/ruuvitag_b3_bootloader_gcc_startup_nrf52.S.o
                0x0000000000075000                __isr_vector
 *(.text*)
 .text          0x0000000000075400       0x6c /Users/michaelmcadam/SDK/Nordic_nf52/gcc-arm-none-eabi-6.3.1/bin/../lib/gcc/arm-none-eabi/6.3.1/thumb/v7e-m/fpv4-sp/hard/crtbegin.o
 .text          0x000000000007546c       0x74 /Users/michaelmcadam/SDK/Nordic_nf52/gcc-arm-none-eabi-6.3.1/bin/../lib/gcc/arm-none-eabi/6.3.1/../../../../arm-none-eabi/lib/thumb/v7e-m/fpv4-sp/hard/crt0.o
                0x000000000007546c                _mainCRTStartup
                0x000000000007546c                _start
 .text.exit     0x00000000000754e0       0x28 /Users/michaelmcadam/SDK/Nordic_nf52/gcc-arm-none-eabi-6.3.1/bin/../lib/gcc/arm-none-eabi/6.3.1/../../../../arm-none-eabi/lib/thumb/v7e-m/fpv4-sp/hard/libc_nano.a(lib_a-exit.o)
                0x00000000000754e0                exit
 .text.__libc_init_array
                0x0000000000075508       0x48 /Users/michaelmcadam/SDK/Nordic_nf52/gcc-arm-none-eabi-6.3.1/bin/../lib/gcc/arm-none-eabi/6.3.1/../../../../arm-none-eabi/lib/thumb/v7e-m/fpv4-sp/hard/libc_nano.a(lib_a-init.o)
                0x0000000000075508                __libc_init_array
 .text.memset   0x0000000000075550       0x10 /Users/michaelmcadam/SDK/Nordic_nf52/gcc-arm-none-eabi-6.3.1/bin/../lib/gcc/arm-none-eabi/6.3.1/../../../../arm-none-eabi/lib/thumb/v7e-m/fpv4-sp/hard/libc_nano.a(lib_a-memset.o)
                0x0000000000075550                memset
 .text._exit    0x0000000000075560        0x4 /Users/michaelmcadam/SDK/Nordic_nf52/gcc-arm-none-eabi-6.3.1/bin/../lib/gcc/arm-none-eabi/6.3.1/../../../../arm-none-eabi/lib/thumb/v7e-m/fpv4-sp/hard/libnosys.a(_exit.o)
                0x0000000000075560                _exit
 .text          0x0000000000075564      0x608 /var/folders/d8/zhcs33bs1f32_xjqkn8059th0000gn/T//cc1skDJK.ltrans0.ltrans.o
                0x0000000000075564                dfu_data_write_handler.lto_priv.75
                0x000000000007590c                app_sched_event_put.part.0
                0x00000000000759bc                app_sched_execute
                0x0000000000075a18                nrf_log_direct_feed.lto_priv.72
                0x0000000000075a30                nrf_log_frontend_std_2
                0x0000000000075a44                nrf_log_frontend_std_1
                0x0000000000075a84                nrf_log_frontend_std_0
                0x0000000000075a8a                on_dfu_complete.lto_priv.76
                0x0000000000075ae8                dfu_decode_commmand.lto_priv.77
                0x0000000000075b58                app_error_handler_bare
 .text.startup  0x0000000000075b6c      0x578 /var/folders/d8/zhcs33bs1f32_xjqkn8059th0000gn/T//cc1skDJK.ltrans0.ltrans.o
                0x0000000000075b6c                main
 .text          0x00000000000760e4      0xa20 /var/folders/d8/zhcs33bs1f32_xjqkn8059th0000gn/T//cc1skDJK.ltrans1.ltrans.o
                0x00000000000760e4                buf_read.lto_priv.130
                0x0000000000076204                fs_sys_event_handler
                0x00000000000762ce                app_timer_evt_schedule
                0x00000000000762f8                pb_decode_varint32.lto_priv.129
                0x000000000007636e                pb_read
                0x00000000000763c8                pb_field_iter_next
                0x0000000000076454                sha256_transform
                0x000000000007658c                queue_get_next_free.lto_priv.88
                0x00000000000765c4                queue_start.lto_priv.87
                0x00000000000765dc                crc32_compute
                0x0000000000076614                sd_nvic_critical_region_exit.lto_priv.79
                0x0000000000076640                RNG_IRQHandler
                0x00000000000766f8                RTC1_IRQHandler
                0x00000000000767a0                user_op_alloc.lto_priv.78
                0x00000000000767d0                rtc1_stop.lto_priv.155
                0x0000000000076810                SWI0_EGU0_IRQHandler
 .text          0x0000000000076b04      0xb2c /var/folders/d8/zhcs33bs1f32_xjqkn8059th0000gn/T//cc1skDJK.ltrans2.ltrans.o
                0x0000000000076b04                nrf_dfu_req_handler_on_req.constprop.41
                0x000000000007749c                sd_nvic_critical_region_enter.constprop.39
                0x00000000000774f0                app_timer_stop.constprop.28
                0x0000000000077558                response_send.constprop.20
                0x00000000000775ac                response_crc_cmd_send.constprop.4
 .text          0x0000000000077630      0x7b0 /var/folders/d8/zhcs33bs1f32_xjqkn8059th0000gn/T//cc1skDJK.ltrans3.ltrans.o
                0x000000000007765c                conn_params_error_handler.lto_priv.106
                0x0000000000077662                pb_dec_submessage.lto_priv.138
                0x000000000007769e                pb_dec_fixed64.lto_priv.135
                0x00000000000776b8                pb_dec_fixed32.lto_priv.134
                0x00000000000776d0                pb_dec_string.lto_priv.137
                0x000000000007770c                pb_dec_bytes.lto_priv.136
                0x000000000007774a                pb_dec_svarint.lto_priv.133
                0x00000000000777b0                pb_dec_uvarint.lto_priv.132
                0x000000000007780c                pb_dec_varint.lto_priv.131
                0x0000000000077868                send_hvx.lto_priv.80
                0x00000000000778a4                advertising_start.lto_priv.112
                0x0000000000077970                ble_evt_dispatch.lto_priv.104
                0x0000000000077dc4                sd_ble_uuid_vs_add.lto_priv.114
                0x0000000000077dc8                sd_ble_gatts_characteristic_add.lto_priv.115
                0x0000000000077dcc                sd_ble_gatts_service_add.lto_priv.113
                0x0000000000077dd0                sd_ble_gap_device_name_set.lto_priv.116
                0x0000000000077dd4                sd_ble_gap_adv_stop.lto_priv.111
                0x0000000000077dd8                sd_ble_gap_addr_get.lto_priv.118
                0x0000000000077ddc                sd_ble_gap_addr_set.lto_priv.117
 .text          0x0000000000077de0      0x8dc /var/folders/d8/zhcs33bs1f32_xjqkn8059th0000gn/T//cc1skDJK.ltrans4.ltrans.o
                0x0000000000078254                SWI2_EGU2_IRQHandler
                0x000000000007827c                sd_ble_evt_get.lto_priv.90
                0x0000000000078280                sd_evt_get.lto_priv.89
                0x0000000000078284                NVIC_SystemReset.lto_priv.92.lto_priv.160
                0x0000000000078284                NVIC_SystemReset.lto_priv.93.lto_priv.154
                0x00000000000782a8                SystemInit
                0x00000000000784ac                conn_params_negotiation.lto_priv.127
                0x000000000007859c                sd_ble_gap_disconnect.lto_priv.101.lto_priv.126
                0x0000000000078680                _WriteNoCheck.lto_priv.153
 .text          0x00000000000786bc      0x8ec /var/folders/d8/zhcs33bs1f32_xjqkn8059th0000gn/T//cc1skDJK.ltrans5.ltrans.o
                0x000000000007874c                softdevice_evt_schedule
                0x000000000007875c                nrf_dfu_app_is_valid
                0x00000000000787b4                nrf_dfu_invalidate_bank.lto_priv.158
                0x00000000000787d0                nrf_delay_us.lto_priv.81.lto_priv.110
                0x000000000007888c                sd_mbr_command.lto_priv.159
                0x0000000000078890                nrf_dfu_mbr_init_sd
                0x00000000000788ac                nrf_dfu_flash_erase
                0x0000000000078a28                nrf_dfu_flash_store
                0x0000000000078b94                nrf_dfu_settings_write
                0x0000000000078c78                nrf_dfu_sd_continue_impl.isra.0.lto_priv.157
                0x0000000000078de8                nrf_dfu_bl_continue.lto_priv.156
                0x0000000000078e88                sd_softdevice_vector_table_base_set.lto_priv.85.lto_priv.119
                0x0000000000078e8c                nrf_bootloader_app_start
                0x0000000000078ef8                intern_softdevice_events_execute.part.2
 .text          0x0000000000078fa8      0x514 /var/folders/d8/zhcs33bs1f32_xjqkn8059th0000gn/T//cc1skDJK.ltrans6.ltrans.o
                0x000000000007902e                pb_message_set_to_defaults.lto_priv.128
                0x00000000000790e8                pb_make_string_substream
                0x00000000000792bc                pb_decode_noinit
                0x000000000007945a                pb_decode_varint
 .text          0x00000000000794bc      0x384 /var/folders/d8/zhcs33bs1f32_xjqkn8059th0000gn/T//cc1skDJK.ltrans7.ltrans.o
                0x00000000000794bc                nrf_dfu_find_cache.constprop.69
                0x00000000000795dc                nrf_delay_us.part.0.constprop.63
                0x0000000000079668                nrf_log_frontend_std_3.constprop.55
                0x0000000000079682                nrf_crypto_hash_compute.part.4.constprop.49
                0x0000000000079800                nrf_log_frontend_hexdump.constprop.44
 .text          0x0000000000079840       0x3c _build/ruuvitag_b3_bootloader_gcc_startup_nrf52.S.o
                0x0000000000079840                Reset_Handler
                0x0000000000079868                NMI_Handler
                0x000000000007986a                HardFault_Handler
                0x000000000007986c                MemoryManagement_Handler
                0x000000000007986e                BusFault_Handler
                0x0000000000079870                UsageFault_Handler
                0x0000000000079872                SVC_Handler
                0x0000000000079874                DebugMon_Handler
                0x0000000000079876                PendSV_Handler
                0x0000000000079878                SysTick_Handler
                0x000000000007987a                FPU_IRQHandler
                0x000000000007987a                SPIM0_SPIS0_TWIM0_TWIS0_SPI0_TWI0_IRQHandler
                0x000000000007987a                UARTE0_UART0_IRQHandler
                0x000000000007987a                TIMER4_IRQHandler
                0x000000000007987a                I2S_IRQHandler
                0x000000000007987a                SWI4_EGU4_IRQHandler
                0x000000000007987a                TIMER0_IRQHandler
                0x000000000007987a                TIMER1_IRQHandler
                0x000000000007987a                PWM2_IRQHandler
                0x000000000007987a                ECB_IRQHandler
                0x000000000007987a                SPIM1_SPIS1_TWIM1_TWIS1_SPI1_TWI1_IRQHandler
                0x000000000007987a                Default_Handler
                0x000000000007987a                SAADC_IRQHandler
                0x000000000007987a                CCM_AAR_IRQHandler
                0x000000000007987a                WDT_IRQHandler
                0x000000000007987a                SWI5_EGU5_IRQHandler
                0x000000000007987a                RTC2_IRQHandler
                0x000000000007987a                PWM0_IRQHandler
                0x000000000007987a                SWI3_EGU3_IRQHandler
                0x000000000007987a                SWI1_EGU1_IRQHandler
                0x000000000007987a                SPIM2_SPIS2_SPI2_IRQHandler
                0x000000000007987a                NFCT_IRQHandler
                0x000000000007987a                MWU_IRQHandler
                0x000000000007987a                TIMER2_IRQHandler
                0x000000000007987a                COMP_LPCOMP_IRQHandler
                0x000000000007987a                RTC0_IRQHandler
                0x000000000007987a                GPIOTE_IRQHandler
                0x000000000007987a                PWM1_IRQHandler
                0x000000000007987a                POWER_CLOCK_IRQHandler
                0x000000000007987a                RADIO_IRQHandler
                0x000000000007987a                PDM_IRQHandler
                0x000000000007987a                TEMP_IRQHandler
                0x000000000007987a                QDEC_IRQHandler
                0x000000000007987a                TIMER3_IRQHandler
 .text.bcopy    0x000000000007987c       0x14 /Users/michaelmcadam/Goodnature_Projects/Beacon_Development/Prototyping/Code/RuuviTag/ruuvitag_fw-master/nRF5_SDK_12.3.0_d7731ad/external/micro-ecc/nrf52_armgcc/armgcc/micro_ecc_lib_nrf52.a(micro_ecc_lib_uECC.c.o)
 .text.uECC_vli_cmp_unsafe
                0x0000000000079890       0x28 /Users/michaelmcadam/Goodnature_Projects/Beacon_Development/Prototyping/Code/RuuviTag/ruuvitag_fw-master/nRF5_SDK_12.3.0_d7731ad/external/micro-ecc/nrf52_armgcc/armgcc/micro_ecc_lib_nrf52.a(micro_ecc_lib_uECC.c.o)
 *fill*         0x00000000000798b8        0x8 
 .text.uECC_vli_add
                0x00000000000798c0       0x5c /Users/michaelmcadam/Goodnature_Projects/Beacon_Development/Prototyping/Code/RuuviTag/ruuvitag_fw-master/nRF5_SDK_12.3.0_d7731ad/external/micro-ecc/nrf52_armgcc/armgcc/micro_ecc_lib_nrf52.a(micro_ecc_lib_uECC.c.o)
                0x00000000000798c0                uECC_vli_add
 *fill*         0x000000000007991c        0x4 
 .text.uECC_vli_sub
                0x0000000000079920       0x60 /Users/michaelmcadam/Goodnature_Projects/Beacon_Development/Prototyping/Code/RuuviTag/ruuvitag_fw-master/nRF5_SDK_12.3.0_d7731ad/external/micro-ecc/nrf52_armgcc/armgcc/micro_ecc_lib_nrf52.a(micro_ecc_lib_uECC.c.o)
                0x0000000000079920                uECC_vli_sub
 .text.uECC_vli_mult
                0x0000000000079980      0x312 /Users/michaelmcadam/Goodnature_Projects/Beacon_Development/Prototyping/Code/RuuviTag/ruuvitag_fw-master/nRF5_SDK_12.3.0_d7731ad/external/micro-ecc/nrf52_armgcc/armgcc/micro_ecc_lib_nrf52.a(micro_ecc_lib_uECC.c.o)
                0x0000000000079980                uECC_vli_mult
 .text.uECC_vli_square
                0x0000000000079c92      0x28c /Users/michaelmcadam/Goodnature_Projects/Beacon_Development/Prototyping/Code/RuuviTag/ruuvitag_fw-master/nRF5_SDK_12.3.0_d7731ad/external/micro-ecc/nrf52_armgcc/armgcc/micro_ecc_lib_nrf52.a(micro_ecc_lib_uECC.c.o)
                0x0000000000079c92                uECC_vli_square
 .text.uECC_vli_clear
                0x0000000000079f1e       0x16 /Users/michaelmcadam/Goodnature_Projects/Beacon_Development/Prototyping/Code/RuuviTag/ruuvitag_fw-master/nRF5_SDK_12.3.0_d7731ad/external/micro-ecc/nrf52_armgcc/armgcc/micro_ecc_lib_nrf52.a(micro_ecc_lib_uECC.c.o)
                0x0000000000079f1e                uECC_vli_clear
 .text.bits2int
                0x0000000000079f34       0x8a /Users/michaelmcadam/Goodnature_Projects/Beacon_Development/Prototyping/Code/RuuviTag/ruuvitag_fw-master/nRF5_SDK_12.3.0_d7731ad/external/micro-ecc/nrf52_armgcc/armgcc/micro_ecc_lib_nrf52.a(micro_ecc_lib_uECC.c.o)
 .text.uECC_vli_isZero
                0x0000000000079fbe       0x1e /Users/michaelmcadam/Goodnature_Projects/Beacon_Development/Prototyping/Code/RuuviTag/ruuvitag_fw-master/nRF5_SDK_12.3.0_d7731ad/external/micro-ecc/nrf52_armgcc/armgcc/micro_ecc_lib_nrf52.a(micro_ecc_lib_uECC.c.o)
                0x0000000000079fbe                uECC_vli_isZero
 .text.uECC_vli_testBit
                0x0000000000079fdc       0x14 /Users/michaelmcadam/Goodnature_Projects/Beacon_Development/Prototyping/Code/RuuviTag/ruuvitag_fw-master/nRF5_SDK_12.3.0_d7731ad/external/micro-ecc/nrf52_armgcc/armgcc/micro_ecc_lib_nrf52.a(micro_ecc_lib_uECC.c.o)
                0x0000000000079fdc                uECC_vli_testBit
 .text.uECC_vli_numBits
                0x0000000000079ff0       0x3a /Users/michaelmcadam/Goodnature_Projects/Beacon_Development/Prototyping/Code/RuuviTag/ruuvitag_fw-master/nRF5_SDK_12.3.0_d7731ad/external/micro-ecc/nrf52_armgcc/armgcc/micro_ecc_lib_nrf52.a(micro_ecc_lib_uECC.c.o)
                0x0000000000079ff0                uECC_vli_numBits
 .text.uECC_vli_set
                0x000000000007a02a       0x18 /Users/michaelmcadam/Goodnature_Projects/Beacon_Development/Prototyping/Code/RuuviTag/ruuvitag_fw-master/nRF5_SDK_12.3.0_d7731ad/external/micro-ecc/nrf52_armgcc/armgcc/micro_ecc_lib_nrf52.a(micro_ecc_lib_uECC.c.o)
                0x000000000007a02a                uECC_vli_set
 *fill*         0x000000000007a042        0x2 
 .text.vli_mmod_fast_secp256r1
                0x000000000007a044      0x1ac /Users/michaelmcadam/Goodnature_Projects/Beacon_Development/Prototyping/Code/RuuviTag/ruuvitag_fw-master/nRF5_SDK_12.3.0_d7731ad/external/micro-ecc/nrf52_armgcc/armgcc/micro_ecc_lib_nrf52.a(micro_ecc_lib_uECC.c.o)
 .text.uECC_vli_equal
                0x000000000007a1f0       0x28 /Users/michaelmcadam/Goodnature_Projects/Beacon_Development/Prototyping/Code/RuuviTag/ruuvitag_fw-master/nRF5_SDK_12.3.0_d7731ad/external/micro-ecc/nrf52_armgcc/armgcc/micro_ecc_lib_nrf52.a(micro_ecc_lib_uECC.c.o)
                0x000000000007a1f0                uECC_vli_equal
 .text.uECC_vli_rshift1
                0x000000000007a218       0x1c /Users/michaelmcadam/Goodnature_Projects/Beacon_Development/Prototyping/Code/RuuviTag/ruuvitag_fw-master/nRF5_SDK_12.3.0_d7731ad/external/micro-ecc/nrf52_armgcc/armgcc/micro_ecc_lib_nrf52.a(micro_ecc_lib_uECC.c.o)
                0x000000000007a218                uECC_vli_rshift1
 .text.vli_modInv_update
                0x000000000007a234       0x38 /Users/michaelmcadam/Goodnature_Projects/Beacon_Development/Prototyping/Code/RuuviTag/ruuvitag_fw-master/nRF5_SDK_12.3.0_d7731ad/external/micro-ecc/nrf52_armgcc/armgcc/micro_ecc_lib_nrf52.a(micro_ecc_lib_uECC.c.o)
 .text.uECC_vli_modAdd
                0x000000000007a26c       0x32 /Users/michaelmcadam/Goodnature_Projects/Beacon_Development/Prototyping/Code/RuuviTag/ruuvitag_fw-master/nRF5_SDK_12.3.0_d7731ad/external/micro-ecc/nrf52_armgcc/armgcc/micro_ecc_lib_nrf52.a(micro_ecc_lib_uECC.c.o)
                0x000000000007a26c                uECC_vli_modAdd
 .text.uECC_vli_modSub
                0x000000000007a29e       0x24 /Users/michaelmcadam/Goodnature_Projects/Beacon_Development/Prototyping/Code/RuuviTag/ruuvitag_fw-master/nRF5_SDK_12.3.0_d7731ad/external/micro-ecc/nrf52_armgcc/armgcc/micro_ecc_lib_nrf52.a(micro_ecc_lib_uECC.c.o)
                0x000000000007a29e                uECC_vli_modSub
 .text.uECC_vli_mmod
                0x000000000007a2c2      0x13c /Users/michaelmcadam/Goodnature_Projects/Beacon_Development/Prototyping/Code/RuuviTag/ruuvitag_fw-master/nRF5_SDK_12.3.0_d7731ad/external/micro-ecc/nrf52_armgcc/armgcc/micro_ecc_lib_nrf52.a(micro_ecc_lib_uECC.c.o)
                0x000000000007a2c2                uECC_vli_mmod
 .text.uECC_vli_modMult
                0x000000000007a3fe       0x24 /Users/michaelmcadam/Goodnature_Projects/Beacon_Development/Prototyping/Code/RuuviTag/ruuvitag_fw-master/nRF5_SDK_12.3.0_d7731ad/external/micro-ecc/nrf52_armgcc/armgcc/micro_ecc_lib_nrf52.a(micro_ecc_lib_uECC.c.o)
                0x000000000007a3fe                uECC_vli_modMult
 .text.uECC_vli_modMult_fast
                0x000000000007a422       0x20 /Users/michaelmcadam/Goodnature_Projects/Beacon_Development/Prototyping/Code/RuuviTag/ruuvitag_fw-master/nRF5_SDK_12.3.0_d7731ad/external/micro-ecc/nrf52_armgcc/armgcc/micro_ecc_lib_nrf52.a(micro_ecc_lib_uECC.c.o)
                0x000000000007a422                uECC_vli_modMult_fast
 .text.uECC_vli_modSquare_fast
                0x000000000007a442       0x20 /Users/michaelmcadam/Goodnature_Projects/Beacon_Development/Prototyping/Code/RuuviTag/ruuvitag_fw-master/nRF5_SDK_12.3.0_d7731ad/external/micro-ecc/nrf52_armgcc/armgcc/micro_ecc_lib_nrf52.a(micro_ecc_lib_uECC.c.o)
                0x000000000007a442                uECC_vli_modSquare_fast
 .text.x_side_default
                0x000000000007a462       0x5a /Users/michaelmcadam/Goodnature_Projects/Beacon_Development/Prototyping/Code/RuuviTag/ruuvitag_fw-master/nRF5_SDK_12.3.0_d7731ad/external/micro-ecc/nrf52_armgcc/armgcc/micro_ecc_lib_nrf52.a(micro_ecc_lib_uECC.c.o)
 .text.double_jacobian_default
                0x000000000007a4bc      0x156 /Users/michaelmcadam/Goodnature_Projects/Beacon_Development/Prototyping/Code/RuuviTag/ruuvitag_fw-master/nRF5_SDK_12.3.0_d7731ad/external/micro-ecc/nrf52_armgcc/armgcc/micro_ecc_lib_nrf52.a(micro_ecc_lib_uECC.c.o)
 .text.XYcZ_add
                0x000000000007a612       0xca /Users/michaelmcadam/Goodnature_Projects/Beacon_Development/Prototyping/Code/RuuviTag/ruuvitag_fw-master/nRF5_SDK_12.3.0_d7731ad/external/micro-ecc/nrf52_armgcc/armgcc/micro_ecc_lib_nrf52.a(micro_ecc_lib_uECC.c.o)
 .text.apply_z  0x000000000007a6dc       0x3e /Users/michaelmcadam/Goodnature_Projects/Beacon_Development/Prototyping/Code/RuuviTag/ruuvitag_fw-master/nRF5_SDK_12.3.0_d7731ad/external/micro-ecc/nrf52_armgcc/armgcc/micro_ecc_lib_nrf52.a(micro_ecc_lib_uECC.c.o)
 .text.uECC_vli_modInv
                0x000000000007a71a      0x10c /Users/michaelmcadam/Goodnature_Projects/Beacon_Development/Prototyping/Code/RuuviTag/ruuvitag_fw-master/nRF5_SDK_12.3.0_d7731ad/external/micro-ecc/nrf52_armgcc/armgcc/micro_ecc_lib_nrf52.a(micro_ecc_lib_uECC.c.o)
                0x000000000007a71a                uECC_vli_modInv
 *fill*         0x000000000007a826        0x2 
 .text.uECC_secp256r1
                0x000000000007a828        0x8 /Users/michaelmcadam/Goodnature_Projects/Beacon_Development/Prototyping/Code/RuuviTag/ruuvitag_fw-master/nRF5_SDK_12.3.0_d7731ad/external/micro-ecc/nrf52_armgcc/armgcc/micro_ecc_lib_nrf52.a(micro_ecc_lib_uECC.c.o)
                0x000000000007a828                uECC_secp256r1
 .text.uECC_verify
                0x000000000007a830      0x2c4 /Users/michaelmcadam/Goodnature_Projects/Beacon_Development/Prototyping/Code/RuuviTag/ruuvitag_fw-master/nRF5_SDK_12.3.0_d7731ad/external/micro-ecc/nrf52_armgcc/armgcc/micro_ecc_lib_nrf52.a(micro_ecc_lib_uECC.c.o)
                0x000000000007a830                uECC_verify
 .text.__locale_ctype_ptr
                0x000000000007aaf4       0x1c /Users/michaelmcadam/SDK/Nordic_nf52/gcc-arm-none-eabi-6.3.1/bin/../lib/gcc/arm-none-eabi/6.3.1/../../../../arm-none-eabi/lib/thumb/v7e-m/fpv4-sp/hard/libc_nano.a(lib_a-locale.o)
                0x000000000007aaf4                __locale_ctype_ptr
 .text.__ascii_mbtowc
                0x000000000007ab10       0x24 /Users/michaelmcadam/SDK/Nordic_nf52/gcc-arm-none-eabi-6.3.1/bin/../lib/gcc/arm-none-eabi/6.3.1/../../../../arm-none-eabi/lib/thumb/v7e-m/fpv4-sp/hard/libc_nano.a(lib_a-mbtowc_r.o)
                0x000000000007ab10                __ascii_mbtowc
 .text.memcmp   0x000000000007ab34       0x1e /Users/michaelmcadam/SDK/Nordic_nf52/gcc-arm-none-eabi-6.3.1/bin/../lib/gcc/arm-none-eabi/6.3.1/../../../../arm-none-eabi/lib/thumb/v7e-m/fpv4-sp/hard/libc_nano.a(lib_a-memcmp.o)
                0x000000000007ab34                memcmp
 .text.memcpy   0x000000000007ab52       0x16 /Users/michaelmcadam/SDK/Nordic_nf52/gcc-arm-none-eabi-6.3.1/bin/../lib/gcc/arm-none-eabi/6.3.1/../../../../arm-none-eabi/lib/thumb/v7e-m/fpv4-sp/hard/libc_nano.a(lib_a-memcpy-stub.o)
                0x000000000007ab52                memcpy
 .text.snprintf
                0x000000000007ab68       0x68 /Users/michaelmcadam/SDK/Nordic_nf52/gcc-arm-none-eabi-6.3.1/bin/../lib/gcc/arm-none-eabi/6.3.1/../../../../arm-none-eabi/lib/thumb/v7e-m/fpv4-sp/hard/libc_nano.a(lib_a-snprintf.o)
                0x000000000007ab68                snprintf
                0x000000000007ab68                sniprintf
 .text.strcpy   0x000000000007abd0       0x10 /Users/michaelmcadam/SDK/Nordic_nf52/gcc-arm-none-eabi-6.3.1/bin/../lib/gcc/arm-none-eabi/6.3.1/../../../../arm-none-eabi/lib/thumb/v7e-m/fpv4-sp/hard/libc_nano.a(lib_a-strcpy.o)
                0x000000000007abd0                strcpy
 .text          0x000000000007abe0       0x10 /Users/michaelmcadam/SDK/Nordic_nf52/gcc-arm-none-eabi-6.3.1/bin/../lib/gcc/arm-none-eabi/6.3.1/../../../../arm-none-eabi/lib/thumb/v7e-m/fpv4-sp/hard/libc_nano.a(lib_a-strlen.o)
                0x000000000007abe0                strlen
 .text.__ascii_wctomb
                0x000000000007abf0       0x1a /Users/michaelmcadam/SDK/Nordic_nf52/gcc-arm-none-eabi-6.3.1/bin/../lib/gcc/arm-none-eabi/6.3.1/../../../../arm-none-eabi/lib/thumb/v7e-m/fpv4-sp/hard/libc_nano.a(lib_a-wctomb_r.o)
                0x000000000007abf0                __ascii_wctomb
 .text.__ssputs_r
                0x000000000007ac0a       0xb6 /Users/michaelmcadam/SDK/Nordic_nf52/gcc-arm-none-eabi-6.3.1/bin/../lib/gcc/arm-none-eabi/6.3.1/../../../../arm-none-eabi/lib/thumb/v7e-m/fpv4-sp/hard/libc_nano.a(lib_a-nano-svfprintf.o)
                0x000000000007ac0a                __ssputs_r
 .text._svfprintf_r
                0x000000000007acc0      0x1e8 /Users/michaelmcadam/SDK/Nordic_nf52/gcc-arm-none-eabi-6.3.1/bin/../lib/gcc/arm-none-eabi/6.3.1/../../../../arm-none-eabi/lib/thumb/v7e-m/fpv4-sp/hard/libc_nano.a(lib_a-nano-svfprintf.o)
                0x000000000007acc0                _svfprintf_r
                0x000000000007acc0                _svfiprintf_r
 .text._printf_common
                0x000000000007aea8       0xec /Users/michaelmcadam/SDK/Nordic_nf52/gcc-arm-none-eabi-6.3.1/bin/../lib/gcc/arm-none-eabi/6.3.1/../../../../arm-none-eabi/lib/thumb/v7e-m/fpv4-sp/hard/libc_nano.a(lib_a-nano-vfprintf_i.o)
                0x000000000007aea8                _printf_common
 .text._printf_i
                0x000000000007af94      0x240 /Users/michaelmcadam/SDK/Nordic_nf52/gcc-arm-none-eabi-6.3.1/bin/../lib/gcc/arm-none-eabi/6.3.1/../../../../arm-none-eabi/lib/thumb/v7e-m/fpv4-sp/hard/libc_nano.a(lib_a-nano-vfprintf_i.o)
                0x000000000007af94                _printf_i
 *fill*         0x000000000007b1d4        0xc 
 .text          0x000000000007b1e0       0xa0 /Users/michaelmcadam/SDK/Nordic_nf52/gcc-arm-none-eabi-6.3.1/bin/../lib/gcc/arm-none-eabi/6.3.1/../../../../arm-none-eabi/lib/thumb/v7e-m/fpv4-sp/hard/libc_nano.a(lib_a-memchr.o)
                0x000000000007b1e0                memchr
 .text.memmove  0x000000000007b280       0x34 /Users/michaelmcadam/SDK/Nordic_nf52/gcc-arm-none-eabi-6.3.1/bin/../lib/gcc/arm-none-eabi/6.3.1/../../../../arm-none-eabi/lib/thumb/v7e-m/fpv4-sp/hard/libc_nano.a(lib_a-memmove.o)
                0x000000000007b280                memmove
 .text._free_r  0x000000000007b2b4       0x9c /Users/michaelmcadam/SDK/Nordic_nf52/gcc-arm-none-eabi-6.3.1/bin/../lib/gcc/arm-none-eabi/6.3.1/../../../../arm-none-eabi/lib/thumb/v7e-m/fpv4-sp/hard/libc_nano.a(lib_a-nano-freer.o)
                0x000000000007b2b4                _free_r
 .text._malloc_r
                0x000000000007b350       0xbc /Users/michaelmcadam/SDK/Nordic_nf52/gcc-arm-none-eabi-6.3.1/bin/../lib/gcc/arm-none-eabi/6.3.1/../../../../arm-none-eabi/lib/thumb/v7e-m/fpv4-sp/hard/libc_nano.a(lib_a-nano-mallocr.o)
                0x000000000007b350                _malloc_r
 .text._realloc_r
                0x000000000007b40c       0x4c /Users/michaelmcadam/SDK/Nordic_nf52/gcc-arm-none-eabi-6.3.1/bin/../lib/gcc/arm-none-eabi/6.3.1/../../../../arm-none-eabi/lib/thumb/v7e-m/fpv4-sp/hard/libc_nano.a(lib_a-nano-reallocr.o)
                0x000000000007b40c                _realloc_r
 .text._sbrk_r  0x000000000007b458       0x20 /Users/michaelmcadam/SDK/Nordic_nf52/gcc-arm-none-eabi-6.3.1/bin/../lib/gcc/arm-none-eabi/6.3.1/../../../../arm-none-eabi/lib/thumb/v7e-m/fpv4-sp/hard/libc_nano.a(lib_a-sbrkr.o)
                0x000000000007b458                _sbrk_r
 .text.__malloc_lock
                0x000000000007b478        0x2 /Users/michaelmcadam/SDK/Nordic_nf52/gcc-arm-none-eabi-6.3.1/bin/../lib/gcc/arm-none-eabi/6.3.1/../../../../arm-none-eabi/lib/thumb/v7e-m/fpv4-sp/hard/libc_nano.a(lib_a-mlock.o)
                0x000000000007b478                __malloc_lock
 .text.__malloc_unlock
                0x000000000007b47a        0x2 /Users/michaelmcadam/SDK/Nordic_nf52/gcc-arm-none-eabi-6.3.1/bin/../lib/gcc/arm-none-eabi/6.3.1/../../../../arm-none-eabi/lib/thumb/v7e-m/fpv4-sp/hard/libc_nano.a(lib_a-mlock.o)
                0x000000000007b47a                __malloc_unlock
 .text._malloc_usable_size_r
                0x000000000007b47c       0x12 /Users/michaelmcadam/SDK/Nordic_nf52/gcc-arm-none-eabi-6.3.1/bin/../lib/gcc/arm-none-eabi/6.3.1/../../../../arm-none-eabi/lib/thumb/v7e-m/fpv4-sp/hard/libc_nano.a(lib_a-nano-msizer.o)
                0x000000000007b47c                _malloc_usable_size_r
 *fill*         0x000000000007b48e        0x2 
 .text._sbrk    0x000000000007b490       0x1c /Users/michaelmcadam/SDK/Nordic_nf52/gcc-arm-none-eabi-6.3.1/bin/../lib/gcc/arm-none-eabi/6.3.1/../../../../arm-none-eabi/lib/thumb/v7e-m/fpv4-sp/hard/libnosys.a(sbrk.o)
                0x000000000007b490                _sbrk
 .text          0x000000000007b4ac       0x18 /Users/michaelmcadam/SDK/Nordic_nf52/gcc-arm-none-eabi-6.3.1/bin/../lib/gcc/arm-none-eabi/6.3.1/thumb/v7e-m/fpv4-sp/hard/libgcc.a(_ashldi3.o)
                0x000000000007b4ac                __ashldi3
                0x000000000007b4ac                __aeabi_llsl
 *(.init)
 .init          0x000000000007b4c4        0x4 /Users/michaelmcadam/SDK/Nordic_nf52/gcc-arm-none-eabi-6.3.1/bin/../lib/gcc/arm-none-eabi/6.3.1/thumb/v7e-m/fpv4-sp/hard/crti.o
                0x000000000007b4c4                _init
 .init          0x000000000007b4c8        0x8 /Users/michaelmcadam/SDK/Nordic_nf52/gcc-arm-none-eabi-6.3.1/bin/../lib/gcc/arm-none-eabi/6.3.1/thumb/v7e-m/fpv4-sp/hard/crtn.o
 *(.fini)
 .fini          0x000000000007b4d0        0x4 /Users/michaelmcadam/SDK/Nordic_nf52/gcc-arm-none-eabi-6.3.1/bin/../lib/gcc/arm-none-eabi/6.3.1/thumb/v7e-m/fpv4-sp/hard/crti.o
                0x000000000007b4d0                _fini
 .fini          0x000000000007b4d4        0x8 /Users/michaelmcadam/SDK/Nordic_nf52/gcc-arm-none-eabi-6.3.1/bin/../lib/gcc/arm-none-eabi/6.3.1/thumb/v7e-m/fpv4-sp/hard/crtn.o
 *crtbegin.o(.ctors)
 *crtbegin?.o(.ctors)
 *(EXCLUDE_FILE(*crtend.o *crtend?.o) .ctors)
 *(SORT(.ctors.*))
 *(.ctors)
 *crtbegin.o(.dtors)
 *crtbegin?.o(.dtors)
 *(EXCLUDE_FILE(*crtend.o *crtend?.o) .dtors)
 *(SORT(.dtors.*))
 *(.dtors)
 *(.rodata*)
 .rodata._global_impure_ptr
                0x000000000007b4dc        0x4 /Users/michaelmcadam/SDK/Nordic_nf52/gcc-arm-none-eabi-6.3.1/bin/../lib/gcc/arm-none-eabi/6.3.1/../../../../arm-none-eabi/lib/thumb/v7e-m/fpv4-sp/hard/libc_nano.a(lib_a-impure.o)
                0x000000000007b4dc                _global_impure_ptr
 .rodata        0x000000000007b4e0      0x13c /var/folders/d8/zhcs33bs1f32_xjqkn8059th0000gn/T//cc1skDJK.ltrans0.ltrans.o
 .rodata.str1.1
                0x000000000007b61c      0x549 /var/folders/d8/zhcs33bs1f32_xjqkn8059th0000gn/T//cc1skDJK.ltrans0.ltrans.o
 *fill*         0x000000000007bb65        0x3 
 .rodata        0x000000000007bb68      0x100 /var/folders/d8/zhcs33bs1f32_xjqkn8059th0000gn/T//cc1skDJK.ltrans1.ltrans.o
 .rodata        0x000000000007bc68       0x40 /var/folders/d8/zhcs33bs1f32_xjqkn8059th0000gn/T//cc1skDJK.ltrans2.ltrans.o
 .rodata.str1.1
                0x000000000007bca8      0x7c1 /var/folders/d8/zhcs33bs1f32_xjqkn8059th0000gn/T//cc1skDJK.ltrans2.ltrans.o
 .rodata.str1.1
                0x000000000007c469      0x16e /var/folders/d8/zhcs33bs1f32_xjqkn8059th0000gn/T//cc1skDJK.ltrans3.ltrans.o
 .rodata        0x000000000007c5d7       0x10 /var/folders/d8/zhcs33bs1f32_xjqkn8059th0000gn/T//cc1skDJK.ltrans4.ltrans.o
 .rodata.str1.1
                0x000000000007c5e7      0x144 /var/folders/d8/zhcs33bs1f32_xjqkn8059th0000gn/T//cc1skDJK.ltrans4.ltrans.o
 .rodata.str1.1
                0x000000000007c72b      0x62f /var/folders/d8/zhcs33bs1f32_xjqkn8059th0000gn/T//cc1skDJK.ltrans5.ltrans.o
 *fill*         0x000000000007cd5a        0x2 
 .rodata        0x000000000007cd5c       0x24 /var/folders/d8/zhcs33bs1f32_xjqkn8059th0000gn/T//cc1skDJK.ltrans6.ltrans.o
 .rodata.str1.1
                0x000000000007cd80      0x170 /var/folders/d8/zhcs33bs1f32_xjqkn8059th0000gn/T//cc1skDJK.ltrans7.ltrans.o
                                        0x179 (size before relaxing)
 .rodata.curve_secp256r1
                0x000000000007cef0       0xb0 /Users/michaelmcadam/Goodnature_Projects/Beacon_Development/Prototyping/Code/RuuviTag/ruuvitag_fw-master/nRF5_SDK_12.3.0_d7731ad/external/micro-ecc/nrf52_armgcc/armgcc/micro_ecc_lib_nrf52.a(micro_ecc_lib_uECC.c.o)
 .rodata._setlocale_r.str1.1
                0x000000000007cfa0        0x8 /Users/michaelmcadam/SDK/Nordic_nf52/gcc-arm-none-eabi-6.3.1/bin/../lib/gcc/arm-none-eabi/6.3.1/../../../../arm-none-eabi/lib/thumb/v7e-m/fpv4-sp/hard/libc_nano.a(lib_a-locale.o)
                                          0x9 (size before relaxing)
 .rodata.str1.1
                0x000000000007cfa8        0x2 /Users/michaelmcadam/SDK/Nordic_nf52/gcc-arm-none-eabi-6.3.1/bin/../lib/gcc/arm-none-eabi/6.3.1/../../../../arm-none-eabi/lib/thumb/v7e-m/fpv4-sp/hard/libc_nano.a(lib_a-locale.o)
 .rodata._ctype_
                0x000000000007cfaa      0x101 /Users/michaelmcadam/SDK/Nordic_nf52/gcc-arm-none-eabi-6.3.1/bin/../lib/gcc/arm-none-eabi/6.3.1/../../../../arm-none-eabi/lib/thumb/v7e-m/fpv4-sp/hard/libc_nano.a(lib_a-ctype_.o)
                0x000000000007cfaa                _ctype_
 .rodata._svfprintf_r.str1.1
                0x000000000007d0ab       0x11 /Users/michaelmcadam/SDK/Nordic_nf52/gcc-arm-none-eabi-6.3.1/bin/../lib/gcc/arm-none-eabi/6.3.1/../../../../arm-none-eabi/lib/thumb/v7e-m/fpv4-sp/hard/libc_nano.a(lib_a-nano-svfprintf.o)
 .rodata._printf_i.str1.1
                0x000000000007d0bc       0x22 /Users/michaelmcadam/SDK/Nordic_nf52/gcc-arm-none-eabi-6.3.1/bin/../lib/gcc/arm-none-eabi/6.3.1/../../../../arm-none-eabi/lib/thumb/v7e-m/fpv4-sp/hard/libc_nano.a(lib_a-nano-vfprintf_i.o)
 *(.eh_frame*)
 *fill*         0x000000000007d0de        0x2 
 .eh_frame      0x000000000007d0e0        0x0 /Users/michaelmcadam/SDK/Nordic_nf52/gcc-arm-none-eabi-6.3.1/bin/../lib/gcc/arm-none-eabi/6.3.1/thumb/v7e-m/fpv4-sp/hard/crtbegin.o
 .eh_frame      0x000000000007d0e0        0x4 /Users/michaelmcadam/SDK/Nordic_nf52/gcc-arm-none-eabi-6.3.1/bin/../lib/gcc/arm-none-eabi/6.3.1/thumb/v7e-m/fpv4-sp/hard/crtend.o

.glue_7         0x000000000007d0e4        0x0
 .glue_7        0x000000000007d0e4        0x0 linker stubs

.glue_7t        0x000000000007d0e4        0x0
 .glue_7t       0x000000000007d0e4        0x0 linker stubs

.vfp11_veneer   0x000000000007d0e4        0x0
 .vfp11_veneer  0x000000000007d0e4        0x0 linker stubs

.v4_bx          0x000000000007d0e4        0x0
 .v4_bx         0x000000000007d0e4        0x0 linker stubs

.iplt           0x000000000007d0e4        0x0
 .iplt          0x000000000007d0e4        0x0 /Users/michaelmcadam/SDK/Nordic_nf52/gcc-arm-none-eabi-6.3.1/bin/../lib/gcc/arm-none-eabi/6.3.1/thumb/v7e-m/fpv4-sp/hard/crtbegin.o

.ARM.extab
 *(.ARM.extab* .gnu.linkonce.armextab.*)
                0x000000000007d0e4                __exidx_start = .

.ARM.exidx      0x000000000007d0e4        0x8
 *(.ARM.exidx* .gnu.linkonce.armexidx.*)
 .ARM.exidx     0x000000000007d0e4        0x8 /Users/michaelmcadam/SDK/Nordic_nf52/gcc-arm-none-eabi-6.3.1/bin/../lib/gcc/arm-none-eabi/6.3.1/../../../../arm-none-eabi/lib/thumb/v7e-m/fpv4-sp/hard/crt0.o
                0x000000000007d0ec                __exidx_end = .
                0x000000000007d0ec                __etext = .

.data           0x0000000020002c00      0x1e4 load address 0x000000000007d0ec
                0x0000000020002c00                __data_start__ = .
 *(vtable)
 *(.data*)
 .data._impure_ptr
                0x0000000020002c00        0x4 /Users/michaelmcadam/SDK/Nordic_nf52/gcc-arm-none-eabi-6.3.1/bin/../lib/gcc/arm-none-eabi/6.3.1/../../../../arm-none-eabi/lib/thumb/v7e-m/fpv4-sp/hard/libc_nano.a(lib_a-impure.o)
                0x0000000020002c00                _impure_ptr
 .data.impure_data
                0x0000000020002c04       0x60 /Users/michaelmcadam/SDK/Nordic_nf52/gcc-arm-none-eabi-6.3.1/bin/../lib/gcc/arm-none-eabi/6.3.1/../../../../arm-none-eabi/lib/thumb/v7e-m/fpv4-sp/hard/libc_nano.a(lib_a-impure.o)
 .data          0x0000000020002c64        0x4 /var/folders/d8/zhcs33bs1f32_xjqkn8059th0000gn/T//cc1skDJK.ltrans2.ltrans.o
                0x0000000020002c66                m_conn_handle.lto_priv.97
 .data          0x0000000020002c68        0x4 /var/folders/d8/zhcs33bs1f32_xjqkn8059th0000gn/T//cc1skDJK.ltrans7.ltrans.o
                0x0000000020002c68                SystemCoreClock
 .data.__global_locale
                0x0000000020002c6c      0x16c /Users/michaelmcadam/SDK/Nordic_nf52/gcc-arm-none-eabi-6.3.1/bin/../lib/gcc/arm-none-eabi/6.3.1/../../../../arm-none-eabi/lib/thumb/v7e-m/fpv4-sp/hard/libc_nano.a(lib_a-locale.o)
                0x0000000020002c6c                __global_locale
                0x0000000020002dd8                . = ALIGN (0x4)
                0x0000000020002dd8                PROVIDE (__preinit_array_start, .)
 *(.preinit_array)
                0x0000000020002dd8                PROVIDE (__preinit_array_end, .)
                0x0000000020002dd8                . = ALIGN (0x4)
                0x0000000020002dd8                PROVIDE (__init_array_start, .)
 *(SORT(.init_array.*))
 *(.init_array)
 .init_array    0x0000000020002dd8        0x4 /Users/michaelmcadam/SDK/Nordic_nf52/gcc-arm-none-eabi-6.3.1/bin/../lib/gcc/arm-none-eabi/6.3.1/thumb/v7e-m/fpv4-sp/hard/crtbegin.o
                0x0000000020002ddc                PROVIDE (__init_array_end, .)
                0x0000000020002ddc                . = ALIGN (0x4)
                [!provide]                        PROVIDE (__fini_array_start, .)
 *(SORT(.fini_array.*))
 *(.fini_array)
 .fini_array    0x0000000020002ddc        0x4 /Users/michaelmcadam/SDK/Nordic_nf52/gcc-arm-none-eabi-6.3.1/bin/../lib/gcc/arm-none-eabi/6.3.1/thumb/v7e-m/fpv4-sp/hard/crtbegin.o
                [!provide]                        PROVIDE (__fini_array_end, .)
 *(.jcr*)
 .jcr           0x0000000020002de0        0x0 /Users/michaelmcadam/SDK/Nordic_nf52/gcc-arm-none-eabi-6.3.1/bin/../lib/gcc/arm-none-eabi/6.3.1/thumb/v7e-m/fpv4-sp/hard/crtbegin.o
 .jcr           0x0000000020002de0        0x4 /Users/michaelmcadam/SDK/Nordic_nf52/gcc-arm-none-eabi-6.3.1/bin/../lib/gcc/arm-none-eabi/6.3.1/thumb/v7e-m/fpv4-sp/hard/crtend.o
                0x0000000020002de4                . = ALIGN (0x4)
                0x0000000020002de4                __data_end__ = .
LOAD /Users/michaelmcadam/SDK/Nordic_nf52/gcc-arm-none-eabi-6.3.1/bin/../lib/gcc/arm-none-eabi/6.3.1/thumb/v7e-m/fpv4-sp/hard/crti.o
LOAD /Users/michaelmcadam/SDK/Nordic_nf52/gcc-arm-none-eabi-6.3.1/bin/../lib/gcc/arm-none-eabi/6.3.1/thumb/v7e-m/fpv4-sp/hard/crtbegin.o
LOAD /Users/michaelmcadam/SDK/Nordic_nf52/gcc-arm-none-eabi-6.3.1/bin/../lib/gcc/arm-none-eabi/6.3.1/../../../../arm-none-eabi/lib/thumb/v7e-m/fpv4-sp/hard/crt0.o
LOAD /Users/michaelmcadam/SDK/Nordic_nf52/gcc-arm-none-eabi-6.3.1/bin/../lib/gcc/arm-none-eabi/6.3.1/../../../../arm-none-eabi/lib/thumb/v7e-m/fpv4-sp/hard/libc_nano.a
LOAD /Users/michaelmcadam/SDK/Nordic_nf52/gcc-arm-none-eabi-6.3.1/bin/../lib/gcc/arm-none-eabi/6.3.1/../../../../arm-none-eabi/lib/thumb/v7e-m/fpv4-sp/hard/libnosys.a
LOAD _build/ruuvitag_b3_bootloader_dfu_public_key.c.o
LOAD /var/folders/d8/zhcs33bs1f32_xjqkn8059th0000gn/T//cc1skDJK.ltrans0.ltrans.o
LOAD /var/folders/d8/zhcs33bs1f32_xjqkn8059th0000gn/T//cc1skDJK.ltrans1.ltrans.o
LOAD /var/folders/d8/zhcs33bs1f32_xjqkn8059th0000gn/T//cc1skDJK.ltrans2.ltrans.o
LOAD /var/folders/d8/zhcs33bs1f32_xjqkn8059th0000gn/T//cc1skDJK.ltrans3.ltrans.o
LOAD /var/folders/d8/zhcs33bs1f32_xjqkn8059th0000gn/T//cc1skDJK.ltrans4.ltrans.o
LOAD /var/folders/d8/zhcs33bs1f32_xjqkn8059th0000gn/T//cc1skDJK.ltrans5.ltrans.o
LOAD /var/folders/d8/zhcs33bs1f32_xjqkn8059th0000gn/T//cc1skDJK.ltrans6.ltrans.o
LOAD /var/folders/d8/zhcs33bs1f32_xjqkn8059th0000gn/T//cc1skDJK.ltrans7.ltrans.o
LOAD _build/ruuvitag_b3_bootloader_main.c.o
LOAD _build/ruuvitag_b3_bootloader_dfu-cc.pb.c.o
LOAD _build/ruuvitag_b3_bootloader_dfu_req_handling.c.o
LOAD _build/ruuvitag_b3_bootloader_nrf_log_backend_serial.c.o
LOAD _build/ruuvitag_b3_bootloader_nrf_log_frontend.c.o
LOAD _build/ruuvitag_b3_bootloader_app_error_weak.c.o
LOAD _build/ruuvitag_b3_bootloader_app_fifo.c.o
LOAD _build/ruuvitag_b3_bootloader_app_scheduler.c.o
LOAD _build/ruuvitag_b3_bootloader_app_timer.c.o
LOAD _build/ruuvitag_b3_bootloader_app_timer_appsh.c.o
LOAD _build/ruuvitag_b3_bootloader_app_util_platform.c.o
LOAD _build/ruuvitag_b3_bootloader_crc32.c.o
LOAD _build/ruuvitag_b3_bootloader_ecc.c.o
LOAD _build/ruuvitag_b3_bootloader_fstorage.c.o
LOAD _build/ruuvitag_b3_bootloader_hci_mem_pool.c.o
LOAD _build/ruuvitag_b3_bootloader_nrf_assert.c.o
LOAD _build/ruuvitag_b3_bootloader_nrf_crypto.c.o
LOAD _build/ruuvitag_b3_bootloader_sha256.c.o
LOAD _build/ruuvitag_b3_bootloader_nrf_queue.c.o
LOAD _build/ruuvitag_b3_bootloader_nrf_drv_rng.c.o
LOAD _build/ruuvitag_b3_bootloader_pb_common.c.o
LOAD _build/ruuvitag_b3_bootloader_pb_decode.c.o
LOAD _build/ruuvitag_b3_bootloader_nrf_drv_common.c.o
LOAD _build/ruuvitag_b3_bootloader_nrf_nvmc.c.o
LOAD _build/ruuvitag_b3_bootloader_nrf_ble_dfu.c.o
LOAD _build/ruuvitag_b3_bootloader_RTT_Syscalls_GCC.c.o
LOAD _build/ruuvitag_b3_bootloader_SEGGER_RTT.c.o
LOAD _build/ruuvitag_b3_bootloader_SEGGER_RTT_printf.c.o
LOAD _build/ruuvitag_b3_bootloader_ble_advdata.c.o
LOAD _build/ruuvitag_b3_bootloader_ble_conn_params.c.o
LOAD _build/ruuvitag_b3_bootloader_ble_srv_common.c.o
LOAD _build/ruuvitag_b3_bootloader_gcc_startup_nrf52.S.o
LOAD _build/ruuvitag_b3_bootloader_system_nrf52.c.o
LOAD _build/ruuvitag_b3_bootloader_softdevice_handler.c.o
LOAD _build/ruuvitag_b3_bootloader_softdevice_handler_appsh.c.o
LOAD _build/ruuvitag_b3_bootloader_nrf_bootloader.c.o
LOAD _build/ruuvitag_b3_bootloader_nrf_bootloader_app_start.c.o
LOAD _build/ruuvitag_b3_bootloader_nrf_bootloader_info.c.o
LOAD _build/ruuvitag_b3_bootloader_nrf_dfu.c.o
LOAD _build/ruuvitag_b3_bootloader_nrf_dfu_flash.c.o
LOAD _build/ruuvitag_b3_bootloader_nrf_dfu_mbr.c.o
LOAD _build/ruuvitag_b3_bootloader_nrf_dfu_settings.c.o
LOAD _build/ruuvitag_b3_bootloader_nrf_dfu_transport.c.o
LOAD _build/ruuvitag_b3_bootloader_nrf_dfu_utils.c.o
LOAD /Users/michaelmcadam/Goodnature_Projects/Beacon_Development/Prototyping/Code/RuuviTag/ruuvitag_fw-master/nRF5_SDK_12.3.0_d7731ad/external/micro-ecc/nrf52_armgcc/armgcc/micro_ecc_lib_nrf52.a
LOAD /Users/michaelmcadam/SDK/Nordic_nf52/gcc-arm-none-eabi-6.3.1/bin/../lib/gcc/arm-none-eabi/6.3.1/../../../../arm-none-eabi/lib/thumb/v7e-m/fpv4-sp/hard/libm.a
START GROUP
LOAD /Users/michaelmcadam/SDK/Nordic_nf52/gcc-arm-none-eabi-6.3.1/bin/../lib/gcc/arm-none-eabi/6.3.1/thumb/v7e-m/fpv4-sp/hard/libgcc.a
LOAD /Users/michaelmcadam/SDK/Nordic_nf52/gcc-arm-none-eabi-6.3.1/bin/../lib/gcc/arm-none-eabi/6.3.1/../../../../arm-none-eabi/lib/thumb/v7e-m/fpv4-sp/hard/libc_nano.a
END GROUP
START GROUP
LOAD /Users/michaelmcadam/SDK/Nordic_nf52/gcc-arm-none-eabi-6.3.1/bin/../lib/gcc/arm-none-eabi/6.3.1/thumb/v7e-m/fpv4-sp/hard/libgcc.a
LOAD /Users/michaelmcadam/SDK/Nordic_nf52/gcc-arm-none-eabi-6.3.1/bin/../lib/gcc/arm-none-eabi/6.3.1/../../../../arm-none-eabi/lib/thumb/v7e-m/fpv4-sp/hard/libc_nano.a
END GROUP
LOAD /Users/michaelmcadam/SDK/Nordic_nf52/gcc-arm-none-eabi-6.3.1/bin/../lib/gcc/arm-none-eabi/6.3.1/thumb/v7e-m/fpv4-sp/hard/crtend.o
LOAD /Users/michaelmcadam/SDK/Nordic_nf52/gcc-arm-none-eabi-6.3.1/bin/../lib/gcc/arm-none-eabi/6.3.1/thumb/v7e-m/fpv4-sp/hard/crtn.o
START GROUP
LOAD /Users/michaelmcadam/SDK/Nordic_nf52/gcc-arm-none-eabi-6.3.1/bin/../lib/gcc/arm-none-eabi/6.3.1/thumb/v7e-m/fpv4-sp/hard/libgcc.a
LOAD /Users/michaelmcadam/SDK/Nordic_nf52/gcc-arm-none-eabi-6.3.1/bin/../lib/gcc/arm-none-eabi/6.3.1/../../../../arm-none-eabi/lib/thumb/v7e-m/fpv4-sp/hard/libc.a
LOAD /Users/michaelmcadam/SDK/Nordic_nf52/gcc-arm-none-eabi-6.3.1/bin/../lib/gcc/arm-none-eabi/6.3.1/../../../../arm-none-eabi/lib/thumb/v7e-m/fpv4-sp/hard/libnosys.a
END GROUP

.igot.plt       0x0000000020002de4        0x0 load address 0x000000000007d2d0
 .igot.plt      0x0000000020002de4        0x0 /Users/michaelmcadam/SDK/Nordic_nf52/gcc-arm-none-eabi-6.3.1/bin/../lib/gcc/arm-none-eabi/6.3.1/thumb/v7e-m/fpv4-sp/hard/crtbegin.o

.bootloaderSettings
                0x000000000007f000     0x1000
 .bootloaderSettings
                0x000000000007f000     0x1000 /var/folders/d8/zhcs33bs1f32_xjqkn8059th0000gn/T//cc1skDJK.ltrans5.ltrans.o
                0x000000000007f000                m_dfu_settings_buffer

.uicrBootStartAddress
                0x0000000010001014        0x4
 *(.uicrBootStartAddress)
 .uicrBootStartAddress
                0x0000000010001014        0x4 /var/folders/d8/zhcs33bs1f32_xjqkn8059th0000gn/T//cc1skDJK.ltrans0.ltrans.o

.mbrParamsPage

.uicrMbrParamsPageAddress
                0x0000000010001018        0x4
 *(.uicrMbrParamsPageAddress)
 .uicrMbrParamsPageAddress
                0x0000000010001018        0x4 /var/folders/d8/zhcs33bs1f32_xjqkn8059th0000gn/T//cc1skDJK.ltrans0.ltrans.o

.noinit
                0x000000001000101c                . = ALIGN (0x4)

.fs_data        0x0000000020002de4       0x10 load address 0x000000000007d2d0
                0x0000000020002de4                PROVIDE (__start_fs_data, .)
 *(.fs_data)
 .fs_data       0x0000000020002de4       0x10 /var/folders/d8/zhcs33bs1f32_xjqkn8059th0000gn/T//cc1skDJK.ltrans5.ltrans.o
                0x0000000020002df4                PROVIDE (__stop_fs_data, .)
                0x0000000020002df4                . = ALIGN (0x4)

.svc_data       0x0000000020002df4        0x0
                [!provide]                        PROVIDE (__start_svc_data, .)
 *(.svc_data)
                [!provide]                        PROVIDE (__stop_svc_data, .)
                0x0000000020002df4                . = ALIGN (0x4)

.dfu_trans      0x0000000020002df4        0x8 load address 0x000000000007d2e0
                0x0000000020002df4                PROVIDE (__start_dfu_trans, .)
 *(.dfu_trans)
 .dfu_trans     0x0000000020002df4        0x8 /var/folders/d8/zhcs33bs1f32_xjqkn8059th0000gn/T//cc1skDJK.ltrans4.ltrans.o
                0x0000000020002dfc                PROVIDE (__stop_dfu_trans, .)

.rel.dyn        0x0000000020002dfc        0x0 load address 0x000000000007d2e8
 .rel.iplt      0x0000000020002dfc        0x0 /Users/michaelmcadam/SDK/Nordic_nf52/gcc-arm-none-eabi-6.3.1/bin/../lib/gcc/arm-none-eabi/6.3.1/thumb/v7e-m/fpv4-sp/hard/crtbegin.o

.bss            0x0000000020002dfc      0xd24 load address 0x000000000007d2e8
                0x0000000020002dfc                . = ALIGN (0x4)
                0x0000000020002dfc                __bss_start__ = .
 *(.bss*)
 .bss           0x0000000020002dfc       0x1c /Users/michaelmcadam/SDK/Nordic_nf52/gcc-arm-none-eabi-6.3.1/bin/../lib/gcc/arm-none-eabi/6.3.1/thumb/v7e-m/fpv4-sp/hard/crtbegin.o
 .bss           0x0000000020002e18      0x2b0 /var/folders/d8/zhcs33bs1f32_xjqkn8059th0000gn/T//cc1skDJK.ltrans0.ltrans.o
 .bss           0x00000000200030c8       0x4e /var/folders/d8/zhcs33bs1f32_xjqkn8059th0000gn/T//cc1skDJK.ltrans1.ltrans.o
                0x00000000200030fc                mp_timer_id_head.lto_priv.148
                0x0000000020003100                m_ticks_latest.lto_priv.151
                0x0000000020003104                m_evt_schedule_func.lto_priv.147
                0x0000000020003108                m_ticks_elapsed_q_read_ind.lto_priv.149
                0x0000000020003109                m_ticks_elapsed_q_write_ind.lto_priv.150
 *fill*         0x0000000020003116        0x2 
 .bss           0x0000000020003118      0x600 /var/folders/d8/zhcs33bs1f32_xjqkn8059th0000gn/T//cc1skDJK.ltrans2.ltrans.o
                0x0000000020003118                m_valid_init_packet_present.lto_priv.145
                0x000000002000311c                packet.lto_priv.142
                0x00000000200032b0                m_firmware_size_req.lto_priv.144
                0x00000000200032b8                m_flash_operations_pending.lto_priv.143
                0x00000000200036bc                nrf_nvic_state
                0x00000000200036c8                m_op_queue.lto_priv.96
                0x00000000200036d0                m_conn_params_timer_id_data.lto_priv.95
                0x00000000200036f0                m_flags.lto_priv.103
                0x00000000200036f4                m_notif_buffer.lto_priv.122
                0x0000000020003704                m_dfu.lto_priv.105
 .bss           0x0000000020003718        0x4 /var/folders/d8/zhcs33bs1f32_xjqkn8059th0000gn/T//cc1skDJK.ltrans3.ltrans.o
 .bss           0x000000002000371c       0x86 /var/folders/d8/zhcs33bs1f32_xjqkn8059th0000gn/T//cc1skDJK.ltrans4.ltrans.o
                0x0000000020003770                m_conn_params_config.lto_priv.124
                0x0000000020003796                m_conn_handle.lto_priv.98
                0x0000000020003798                m_update_count.lto_priv.125
                0x000000002000379a                m_current_conn_params.lto_priv.123
 *fill*         0x00000000200037a2        0x2 
 .bss           0x00000000200037a4      0x1e8 /var/folders/d8/zhcs33bs1f32_xjqkn8059th0000gn/T//cc1skDJK.ltrans5.ltrans.o
                0x00000000200037a4                flash_operation_pending.lto_priv.152
                0x00000000200037ac                m_flags.lto_priv.84
                0x00000000200037b0                m_queue.lto_priv.139
                0x0000000020003818                m_flags.lto_priv.83
                0x0000000020003978                m_sys_evt_handler.lto_priv.146
                0x000000002000397c                m_ble_evt_handler.lto_priv.107
                0x0000000020003982                m_ble_evt_buffer_size.lto_priv.109
                0x0000000020003984                mp_ble_evt_buffer.lto_priv.108
                0x0000000020003988                m_softdevice_enabled.lto_priv.91
                0x000000002000398a                m_queue_event_size.lto_priv.140
 .bss           0x000000002000398c      0x184 /var/folders/d8/zhcs33bs1f32_xjqkn8059th0000gn/T//cc1skDJK.ltrans7.ltrans.o
                0x000000002000398c                s_dfu_settings
                0x0000000020003ae8                m_firmware_start_addr.lto_priv.74
                0x0000000020003aec                hash_data.lto_priv.73
                0x0000000020003af4                m_log_data.lto_priv.141
 .bss.__malloc_free_list
                0x0000000020003b10        0x4 /Users/michaelmcadam/SDK/Nordic_nf52/gcc-arm-none-eabi-6.3.1/bin/../lib/gcc/arm-none-eabi/6.3.1/../../../../arm-none-eabi/lib/thumb/v7e-m/fpv4-sp/hard/libc_nano.a(lib_a-nano-mallocr.o)
                0x0000000020003b10                __malloc_free_list
 .bss.__malloc_sbrk_start
                0x0000000020003b14        0x4 /Users/michaelmcadam/SDK/Nordic_nf52/gcc-arm-none-eabi-6.3.1/bin/../lib/gcc/arm-none-eabi/6.3.1/../../../../arm-none-eabi/lib/thumb/v7e-m/fpv4-sp/hard/libc_nano.a(lib_a-nano-mallocr.o)
                0x0000000020003b14                __malloc_sbrk_start
 .bss.heap_end.5239
                0x0000000020003b18        0x4 /Users/michaelmcadam/SDK/Nordic_nf52/gcc-arm-none-eabi-6.3.1/bin/../lib/gcc/arm-none-eabi/6.3.1/../../../../arm-none-eabi/lib/thumb/v7e-m/fpv4-sp/hard/libnosys.a(sbrk.o)
 *(COMMON)
 COMMON         0x0000000020003b1c        0x4 /Users/michaelmcadam/SDK/Nordic_nf52/gcc-arm-none-eabi-6.3.1/bin/../lib/gcc/arm-none-eabi/6.3.1/../../../../arm-none-eabi/lib/thumb/v7e-m/fpv4-sp/hard/libc_nano.a(lib_a-reent.o)
                0x0000000020003b1c                errno
                0x0000000020003b20                . = ALIGN (0x4)
                0x0000000020003b20                __bss_end__ = .

.heap           0x0000000020003b20        0x0
                0x0000000020003b20                __HeapBase = .
                0x0000000020003b20                __end__ = .
                0x0000000020003b20                PROVIDE (end, .)
 *(.heap*)
 .heap          0x0000000020003b20        0x0 _build/ruuvitag_b3_bootloader_gcc_startup_nrf52.S.o
                0x0000000020003b20                __HeapLimit = .

.stack_dummy    0x0000000020003b20     0x2000
 *(.stack*)
 .stack         0x0000000020003b20     0x2000 _build/ruuvitag_b3_bootloader_gcc_startup_nrf52.S.o
                0x0000000020007f80                __StackTop = (ORIGIN (RAM) + LENGTH (RAM))
                0x0000000020005f80                __StackLimit = (__StackTop - SIZEOF (.stack_dummy))
                0x0000000020007f80                PROVIDE (__stack, __StackTop)
                0x0000000000000001                ASSERT ((__StackLimit >= __HeapLimit), region RAM overflowed with stack)
OUTPUT(_build/ruuvitag_b3_bootloader.out elf32-littlearm)

.ARM.attributes
                0x0000000000000000       0x30
 .ARM.attributes
                0x0000000000000000       0x22 /Users/michaelmcadam/SDK/Nordic_nf52/gcc-arm-none-eabi-6.3.1/bin/../lib/gcc/arm-none-eabi/6.3.1/thumb/v7e-m/fpv4-sp/hard/crti.o
 .ARM.attributes
                0x0000000000000022       0x34 /Users/michaelmcadam/SDK/Nordic_nf52/gcc-arm-none-eabi-6.3.1/bin/../lib/gcc/arm-none-eabi/6.3.1/thumb/v7e-m/fpv4-sp/hard/crtbegin.o
 .ARM.attributes
                0x0000000000000056       0x20 /Users/michaelmcadam/SDK/Nordic_nf52/gcc-arm-none-eabi-6.3.1/bin/../lib/gcc/arm-none-eabi/6.3.1/../../../../arm-none-eabi/lib/thumb/v7e-m/fpv4-sp/hard/crt0.o
 .ARM.attributes
                0x0000000000000076       0x34 /Users/michaelmcadam/SDK/Nordic_nf52/gcc-arm-none-eabi-6.3.1/bin/../lib/gcc/arm-none-eabi/6.3.1/../../../../arm-none-eabi/lib/thumb/v7e-m/fpv4-sp/hard/libc_nano.a(lib_a-exit.o)
 .ARM.attributes
                0x00000000000000aa       0x34 /Users/michaelmcadam/SDK/Nordic_nf52/gcc-arm-none-eabi-6.3.1/bin/../lib/gcc/arm-none-eabi/6.3.1/../../../../arm-none-eabi/lib/thumb/v7e-m/fpv4-sp/hard/libc_nano.a(lib_a-impure.o)
 .ARM.attributes
                0x00000000000000de       0x34 /Users/michaelmcadam/SDK/Nordic_nf52/gcc-arm-none-eabi-6.3.1/bin/../lib/gcc/arm-none-eabi/6.3.1/../../../../arm-none-eabi/lib/thumb/v7e-m/fpv4-sp/hard/libc_nano.a(lib_a-init.o)
 .ARM.attributes
                0x0000000000000112       0x34 /Users/michaelmcadam/SDK/Nordic_nf52/gcc-arm-none-eabi-6.3.1/bin/../lib/gcc/arm-none-eabi/6.3.1/../../../../arm-none-eabi/lib/thumb/v7e-m/fpv4-sp/hard/libc_nano.a(lib_a-memset.o)
 .ARM.attributes
                0x0000000000000146       0x34 /Users/michaelmcadam/SDK/Nordic_nf52/gcc-arm-none-eabi-6.3.1/bin/../lib/gcc/arm-none-eabi/6.3.1/../../../../arm-none-eabi/lib/thumb/v7e-m/fpv4-sp/hard/libnosys.a(_exit.o)
 .ARM.attributes
                0x000000000000017a       0x37 /var/folders/d8/zhcs33bs1f32_xjqkn8059th0000gn/T//cc1skDJK.ltrans0.ltrans.o
 .ARM.attributes
                0x00000000000001b1       0x37 /var/folders/d8/zhcs33bs1f32_xjqkn8059th0000gn/T//cc1skDJK.ltrans1.ltrans.o
 .ARM.attributes
                0x00000000000001e8       0x37 /var/folders/d8/zhcs33bs1f32_xjqkn8059th0000gn/T//cc1skDJK.ltrans2.ltrans.o
 .ARM.attributes
                0x000000000000021f       0x37 /var/folders/d8/zhcs33bs1f32_xjqkn8059th0000gn/T//cc1skDJK.ltrans3.ltrans.o
 .ARM.attributes
                0x0000000000000256       0x37 /var/folders/d8/zhcs33bs1f32_xjqkn8059th0000gn/T//cc1skDJK.ltrans4.ltrans.o
 .ARM.attributes
                0x000000000000028d       0x37 /var/folders/d8/zhcs33bs1f32_xjqkn8059th0000gn/T//cc1skDJK.ltrans5.ltrans.o
 .ARM.attributes
                0x00000000000002c4       0x37 /var/folders/d8/zhcs33bs1f32_xjqkn8059th0000gn/T//cc1skDJK.ltrans6.ltrans.o
 .ARM.attributes
                0x00000000000002fb       0x37 /var/folders/d8/zhcs33bs1f32_xjqkn8059th0000gn/T//cc1skDJK.ltrans7.ltrans.o
 .ARM.attributes
                0x0000000000000332       0x1c _build/ruuvitag_b3_bootloader_gcc_startup_nrf52.S.o
 .ARM.attributes
                0x000000000000034e       0x39 /Users/michaelmcadam/Goodnature_Projects/Beacon_Development/Prototyping/Code/RuuviTag/ruuvitag_fw-master/nRF5_SDK_12.3.0_d7731ad/external/micro-ecc/nrf52_armgcc/armgcc/micro_ecc_lib_nrf52.a(micro_ecc_lib_uECC.c.o)
 .ARM.attributes
                0x0000000000000387       0x34 /Users/michaelmcadam/SDK/Nordic_nf52/gcc-arm-none-eabi-6.3.1/bin/../lib/gcc/arm-none-eabi/6.3.1/../../../../arm-none-eabi/lib/thumb/v7e-m/fpv4-sp/hard/libc_nano.a(lib_a-locale.o)
 .ARM.attributes
                0x00000000000003bb       0x34 /Users/michaelmcadam/SDK/Nordic_nf52/gcc-arm-none-eabi-6.3.1/bin/../lib/gcc/arm-none-eabi/6.3.1/../../../../arm-none-eabi/lib/thumb/v7e-m/fpv4-sp/hard/libc_nano.a(lib_a-mbtowc_r.o)
 .ARM.attributes
                0x00000000000003ef       0x34 /Users/michaelmcadam/SDK/Nordic_nf52/gcc-arm-none-eabi-6.3.1/bin/../lib/gcc/arm-none-eabi/6.3.1/../../../../arm-none-eabi/lib/thumb/v7e-m/fpv4-sp/hard/libc_nano.a(lib_a-memcmp.o)
 .ARM.attributes
                0x0000000000000423       0x34 /Users/michaelmcadam/SDK/Nordic_nf52/gcc-arm-none-eabi-6.3.1/bin/../lib/gcc/arm-none-eabi/6.3.1/../../../../arm-none-eabi/lib/thumb/v7e-m/fpv4-sp/hard/libc_nano.a(lib_a-memcpy-stub.o)
 .ARM.attributes
                0x0000000000000457       0x34 /Users/michaelmcadam/SDK/Nordic_nf52/gcc-arm-none-eabi-6.3.1/bin/../lib/gcc/arm-none-eabi/6.3.1/../../../../arm-none-eabi/lib/thumb/v7e-m/fpv4-sp/hard/libc_nano.a(lib_a-snprintf.o)
 .ARM.attributes
                0x000000000000048b       0x34 /Users/michaelmcadam/SDK/Nordic_nf52/gcc-arm-none-eabi-6.3.1/bin/../lib/gcc/arm-none-eabi/6.3.1/../../../../arm-none-eabi/lib/thumb/v7e-m/fpv4-sp/hard/libc_nano.a(lib_a-strcpy.o)
 .ARM.attributes
                0x00000000000004bf       0x1b /Users/michaelmcadam/SDK/Nordic_nf52/gcc-arm-none-eabi-6.3.1/bin/../lib/gcc/arm-none-eabi/6.3.1/../../../../arm-none-eabi/lib/thumb/v7e-m/fpv4-sp/hard/libc_nano.a(lib_a-strlen.o)
 .ARM.attributes
                0x00000000000004da       0x34 /Users/michaelmcadam/SDK/Nordic_nf52/gcc-arm-none-eabi-6.3.1/bin/../lib/gcc/arm-none-eabi/6.3.1/../../../../arm-none-eabi/lib/thumb/v7e-m/fpv4-sp/hard/libc_nano.a(lib_a-wctomb_r.o)
 .ARM.attributes
                0x000000000000050e       0x34 /Users/michaelmcadam/SDK/Nordic_nf52/gcc-arm-none-eabi-6.3.1/bin/../lib/gcc/arm-none-eabi/6.3.1/../../../../arm-none-eabi/lib/thumb/v7e-m/fpv4-sp/hard/libc_nano.a(lib_a-ctype_.o)
 .ARM.attributes
                0x0000000000000542       0x34 /Users/michaelmcadam/SDK/Nordic_nf52/gcc-arm-none-eabi-6.3.1/bin/../lib/gcc/arm-none-eabi/6.3.1/../../../../arm-none-eabi/lib/thumb/v7e-m/fpv4-sp/hard/libc_nano.a(lib_a-nano-svfprintf.o)
 .ARM.attributes
                0x0000000000000576       0x34 /Users/michaelmcadam/SDK/Nordic_nf52/gcc-arm-none-eabi-6.3.1/bin/../lib/gcc/arm-none-eabi/6.3.1/../../../../arm-none-eabi/lib/thumb/v7e-m/fpv4-sp/hard/libc_nano.a(lib_a-nano-vfprintf_i.o)
 .ARM.attributes
                0x00000000000005aa       0x20 /Users/michaelmcadam/SDK/Nordic_nf52/gcc-arm-none-eabi-6.3.1/bin/../lib/gcc/arm-none-eabi/6.3.1/../../../../arm-none-eabi/lib/thumb/v7e-m/fpv4-sp/hard/libc_nano.a(lib_a-memchr.o)
 .ARM.attributes
                0x00000000000005ca       0x34 /Users/michaelmcadam/SDK/Nordic_nf52/gcc-arm-none-eabi-6.3.1/bin/../lib/gcc/arm-none-eabi/6.3.1/../../../../arm-none-eabi/lib/thumb/v7e-m/fpv4-sp/hard/libc_nano.a(lib_a-memmove.o)
 .ARM.attributes
                0x00000000000005fe       0x34 /Users/michaelmcadam/SDK/Nordic_nf52/gcc-arm-none-eabi-6.3.1/bin/../lib/gcc/arm-none-eabi/6.3.1/../../../../arm-none-eabi/lib/thumb/v7e-m/fpv4-sp/hard/libc_nano.a(lib_a-nano-freer.o)
 .ARM.attributes
                0x0000000000000632       0x34 /Users/michaelmcadam/SDK/Nordic_nf52/gcc-arm-none-eabi-6.3.1/bin/../lib/gcc/arm-none-eabi/6.3.1/../../../../arm-none-eabi/lib/thumb/v7e-m/fpv4-sp/hard/libc_nano.a(lib_a-nano-mallocr.o)
 .ARM.attributes
                0x0000000000000666       0x34 /Users/michaelmcadam/SDK/Nordic_nf52/gcc-arm-none-eabi-6.3.1/bin/../lib/gcc/arm-none-eabi/6.3.1/../../../../arm-none-eabi/lib/thumb/v7e-m/fpv4-sp/hard/libc_nano.a(lib_a-nano-reallocr.o)
 .ARM.attributes
                0x000000000000069a       0x34 /Users/michaelmcadam/SDK/Nordic_nf52/gcc-arm-none-eabi-6.3.1/bin/../lib/gcc/arm-none-eabi/6.3.1/../../../../arm-none-eabi/lib/thumb/v7e-m/fpv4-sp/hard/libc_nano.a(lib_a-sbrkr.o)
 .ARM.attributes
                0x00000000000006ce       0x34 /Users/michaelmcadam/SDK/Nordic_nf52/gcc-arm-none-eabi-6.3.1/bin/../lib/gcc/arm-none-eabi/6.3.1/../../../../arm-none-eabi/lib/thumb/v7e-m/fpv4-sp/hard/libc_nano.a(lib_a-mlock.o)
 .ARM.attributes
                0x0000000000000702       0x34 /Users/michaelmcadam/SDK/Nordic_nf52/gcc-arm-none-eabi-6.3.1/bin/../lib/gcc/arm-none-eabi/6.3.1/../../../../arm-none-eabi/lib/thumb/v7e-m/fpv4-sp/hard/libc_nano.a(lib_a-nano-msizer.o)
 .ARM.attributes
                0x0000000000000736       0x34 /Users/michaelmcadam/SDK/Nordic_nf52/gcc-arm-none-eabi-6.3.1/bin/../lib/gcc/arm-none-eabi/6.3.1/../../../../arm-none-eabi/lib/thumb/v7e-m/fpv4-sp/hard/libc_nano.a(lib_a-reent.o)
 .ARM.attributes
                0x000000000000076a       0x34 /Users/michaelmcadam/SDK/Nordic_nf52/gcc-arm-none-eabi-6.3.1/bin/../lib/gcc/arm-none-eabi/6.3.1/thumb/v7e-m/fpv4-sp/hard/crtend.o
 .ARM.attributes
                0x000000000000079e       0x22 /Users/michaelmcadam/SDK/Nordic_nf52/gcc-arm-none-eabi-6.3.1/bin/../lib/gcc/arm-none-eabi/6.3.1/thumb/v7e-m/fpv4-sp/hard/crtn.o
 .ARM.attributes
                0x00000000000007c0       0x34 /Users/michaelmcadam/SDK/Nordic_nf52/gcc-arm-none-eabi-6.3.1/bin/../lib/gcc/arm-none-eabi/6.3.1/../../../../arm-none-eabi/lib/thumb/v7e-m/fpv4-sp/hard/libnosys.a(sbrk.o)
 .ARM.attributes
                0x00000000000007f4       0x22 /Users/michaelmcadam/SDK/Nordic_nf52/gcc-arm-none-eabi-6.3.1/bin/../lib/gcc/arm-none-eabi/6.3.1/thumb/v7e-m/fpv4-sp/hard/libgcc.a(_ashldi3.o)

.comment        0x0000000000000000       0x7f
 .comment       0x0000000000000000       0x80 /var/folders/d8/zhcs33bs1f32_xjqkn8059th0000gn/T//cc1skDJK.ltrans0.ltrans.o
 .comment       0x0000000000000000       0x80 /var/folders/d8/zhcs33bs1f32_xjqkn8059th0000gn/T//cc1skDJK.ltrans1.ltrans.o
 .comment       0x0000000000000000       0x80 /var/folders/d8/zhcs33bs1f32_xjqkn8059th0000gn/T//cc1skDJK.ltrans2.ltrans.o
 .comment       0x0000000000000000       0x80 /var/folders/d8/zhcs33bs1f32_xjqkn8059th0000gn/T//cc1skDJK.ltrans3.ltrans.o
 .comment       0x0000000000000000       0x80 /var/folders/d8/zhcs33bs1f32_xjqkn8059th0000gn/T//cc1skDJK.ltrans4.ltrans.o
 .comment       0x0000000000000000       0x80 /var/folders/d8/zhcs33bs1f32_xjqkn8059th0000gn/T//cc1skDJK.ltrans5.ltrans.o
 .comment       0x0000000000000000       0x80 /var/folders/d8/zhcs33bs1f32_xjqkn8059th0000gn/T//cc1skDJK.ltrans6.ltrans.o
 .comment       0x0000000000000000       0x80 /var/folders/d8/zhcs33bs1f32_xjqkn8059th0000gn/T//cc1skDJK.ltrans7.ltrans.o
 .comment       0x0000000000000000       0x7f /Users/michaelmcadam/Goodnature_Projects/Beacon_Development/Prototyping/Code/RuuviTag/ruuvitag_fw-master/nRF5_SDK_12.3.0_d7731ad/external/micro-ecc/nrf52_armgcc/armgcc/micro_ecc_lib_nrf52.a(micro_ecc_lib_uECC.c.o)
                                         0x80 (size before relaxing)

.debug_frame    0x0000000000000000      0xe50
 .debug_frame   0x0000000000000000       0x28 /Users/michaelmcadam/SDK/Nordic_nf52/gcc-arm-none-eabi-6.3.1/bin/../lib/gcc/arm-none-eabi/6.3.1/../../../../arm-none-eabi/lib/thumb/v7e-m/fpv4-sp/hard/libc_nano.a(lib_a-exit.o)
 .debug_frame   0x0000000000000028       0x2c /Users/michaelmcadam/SDK/Nordic_nf52/gcc-arm-none-eabi-6.3.1/bin/../lib/gcc/arm-none-eabi/6.3.1/../../../../arm-none-eabi/lib/thumb/v7e-m/fpv4-sp/hard/libc_nano.a(lib_a-init.o)
 .debug_frame   0x0000000000000054       0x20 /Users/michaelmcadam/SDK/Nordic_nf52/gcc-arm-none-eabi-6.3.1/bin/../lib/gcc/arm-none-eabi/6.3.1/../../../../arm-none-eabi/lib/thumb/v7e-m/fpv4-sp/hard/libc_nano.a(lib_a-memset.o)
 .debug_frame   0x0000000000000074       0x20 /Users/michaelmcadam/SDK/Nordic_nf52/gcc-arm-none-eabi-6.3.1/bin/../lib/gcc/arm-none-eabi/6.3.1/../../../../arm-none-eabi/lib/thumb/v7e-m/fpv4-sp/hard/libnosys.a(_exit.o)
 .debug_frame   0x0000000000000094      0x934 /Users/michaelmcadam/Goodnature_Projects/Beacon_Development/Prototyping/Code/RuuviTag/ruuvitag_fw-master/nRF5_SDK_12.3.0_d7731ad/external/micro-ecc/nrf52_armgcc/armgcc/micro_ecc_lib_nrf52.a(micro_ecc_lib_uECC.c.o)
 .debug_frame   0x00000000000009c8       0x68 /Users/michaelmcadam/SDK/Nordic_nf52/gcc-arm-none-eabi-6.3.1/bin/../lib/gcc/arm-none-eabi/6.3.1/../../../../arm-none-eabi/lib/thumb/v7e-m/fpv4-sp/hard/libc_nano.a(lib_a-locale.o)
 .debug_frame   0x0000000000000a30       0x48 /Users/michaelmcadam/SDK/Nordic_nf52/gcc-arm-none-eabi-6.3.1/bin/../lib/gcc/arm-none-eabi/6.3.1/../../../../arm-none-eabi/lib/thumb/v7e-m/fpv4-sp/hard/libc_nano.a(lib_a-mbtowc_r.o)
 .debug_frame   0x0000000000000a78       0x28 /Users/michaelmcadam/SDK/Nordic_nf52/gcc-arm-none-eabi-6.3.1/bin/../lib/gcc/arm-none-eabi/6.3.1/../../../../arm-none-eabi/lib/thumb/v7e-m/fpv4-sp/hard/libc_nano.a(lib_a-memcmp.o)
 .debug_frame   0x0000000000000aa0       0x28 /Users/michaelmcadam/SDK/Nordic_nf52/gcc-arm-none-eabi-6.3.1/bin/../lib/gcc/arm-none-eabi/6.3.1/../../../../arm-none-eabi/lib/thumb/v7e-m/fpv4-sp/hard/libc_nano.a(lib_a-memcpy-stub.o)
 .debug_frame   0x0000000000000ac8       0x7c /Users/michaelmcadam/SDK/Nordic_nf52/gcc-arm-none-eabi-6.3.1/bin/../lib/gcc/arm-none-eabi/6.3.1/../../../../arm-none-eabi/lib/thumb/v7e-m/fpv4-sp/hard/libc_nano.a(lib_a-snprintf.o)
 .debug_frame   0x0000000000000b44       0x20 /Users/michaelmcadam/SDK/Nordic_nf52/gcc-arm-none-eabi-6.3.1/bin/../lib/gcc/arm-none-eabi/6.3.1/../../../../arm-none-eabi/lib/thumb/v7e-m/fpv4-sp/hard/libc_nano.a(lib_a-strcpy.o)
 .debug_frame   0x0000000000000b64       0x3c /Users/michaelmcadam/SDK/Nordic_nf52/gcc-arm-none-eabi-6.3.1/bin/../lib/gcc/arm-none-eabi/6.3.1/../../../../arm-none-eabi/lib/thumb/v7e-m/fpv4-sp/hard/libc_nano.a(lib_a-wctomb_r.o)
 .debug_frame   0x0000000000000ba0       0x90 /Users/michaelmcadam/SDK/Nordic_nf52/gcc-arm-none-eabi-6.3.1/bin/../lib/gcc/arm-none-eabi/6.3.1/../../../../arm-none-eabi/lib/thumb/v7e-m/fpv4-sp/hard/libc_nano.a(lib_a-nano-svfprintf.o)
 .debug_frame   0x0000000000000c30       0x60 /Users/michaelmcadam/SDK/Nordic_nf52/gcc-arm-none-eabi-6.3.1/bin/../lib/gcc/arm-none-eabi/6.3.1/../../../../arm-none-eabi/lib/thumb/v7e-m/fpv4-sp/hard/libc_nano.a(lib_a-nano-vfprintf_i.o)
 .debug_frame   0x0000000000000c90       0x28 /Users/michaelmcadam/SDK/Nordic_nf52/gcc-arm-none-eabi-6.3.1/bin/../lib/gcc/arm-none-eabi/6.3.1/../../../../arm-none-eabi/lib/thumb/v7e-m/fpv4-sp/hard/libc_nano.a(lib_a-memmove.o)
 .debug_frame   0x0000000000000cb8       0x38 /Users/michaelmcadam/SDK/Nordic_nf52/gcc-arm-none-eabi-6.3.1/bin/../lib/gcc/arm-none-eabi/6.3.1/../../../../arm-none-eabi/lib/thumb/v7e-m/fpv4-sp/hard/libc_nano.a(lib_a-nano-freer.o)
 .debug_frame   0x0000000000000cf0       0x2c /Users/michaelmcadam/SDK/Nordic_nf52/gcc-arm-none-eabi-6.3.1/bin/../lib/gcc/arm-none-eabi/6.3.1/../../../../arm-none-eabi/lib/thumb/v7e-m/fpv4-sp/hard/libc_nano.a(lib_a-nano-mallocr.o)
 .debug_frame   0x0000000000000d1c       0x3c /Users/michaelmcadam/SDK/Nordic_nf52/gcc-arm-none-eabi-6.3.1/bin/../lib/gcc/arm-none-eabi/6.3.1/../../../../arm-none-eabi/lib/thumb/v7e-m/fpv4-sp/hard/libc_nano.a(lib_a-nano-reallocr.o)
 .debug_frame   0x0000000000000d58       0x2c /Users/michaelmcadam/SDK/Nordic_nf52/gcc-arm-none-eabi-6.3.1/bin/../lib/gcc/arm-none-eabi/6.3.1/../../../../arm-none-eabi/lib/thumb/v7e-m/fpv4-sp/hard/libc_nano.a(lib_a-sbrkr.o)
 .debug_frame   0x0000000000000d84       0x30 /Users/michaelmcadam/SDK/Nordic_nf52/gcc-arm-none-eabi-6.3.1/bin/../lib/gcc/arm-none-eabi/6.3.1/../../../../arm-none-eabi/lib/thumb/v7e-m/fpv4-sp/hard/libc_nano.a(lib_a-mlock.o)
 .debug_frame   0x0000000000000db4       0x20 /Users/michaelmcadam/SDK/Nordic_nf52/gcc-arm-none-eabi-6.3.1/bin/../lib/gcc/arm-none-eabi/6.3.1/../../../../arm-none-eabi/lib/thumb/v7e-m/fpv4-sp/hard/libc_nano.a(lib_a-nano-msizer.o)
 .debug_frame   0x0000000000000dd4       0x5c /Users/michaelmcadam/SDK/Nordic_nf52/gcc-arm-none-eabi-6.3.1/bin/../lib/gcc/arm-none-eabi/6.3.1/../../../../arm-none-eabi/lib/thumb/v7e-m/fpv4-sp/hard/libc_nano.a(lib_a-reent.o)
 .debug_frame   0x0000000000000e30       0x20 /Users/michaelmcadam/SDK/Nordic_nf52/gcc-arm-none-eabi-6.3.1/bin/../lib/gcc/arm-none-eabi/6.3.1/../../../../arm-none-eabi/lib/thumb/v7e-m/fpv4-sp/hard/libnosys.a(sbrk.o)

.debug_info     0x0000000000000000     0x52a6
 .debug_info    0x0000000000000000     0x52a6 /Users/michaelmcadam/Goodnature_Projects/Beacon_Development/Prototyping/Code/RuuviTag/ruuvitag_fw-master/nRF5_SDK_12.3.0_d7731ad/external/micro-ecc/nrf52_armgcc/armgcc/micro_ecc_lib_nrf52.a(micro_ecc_lib_uECC.c.o)

.debug_abbrev   0x0000000000000000      0x4c2
 .debug_abbrev  0x0000000000000000      0x4c2 /Users/michaelmcadam/Goodnature_Projects/Beacon_Development/Prototyping/Code/RuuviTag/ruuvitag_fw-master/nRF5_SDK_12.3.0_d7731ad/external/micro-ecc/nrf52_armgcc/armgcc/micro_ecc_lib_nrf52.a(micro_ecc_lib_uECC.c.o)

.debug_loc      0x0000000000000000     0x2c34
 .debug_loc     0x0000000000000000     0x2c34 /Users/michaelmcadam/Goodnature_Projects/Beacon_Development/Prototyping/Code/RuuviTag/ruuvitag_fw-master/nRF5_SDK_12.3.0_d7731ad/external/micro-ecc/nrf52_armgcc/armgcc/micro_ecc_lib_nrf52.a(micro_ecc_lib_uECC.c.o)

.debug_aranges  0x0000000000000000      0x288
 .debug_aranges
                0x0000000000000000      0x288 /Users/michaelmcadam/Goodnature_Projects/Beacon_Development/Prototyping/Code/RuuviTag/ruuvitag_fw-master/nRF5_SDK_12.3.0_d7731ad/external/micro-ecc/nrf52_armgcc/armgcc/micro_ecc_lib_nrf52.a(micro_ecc_lib_uECC.c.o)

.debug_ranges   0x0000000000000000      0x3c8
 .debug_ranges  0x0000000000000000      0x3c8 /Users/michaelmcadam/Goodnature_Projects/Beacon_Development/Prototyping/Code/RuuviTag/ruuvitag_fw-master/nRF5_SDK_12.3.0_d7731ad/external/micro-ecc/nrf52_armgcc/armgcc/micro_ecc_lib_nrf52.a(micro_ecc_lib_uECC.c.o)

.debug_macro    0x0000000000000000     0x10d4
 .debug_macro   0x0000000000000000      0x260 /Users/michaelmcadam/Goodnature_Projects/Beacon_Development/Prototyping/Code/RuuviTag/ruuvitag_fw-master/nRF5_SDK_12.3.0_d7731ad/external/micro-ecc/nrf52_armgcc/armgcc/micro_ecc_lib_nrf52.a(micro_ecc_lib_uECC.c.o)
 .debug_macro   0x0000000000000260      0x8c8 /Users/michaelmcadam/Goodnature_Projects/Beacon_Development/Prototyping/Code/RuuviTag/ruuvitag_fw-master/nRF5_SDK_12.3.0_d7731ad/external/micro-ecc/nrf52_armgcc/armgcc/micro_ecc_lib_nrf52.a(micro_ecc_lib_uECC.c.o)
 .debug_macro   0x0000000000000b28       0x22 /Users/michaelmcadam/Goodnature_Projects/Beacon_Development/Prototyping/Code/RuuviTag/ruuvitag_fw-master/nRF5_SDK_12.3.0_d7731ad/external/micro-ecc/nrf52_armgcc/armgcc/micro_ecc_lib_nrf52.a(micro_ecc_lib_uECC.c.o)
 .debug_macro   0x0000000000000b4a       0x4f /Users/michaelmcadam/Goodnature_Projects/Beacon_Development/Prototyping/Code/RuuviTag/ruuvitag_fw-master/nRF5_SDK_12.3.0_d7731ad/external/micro-ecc/nrf52_armgcc/armgcc/micro_ecc_lib_nrf52.a(micro_ecc_lib_uECC.c.o)
 .debug_macro   0x0000000000000b99       0x51 /Users/michaelmcadam/Goodnature_Projects/Beacon_Development/Prototyping/Code/RuuviTag/ruuvitag_fw-master/nRF5_SDK_12.3.0_d7731ad/external/micro-ecc/nrf52_armgcc/armgcc/micro_ecc_lib_nrf52.a(micro_ecc_lib_uECC.c.o)
 .debug_macro   0x0000000000000bea       0xef /Users/michaelmcadam/Goodnature_Projects/Beacon_Development/Prototyping/Code/RuuviTag/ruuvitag_fw-master/nRF5_SDK_12.3.0_d7731ad/external/micro-ecc/nrf52_armgcc/armgcc/micro_ecc_lib_nrf52.a(micro_ecc_lib_uECC.c.o)
 .debug_macro   0x0000000000000cd9       0x6a /Users/michaelmcadam/Goodnature_Projects/Beacon_Development/Prototyping/Code/RuuviTag/ruuvitag_fw-master/nRF5_SDK_12.3.0_d7731ad/external/micro-ecc/nrf52_armgcc/armgcc/micro_ecc_lib_nrf52.a(micro_ecc_lib_uECC.c.o)
 .debug_macro   0x0000000000000d43      0x1df /Users/michaelmcadam/Goodnature_Projects/Beacon_Development/Prototyping/Code/RuuviTag/ruuvitag_fw-master/nRF5_SDK_12.3.0_d7731ad/external/micro-ecc/nrf52_armgcc/armgcc/micro_ecc_lib_nrf52.a(micro_ecc_lib_uECC.c.o)
 .debug_macro   0x0000000000000f22       0x4c /Users/michaelmcadam/Goodnature_Projects/Beacon_Development/Prototyping/Code/RuuviTag/ruuvitag_fw-master/nRF5_SDK_12.3.0_d7731ad/external/micro-ecc/nrf52_armgcc/armgcc/micro_ecc_lib_nrf52.a(micro_ecc_lib_uECC.c.o)
 .debug_macro   0x0000000000000f6e       0x3a /Users/michaelmcadam/Goodnature_Projects/Beacon_Development/Prototyping/Code/RuuviTag/ruuvitag_fw-master/nRF5_SDK_12.3.0_d7731ad/external/micro-ecc/nrf52_armgcc/armgcc/micro_ecc_lib_nrf52.a(micro_ecc_lib_uECC.c.o)
 .debug_macro   0x0000000000000fa8       0x5f /Users/michaelmcadam/Goodnature_Projects/Beacon_Development/Prototyping/Code/RuuviTag/ruuvitag_fw-master/nRF5_SDK_12.3.0_d7731ad/external/micro-ecc/nrf52_armgcc/armgcc/micro_ecc_lib_nrf52.a(micro_ecc_lib_uECC.c.o)
 .debug_macro   0x0000000000001007       0x69 /Users/michaelmcadam/Goodnature_Projects/Beacon_Development/Prototyping/Code/RuuviTag/ruuvitag_fw-master/nRF5_SDK_12.3.0_d7731ad/external/micro-ecc/nrf52_armgcc/armgcc/micro_ecc_lib_nrf52.a(micro_ecc_lib_uECC.c.o)
 .debug_macro   0x0000000000001070       0x12 /Users/michaelmcadam/Goodnature_Projects/Beacon_Development/Prototyping/Code/RuuviTag/ruuvitag_fw-master/nRF5_SDK_12.3.0_d7731ad/external/micro-ecc/nrf52_armgcc/armgcc/micro_ecc_lib_nrf52.a(micro_ecc_lib_uECC.c.o)
 .debug_macro   0x0000000000001082       0x52 /Users/michaelmcadam/Goodnature_Projects/Beacon_Development/Prototyping/Code/RuuviTag/ruuvitag_fw-master/nRF5_SDK_12.3.0_d7731ad/external/micro-ecc/nrf52_armgcc/armgcc/micro_ecc_lib_nrf52.a(micro_ecc_lib_uECC.c.o)

.debug_line     0x0000000000000000      0xe2c
 .debug_line    0x0000000000000000      0xe2c /Users/michaelmcadam/Goodnature_Projects/Beacon_Development/Prototyping/Code/RuuviTag/ruuvitag_fw-master/nRF5_SDK_12.3.0_d7731ad/external/micro-ecc/nrf52_armgcc/armgcc/micro_ecc_lib_nrf52.a(micro_ecc_lib_uECC.c.o)

.debug_str      0x0000000000000000     0xa877
 .debug_str     0x0000000000000000     0xa877 /Users/michaelmcadam/Goodnature_Projects/Beacon_Development/Prototyping/Code/RuuviTag/ruuvitag_fw-master/nRF5_SDK_12.3.0_d7731ad/external/micro-ecc/nrf52_armgcc/armgcc/micro_ecc_lib_nrf52.a(micro_ecc_lib_uECC.c.o)
                                       0xaa8e (size before relaxing)
