Archive member included to satisfy reference by file (symbol)

/Users/michaelmcadam/SDK/Nordic_nf52/gcc-arm-none-eabi-6.3.1/bin/../lib/gcc/arm-none-eabi/6.3.1/../../../../arm-none-eabi/lib/thumb/v7e-m/fpv4-sp/hard/libc_nano.a(lib_a-exit.o)
                              /Users/michaelmcadam/SDK/Nordic_nf52/gcc-arm-none-eabi-6.3.1/bin/../lib/gcc/arm-none-eabi/6.3.1/../../../../arm-none-eabi/lib/thumb/v7e-m/fpv4-sp/hard/crt0.o (exit)
/Users/michaelmcadam/SDK/Nordic_nf52/gcc-arm-none-eabi-6.3.1/bin/../lib/gcc/arm-none-eabi/6.3.1/../../../../arm-none-eabi/lib/thumb/v7e-m/fpv4-sp/hard/libc_nano.a(lib_a-impure.o)
                              /Users/michaelmcadam/SDK/Nordic_nf52/gcc-arm-none-eabi-6.3.1/bin/../lib/gcc/arm-none-eabi/6.3.1/../../../../arm-none-eabi/lib/thumb/v7e-m/fpv4-sp/hard/libc_nano.a(lib_a-exit.o) (_global_impure_ptr)
/Users/michaelmcadam/SDK/Nordic_nf52/gcc-arm-none-eabi-6.3.1/bin/../lib/gcc/arm-none-eabi/6.3.1/../../../../arm-none-eabi/lib/thumb/v7e-m/fpv4-sp/hard/libc_nano.a(lib_a-init.o)
                              /Users/michaelmcadam/SDK/Nordic_nf52/gcc-arm-none-eabi-6.3.1/bin/../lib/gcc/arm-none-eabi/6.3.1/../../../../arm-none-eabi/lib/thumb/v7e-m/fpv4-sp/hard/crt0.o (__libc_init_array)
/Users/michaelmcadam/SDK/Nordic_nf52/gcc-arm-none-eabi-6.3.1/bin/../lib/gcc/arm-none-eabi/6.3.1/../../../../arm-none-eabi/lib/thumb/v7e-m/fpv4-sp/hard/libc_nano.a(lib_a-memset.o)
                              /Users/michaelmcadam/SDK/Nordic_nf52/gcc-arm-none-eabi-6.3.1/bin/../lib/gcc/arm-none-eabi/6.3.1/../../../../arm-none-eabi/lib/thumb/v7e-m/fpv4-sp/hard/crt0.o (memset)
/Users/michaelmcadam/SDK/Nordic_nf52/gcc-arm-none-eabi-6.3.1/bin/../lib/gcc/arm-none-eabi/6.3.1/../../../../arm-none-eabi/lib/thumb/v7e-m/fpv4-sp/hard/libnosys.a(_exit.o)
                              /Users/michaelmcadam/SDK/Nordic_nf52/gcc-arm-none-eabi-6.3.1/bin/../lib/gcc/arm-none-eabi/6.3.1/../../../../arm-none-eabi/lib/thumb/v7e-m/fpv4-sp/hard/libc_nano.a(lib_a-exit.o) (_exit)
/Users/michaelmcadam/SDK/Nordic_nf52/gcc-arm-none-eabi-6.3.1/bin/../lib/gcc/arm-none-eabi/6.3.1/thumb/v7e-m/fpv4-sp/hard/libgcc.a(_aeabi_uldivmod.o)
                              _build/nrf52832_xxaa_bsp.c.o (__aeabi_uldivmod)
/Users/michaelmcadam/SDK/Nordic_nf52/gcc-arm-none-eabi-6.3.1/bin/../lib/gcc/arm-none-eabi/6.3.1/thumb/v7e-m/fpv4-sp/hard/libgcc.a(_udivmoddi4.o)
                              /Users/michaelmcadam/SDK/Nordic_nf52/gcc-arm-none-eabi-6.3.1/bin/../lib/gcc/arm-none-eabi/6.3.1/thumb/v7e-m/fpv4-sp/hard/libgcc.a(_aeabi_uldivmod.o) (__udivmoddi4)
/Users/michaelmcadam/SDK/Nordic_nf52/gcc-arm-none-eabi-6.3.1/bin/../lib/gcc/arm-none-eabi/6.3.1/thumb/v7e-m/fpv4-sp/hard/libgcc.a(unwind-arm.o)
                              _build/nrf52832_xxaa_uart_interface.cpp.o (__aeabi_unwind_cpp_pr0)
/Users/michaelmcadam/SDK/Nordic_nf52/gcc-arm-none-eabi-6.3.1/bin/../lib/gcc/arm-none-eabi/6.3.1/thumb/v7e-m/fpv4-sp/hard/libgcc.a(libunwind.o)
                              /Users/michaelmcadam/SDK/Nordic_nf52/gcc-arm-none-eabi-6.3.1/bin/../lib/gcc/arm-none-eabi/6.3.1/thumb/v7e-m/fpv4-sp/hard/libgcc.a(unwind-arm.o) (restore_core_regs)
/Users/michaelmcadam/SDK/Nordic_nf52/gcc-arm-none-eabi-6.3.1/bin/../lib/gcc/arm-none-eabi/6.3.1/thumb/v7e-m/fpv4-sp/hard/libgcc.a(pr-support.o)
                              /Users/michaelmcadam/SDK/Nordic_nf52/gcc-arm-none-eabi-6.3.1/bin/../lib/gcc/arm-none-eabi/6.3.1/thumb/v7e-m/fpv4-sp/hard/libgcc.a(unwind-arm.o) (__gnu_unwind_execute)
/Users/michaelmcadam/SDK/Nordic_nf52/gcc-arm-none-eabi-6.3.1/bin/../lib/gcc/arm-none-eabi/6.3.1/thumb/v7e-m/fpv4-sp/hard/libgcc.a(_dvmd_tls.o)
                              /Users/michaelmcadam/SDK/Nordic_nf52/gcc-arm-none-eabi-6.3.1/bin/../lib/gcc/arm-none-eabi/6.3.1/thumb/v7e-m/fpv4-sp/hard/libgcc.a(_aeabi_uldivmod.o) (__aeabi_ldiv0)
/Users/michaelmcadam/SDK/Nordic_nf52/gcc-arm-none-eabi-6.3.1/bin/../lib/gcc/arm-none-eabi/6.3.1/../../../../arm-none-eabi/lib/thumb/v7e-m/fpv4-sp/hard/libc_nano.a(lib_a-abort.o)
                              /Users/michaelmcadam/SDK/Nordic_nf52/gcc-arm-none-eabi-6.3.1/bin/../lib/gcc/arm-none-eabi/6.3.1/thumb/v7e-m/fpv4-sp/hard/libgcc.a(unwind-arm.o) (abort)
/Users/michaelmcadam/SDK/Nordic_nf52/gcc-arm-none-eabi-6.3.1/bin/../lib/gcc/arm-none-eabi/6.3.1/../../../../arm-none-eabi/lib/thumb/v7e-m/fpv4-sp/hard/libc_nano.a(lib_a-locale.o)
                              _build/nrf52832_xxaa_nrf_log_backend_serial.c.o (__locale_ctype_ptr)
/Users/michaelmcadam/SDK/Nordic_nf52/gcc-arm-none-eabi-6.3.1/bin/../lib/gcc/arm-none-eabi/6.3.1/../../../../arm-none-eabi/lib/thumb/v7e-m/fpv4-sp/hard/libc_nano.a(lib_a-malloc.o)
                              _build/nrf52832_xxaa_ble_interface.cpp.o (malloc)
/Users/michaelmcadam/SDK/Nordic_nf52/gcc-arm-none-eabi-6.3.1/bin/../lib/gcc/arm-none-eabi/6.3.1/../../../../arm-none-eabi/lib/thumb/v7e-m/fpv4-sp/hard/libc_nano.a(lib_a-mbtowc_r.o)
[...]
Memory Configuration

Name             Origin             Length             Attributes
FLASH            0x000000000001f000 0x0000000000061000 xr
RAM              0x0000000020002060 0x000000000000dfa0 xrw
*default*        0x0000000000000000 0xffffffffffffffff

Linker script and memory map


.text           0x000000000001f000     0x7368
 *(.isr_vector)
 .isr_vector    0x000000000001f000      0x200 _build/nrf52832_xxaa_gcc_startup_nrf52.S.o
                0x000000000001f000                __isr_vector
 *(.text*)
 .text          0x000000000001f200       0x6c /Users/michaelmcadam/SDK/Nordic_nf52/gcc-arm-none-eabi-6.3.1/bin/../lib/gcc/arm-none-eabi/6.3.1/thumb/v7e-m/fpv4-sp/hard/crtbegin.o
 .text          0x000000000001f26c       0x74 /Users/michaelmcadam/SDK/Nordic_nf52/gcc-arm-none-eabi-6.3.1/bin/../lib/gcc/arm-none-eabi/6.3.1/../../../../arm-none-eabi/lib/thumb/v7e-m/fpv4-sp/hard/crt0.o
                0x000000000001f26c                _mainCRTStartup
                0x000000000001f26c                _start
 .text.exit     0x000000000001f2e0       0x28 /Users/michaelmcadam/SDK/Nordic_nf52/gcc-arm-none-eabi-6.3.1/bin/../lib/gcc/arm-none-eabi/6.3.1/../../../../arm-none-eabi/lib/thumb/v7e-m/fpv4-sp/hard/libc_nano.a(lib_a-exit.o)
                0x000000000001f2e0                exit
 .text.__libc_init_array
                0x000000000001f308       0x48 /Users/michaelmcadam/SDK/Nordic_nf52/gcc-arm-none-eabi-6.3.1/bin/../lib/gcc/arm-none-eabi/6.3.1/../../../../arm-none-eabi/lib/thumb/v7e-m/fpv4-sp/hard/libc_nano.a(lib_a-init.o)
                0x000000000001f308                __libc_init_array
 .text.memset   0x000000000001f350       0x10 /Users/michaelmcadam/SDK/Nordic_nf52/gcc-arm-none-eabi-6.3.1/bin/../lib/gcc/arm-none-eabi/6.3.1/../../../../arm-none-eabi/lib/thumb/v7e-m/fpv4-sp/hard/libc_nano.a(lib_a-memset.o)
                0x000000000001f350                memset
 .text._exit    0x000000000001f360        0x4 /Users/michaelmcadam/SDK/Nordic_nf52/gcc-arm-none-eabi-6.3.1/bin/../lib/gcc/arm-none-eabi/6.3.1/../../../../arm-none-eabi/lib/thumb/v7e-m/fpv4-sp/hard/libnosys.a(_exit.o)
                0x000000000001f360                _exit
 .text.uart_event_handler
                0x000000000001f364       0x10 _build/nrf52832_xxaa_nrf_log_backend_serial.c.o
 .text.nrf_log_backend_serial_hexdump_handler
                0x000000000001f374      0x25c _build/nrf52832_xxaa_nrf_log_backend_serial.c.o
 .text.nrf_log_backend_serial_std_handler
                0x000000000001f5d0      0x1a4 _build/nrf52832_xxaa_nrf_log_backend_serial.c.o
 .text.nrf_log_backend_init
                0x000000000001f774       0x74 _build/nrf52832_xxaa_nrf_log_backend_serial.c.o
                0x000000000001f774                nrf_log_backend_init
 .text.nrf_log_backend_std_handler_get
                0x000000000001f7e8        0x8 _build/nrf52832_xxaa_nrf_log_backend_serial.c.o
                0x000000000001f7e8                nrf_log_backend_std_handler_get
 .text.nrf_log_backend_hexdump_handler_get
                0x000000000001f7f0        0x8 _build/nrf52832_xxaa_nrf_log_backend_serial.c.o
                0x000000000001f7f0                nrf_log_backend_hexdump_handler_get
 .text.nrf_log_init
                0x000000000001f7f8       0x30 _build/nrf52832_xxaa_nrf_log_frontend.c.o
                0x000000000001f7f8                nrf_log_init
 .text.nrf_log_blocking_backend_set
                0x000000000001f828        0x8 _build/nrf52832_xxaa_nrf_log_frontend.c.o
                0x000000000001f828                nrf_log_blocking_backend_set
 .text.nrf_log_frontend_std_0
                0x000000000001f830       0xb0 _build/nrf52832_xxaa_nrf_log_frontend.c.o
                0x000000000001f830                nrf_log_frontend_std_0
 .text.nrf_log_frontend_std_1
                0x000000000001f8e0       0xbc _build/nrf52832_xxaa_nrf_log_frontend.c.o
                0x000000000001f8e0                nrf_log_frontend_std_1
 .text.nrf_log_frontend_std_2
                0x000000000001f99c       0xcc _build/nrf52832_xxaa_nrf_log_frontend.c.o
                0x000000000001f99c                nrf_log_frontend_std_2
 .text.nrf_log_frontend_dequeue
                0x000000000001fa68      0x14c _build/nrf52832_xxaa_nrf_log_frontend.c.o
                0x000000000001fa68                nrf_log_frontend_dequeue
 .text.detection_delay_timeout_handler
                0x000000000001fbb4       0xac _build/nrf52832_xxaa_app_button.c.o
 .text.gpiote_event_handler
                0x000000000001fc60       0x5c _build/nrf52832_xxaa_app_button.c.o
 .text.app_button_init
                0x000000000001fcbc       0xb4 _build/nrf52832_xxaa_app_button.c.o
                0x000000000001fcbc                app_button_init
 .text.app_button_enable
                0x000000000001fd70       0x2c _build/nrf52832_xxaa_app_button.c.o
                0x000000000001fd70                app_button_enable
 .text.app_button_disable
                0x000000000001fd9c       0x34 _build/nrf52832_xxaa_app_button.c.o
                0x000000000001fd9c                app_button_disable
 .text.app_error_handler_bare
                0x000000000001fdd0       0x20 _build/nrf52832_xxaa_app_error.c.o
                0x000000000001fdd0                app_error_handler_bare
 .text.app_error_fault_handler
                0x000000000001fdf0       0x48 _build/nrf52832_xxaa_app_error_weak.c.o
                0x000000000001fdf0                app_error_fault_handler
 .text.RTC1_IRQHandler
                0x000000000001fe38       0xa0 _build/nrf52832_xxaa_app_timer.c.o
                0x000000000001fe38                RTC1_IRQHandler
 .text.SWI0_EGU0_IRQHandler
                0x000000000001fed8      0x654 _build/nrf52832_xxaa_app_timer.c.o
                0x000000000001fed8                SWI0_EGU0_IRQHandler
 .text.app_timer_init
                0x000000000002052c      0x184 _build/nrf52832_xxaa_app_timer.c.o
                0x000000000002052c                app_timer_init
 .text.app_timer_create
                0x00000000000206b0       0x24 _build/nrf52832_xxaa_app_timer.c.o
                0x00000000000206b0                app_timer_create
 .text.app_timer_start
                0x00000000000206d4       0xac _build/nrf52832_xxaa_app_timer.c.o
                0x00000000000206d4                app_timer_start
 .text.app_timer_stop
                0x0000000000020780       0x78 _build/nrf52832_xxaa_app_timer.c.o
                0x0000000000020780                app_timer_stop
 .text.app_util_critical_region_enter
                0x00000000000207f8       0x4c _build/nrf52832_xxaa_app_util_platform.c.o
                0x00000000000207f8                app_util_critical_region_enter
 .text.app_util_critical_region_exit
                0x0000000000020844       0x30 _build/nrf52832_xxaa_app_util_platform.c.o
                0x0000000000020844                app_util_critical_region_exit
 .text.gc_record_find_next
                0x0000000000020874       0xc0 _build/nrf52832_xxaa_fds.c.o
 .text.record_find_by_desc
                0x0000000000020934       0xe0 _build/nrf52832_xxaa_fds.c.o
 .text.record_find.part.3
                0x0000000000020a14       0xc0 _build/nrf52832_xxaa_fds.c.o
 .text.queue_process
                0x0000000000020ad4      0x824 _build/nrf52832_xxaa_fds.c.o
 .text.fs_event_handler
                0x00000000000212f8        0x8 _build/nrf52832_xxaa_fds.c.o
 .text.sd_flash_write
                0x0000000000021300        0x4 _build/nrf52832_xxaa_fstorage.c.o
 .text.sd_flash_page_erase
                0x0000000000021304        0x4 _build/nrf52832_xxaa_fstorage.c.o
 .text.unlikely.queue_get_next_free
                0x0000000000021308       0x38 _build/nrf52832_xxaa_fstorage.c.o
 .text.queue_process
                0x0000000000021340       0xcc _build/nrf52832_xxaa_fstorage.c.o
 .text.fs_store
                0x000000000002140c       0xac _build/nrf52832_xxaa_fstorage.c.o
                0x000000000002140c                fs_store
 .text.fs_erase
                0x00000000000214b8       0xa4 _build/nrf52832_xxaa_fstorage.c.o
                0x00000000000214b8                fs_erase
 .text.bsp_board_led_on
                0x000000000002155c       0x18 _build/nrf52832_xxaa_boards.c.o
                0x000000000002155c                bsp_board_led_on
 .text.bsp_board_led_off
                0x0000000000021574       0x18 _build/nrf52832_xxaa_boards.c.o
                0x0000000000021574                bsp_board_led_off
 .text.bsp_board_leds_init
                0x000000000002158c       0x3c _build/nrf52832_xxaa_boards.c.o
                0x000000000002158c                bsp_board_leds_init
 .text.POWER_CLOCK_IRQHandler
                0x00000000000215c8       0x78 _build/nrf52832_xxaa_nrf_drv_clock.c.o
                0x00000000000215c8                POWER_CLOCK_IRQHandler
 .text.nrf_drv_clock_on_soc_event
                0x0000000000021640       0x20 _build/nrf52832_xxaa_nrf_drv_clock.c.o
                0x0000000000021640                nrf_drv_clock_on_soc_event
 .text.nrf_drv_clock_on_sd_enable
                0x0000000000021660       0x64 _build/nrf52832_xxaa_nrf_drv_clock.c.o
                0x0000000000021660                nrf_drv_clock_on_sd_enable
 .text.nrf_drv_common_irq_enable
                0x00000000000216c4       0x50 _build/nrf52832_xxaa_nrf_drv_common.c.o
                0x00000000000216c4                nrf_drv_common_irq_enable
 .text.nrf_drv_gpiote_init
                0x0000000000021714       0x84 _build/nrf52832_xxaa_nrf_drv_gpiote.c.o
                0x0000000000021714                nrf_drv_gpiote_init
 .text.nrf_drv_gpiote_is_init
                0x0000000000021798       0x14 _build/nrf52832_xxaa_nrf_drv_gpiote.c.o
                0x0000000000021798                nrf_drv_gpiote_is_init
 .text.nrf_drv_gpiote_in_init
                0x00000000000217ac      0x180 _build/nrf52832_xxaa_nrf_drv_gpiote.c.o
                0x00000000000217ac                nrf_drv_gpiote_in_init
 .text.nrf_drv_gpiote_in_event_enable
                0x000000000002192c       0xc4 _build/nrf52832_xxaa_nrf_drv_gpiote.c.o
                0x000000000002192c                nrf_drv_gpiote_in_event_enable
 .text.nrf_drv_gpiote_in_event_disable
                0x00000000000219f0       0x60 _build/nrf52832_xxaa_nrf_drv_gpiote.c.o
                0x00000000000219f0                nrf_drv_gpiote_in_event_disable
 .text.nrf_drv_gpiote_in_is_set
                0x0000000000021a50       0x14 _build/nrf52832_xxaa_nrf_drv_gpiote.c.o
                0x0000000000021a50                nrf_drv_gpiote_in_is_set
 .text.GPIOTE_IRQHandler
                0x0000000000021a64      0x528 _build/nrf52832_xxaa_nrf_drv_gpiote.c.o
                0x0000000000021a64                GPIOTE_IRQHandler
 .text.nrf_drv_uart_init
                0x0000000000021f8c      0x1d8 _build/nrf52832_xxaa_nrf_drv_uart.c.o
                0x0000000000021f8c                nrf_drv_uart_init
 .text.nrf_drv_uart_uninit
                0x0000000000022164      0x108 _build/nrf52832_xxaa_nrf_drv_uart.c.o
                0x0000000000022164                nrf_drv_uart_uninit
 .text.nrf_drv_uart_tx
                0x000000000002226c      0x154 _build/nrf52832_xxaa_nrf_drv_uart.c.o
                0x000000000002226c                nrf_drv_uart_tx
 .text.nrf_drv_uart_tx_in_progress
                0x00000000000223c0       0x18 _build/nrf52832_xxaa_nrf_drv_uart.c.o
                0x00000000000223c0                nrf_drv_uart_tx_in_progress
 .text.UARTE0_UART0_IRQHandler
                0x00000000000223d8      0x2f4 _build/nrf52832_xxaa_nrf_drv_uart.c.o
                0x00000000000223d8                UARTE0_UART0_IRQHandler
 .text.sd_ble_gap_addr_get
                0x00000000000226cc        0x4 _build/nrf52832_xxaa_ble_advdata.c.o
 .text.sd_ble_gap_adv_data_set
                0x00000000000226d0        0x4 _build/nrf52832_xxaa_ble_advdata.c.o
 .text.sd_ble_gap_appearance_get
                0x00000000000226d4        0x4 _build/nrf52832_xxaa_ble_advdata.c.o
 .text.sd_ble_gap_device_name_get
                0x00000000000226d8        0x4 _build/nrf52832_xxaa_ble_advdata.c.o
 .text.sd_ble_uuid_encode
                0x00000000000226dc        0x4 _build/nrf52832_xxaa_ble_advdata.c.o
 .text.uuid_list_sized_encode
                0x00000000000226e0       0xe0 _build/nrf52832_xxaa_ble_advdata.c.o
 .text.adv_data_encode
                0x00000000000227c0      0x3fc _build/nrf52832_xxaa_ble_advdata.c.o
                0x00000000000227c0                adv_data_encode
 .text.ble_advdata_set
                0x0000000000022bbc      0x4dc _build/nrf52832_xxaa_ble_advdata.c.o
                0x0000000000022bbc                ble_advdata_set
 .text.sd_ble_gap_conn_param_update
                0x0000000000023098        0x4 _build/nrf52832_xxaa_ble_conn_params.c.o
 .text.sd_ble_gap_disconnect
                0x000000000002309c        0x4 _build/nrf52832_xxaa_ble_conn_params.c.o
 .text.sd_ble_gap_ppcp_set
                0x00000000000230a0        0x4 _build/nrf52832_xxaa_ble_conn_params.c.o
 .text.sd_ble_gap_ppcp_get
                0x00000000000230a4        0x4 _build/nrf52832_xxaa_ble_conn_params.c.o
 .text.update_timeout_handler
                0x00000000000230a8       0x74 _build/nrf52832_xxaa_ble_conn_params.c.o
 .text.conn_params_negotiation
                0x000000000002311c       0x94 _build/nrf52832_xxaa_ble_conn_params.c.o
 .text.ble_conn_params_init
                0x00000000000231b0       0x74 _build/nrf52832_xxaa_ble_conn_params.c.o
                0x00000000000231b0                ble_conn_params_init
 .text.ble_conn_params_on_ble_evt
                0x0000000000023224       0xb8 _build/nrf52832_xxaa_ble_conn_params.c.o
                0x0000000000023224                ble_conn_params_on_ble_evt
 .text.ble_srv_is_notification_enabled
                0x00000000000232dc        0x8 _build/nrf52832_xxaa_ble_srv_common.c.o
                0x00000000000232dc                ble_srv_is_notification_enabled
 .text.sd_ble_gap_data_length_update
                0x00000000000232e4        0x4 _build/nrf52832_xxaa_nrf_ble_gatt.c.o
 .text.sd_ble_gattc_exchange_mtu_request
                0x00000000000232e8        0x4 _build/nrf52832_xxaa_nrf_ble_gatt.c.o
 .text.sd_ble_gatts_exchange_mtu_reply
                0x00000000000232ec        0x4 _build/nrf52832_xxaa_nrf_ble_gatt.c.o
 .text.nrf_ble_gatt_init
                0x00000000000232f0       0x38 _build/nrf52832_xxaa_nrf_ble_gatt.c.o
                0x00000000000232f0                nrf_ble_gatt_init
 .text.nrf_ble_gatt_on_ble_evt
                0x0000000000023328      0x208 _build/nrf52832_xxaa_nrf_ble_gatt.c.o
                0x0000000000023328                nrf_ble_gatt_on_ble_evt
 .text          0x0000000000023530       0x3c _build/nrf52832_xxaa_gcc_startup_nrf52.S.o
                0x0000000000023530                Reset_Handler
                0x0000000000023558                NMI_Handler
                0x000000000002355a                HardFault_Handler
                0x000000000002355c                MemoryManagement_Handler
                0x000000000002355e                BusFault_Handler
                0x0000000000023560                UsageFault_Handler
                0x0000000000023562                SVC_Handler
                0x0000000000023564                DebugMon_Handler
                0x0000000000023566                PendSV_Handler
                0x0000000000023568                SysTick_Handler
                0x000000000002356a                TIMER4_IRQHandler
                0x000000000002356a                I2S_IRQHandler
                0x000000000002356a                SWI4_EGU4_IRQHandler
                0x000000000002356a                TIMER0_IRQHandler
                0x000000000002356a                TIMER1_IRQHandler
                0x000000000002356a                PWM2_IRQHandler
                0x000000000002356a                ECB_IRQHandler
                0x000000000002356a                SPIM1_SPIS1_TWIM1_TWIS1_SPI1_TWI1_IRQHandler
                0x000000000002356a                Default_Handler
                0x000000000002356a                CCM_AAR_IRQHandler
                0x000000000002356a                WDT_IRQHandler
                0x000000000002356a                SWI5_EGU5_IRQHandler
                0x000000000002356a                RNG_IRQHandler
                0x000000000002356a                RTC2_IRQHandler
                0x000000000002356a                PWM0_IRQHandler
                0x000000000002356a                SWI3_EGU3_IRQHandler
                0x000000000002356a                SWI1_EGU1_IRQHandler
                0x000000000002356a                SPIM2_SPIS2_SPI2_IRQHandler
                0x000000000002356a                NFCT_IRQHandler
                0x000000000002356a                MWU_IRQHandler
                0x000000000002356a                TIMER2_IRQHandler
                0x000000000002356a                COMP_LPCOMP_IRQHandler
                0x000000000002356a                RTC0_IRQHandler
                0x000000000002356a                PWM1_IRQHandler
                0x000000000002356a                RADIO_IRQHandler
                0x000000000002356a                PDM_IRQHandler
                0x000000000002356a                TEMP_IRQHandler
                0x000000000002356a                QDEC_IRQHandler
                0x000000000002356a                TIMER3_IRQHandler
                0x000000000002356a                FPU_IRQHandler
                0x000000000002356a                SPIM0_SPIS0_TWIM0_TWIS0_SPI0_TWI0_IRQHandler
 .text.SystemInit
                0x000000000002356c      0x348 _build/nrf52832_xxaa_system_nrf52.c.o
                0x000000000002356c                SystemInit
 .text.sd_evt_get
                0x00000000000238b4        0x4 _build/nrf52832_xxaa_softdevice_handler.c.o
 .text.sd_softdevice_enable
                0x00000000000238b8        0x4 _build/nrf52832_xxaa_softdevice_handler.c.o
 .text.sd_ble_enable
                0x00000000000238bc        0x4 _build/nrf52832_xxaa_softdevice_handler.c.o
 .text.sd_ble_evt_get
                0x00000000000238c0        0x4 _build/nrf52832_xxaa_softdevice_handler.c.o
 .text.softdevice_fault_handler
                0x00000000000238c4        0x4 _build/nrf52832_xxaa_softdevice_handler.c.o
                0x00000000000238c4                softdevice_fault_handler
 .text.intern_softdevice_events_execute.part.2
                0x00000000000238c8       0xc4 _build/nrf52832_xxaa_softdevice_handler.c.o
 .text.softdevice_handler_is_enabled
                0x000000000002398c        0xc _build/nrf52832_xxaa_softdevice_handler.c.o
                0x000000000002398c                softdevice_handler_is_enabled
 .text.softdevice_handler_init
                0x0000000000023998       0x94 _build/nrf52832_xxaa_softdevice_handler.c.o
                0x0000000000023998                softdevice_handler_init
 .text.softdevice_ble_evt_handler_set
                0x0000000000023a2c       0x14 _build/nrf52832_xxaa_softdevice_handler.c.o
                0x0000000000023a2c                softdevice_ble_evt_handler_set
 .text.SWI2_EGU2_IRQHandler
                0x0000000000023a40       0x30 _build/nrf52832_xxaa_softdevice_handler.c.o
                0x0000000000023a40                SWI2_EGU2_IRQHandler
 .text.softdevice_app_ram_start_get
                0x0000000000023a70       0x14 _build/nrf52832_xxaa_softdevice_handler.c.o
                0x0000000000023a70                softdevice_app_ram_start_get
 .text.softdevice_enable
                0x0000000000023a84       0x68 _build/nrf52832_xxaa_softdevice_handler.c.o
                0x0000000000023a84                softdevice_enable
 .text.SAADC_IRQHandler
                0x0000000000023aec      0x1c4 _build/nrf52832_xxaa_nrf_drv_saadc.c.o
                0x0000000000023aec                SAADC_IRQHandler
 .text.sd_ble_gatts_value_set
                0x0000000000023cb0        0x4 _build/nrf52832_xxaa_ble_lbs.c.o
 .text.ble_lbs_on_ble_evt
                0x0000000000023cb4       0x34 _build/nrf52832_xxaa_ble_lbs.c.o
                0x0000000000023cb4                ble_lbs_on_ble_evt
 .text.ble_lbs_on_button_change
                0x0000000000023ce8       0x30 _build/nrf52832_xxaa_ble_lbs.c.o
                0x0000000000023ce8                ble_lbs_on_button_change
 .text.ble_our_service_on_ble_evt
                0x0000000000023d18       0x1c _build/nrf52832_xxaa_our_service.c.o
                0x0000000000023d18                ble_our_service_on_ble_evt
 .text.sd_ble_gap_disconnect
                0x0000000000023d34        0x4 _build/nrf52832_xxaa_ble_interface.cpp.o
 .text.sd_ble_gap_ppcp_set
                0x0000000000023d38        0x4 _build/nrf52832_xxaa_ble_interface.cpp.o
 .text.sd_ble_gap_sec_params_reply
                0x0000000000023d3c        0x4 _build/nrf52832_xxaa_ble_interface.cpp.o
 .text.sd_ble_gatts_rw_authorize_reply
                0x0000000000023d40        0x4 _build/nrf52832_xxaa_ble_interface.cpp.o
 .text.sd_ble_gatts_sys_attr_set
                0x0000000000023d44        0x4 _build/nrf52832_xxaa_ble_interface.cpp.o
 .text.sd_ble_cfg_set
                0x0000000000023d48        0x4 _build/nrf52832_xxaa_ble_interface.cpp.o
 .text.sd_ble_user_mem_reply
                0x0000000000023d4c        0x4 _build/nrf52832_xxaa_ble_interface.cpp.o
 .text._ZL25conn_params_error_handlerm
                0x0000000000023d50        0x4 _build/nrf52832_xxaa_ble_interface.cpp.o
 .text._ZN3BLE18on_conn_params_evtEP21ble_conn_params_evt_t
                0x0000000000023d54       0x24 _build/nrf52832_xxaa_ble_interface.cpp.o
                0x0000000000023d54                BLE::on_conn_params_evt(ble_conn_params_evt_t*)
 .text._ZL20button_event_handlerhh
                0x0000000000023d78       0x4c _build/nrf52832_xxaa_ble_interface.cpp.o
 .text._ZN3BLE16ble_evt_dispatchEP9ble_evt_t
                0x0000000000023dc4      0x130 _build/nrf52832_xxaa_ble_interface.cpp.o
                0x0000000000023dc4                BLE::ble_evt_dispatch(ble_evt_t*)
 .text._ZN3BLE14ble_stack_initEv
                0x0000000000023ef4       0x8c _build/nrf52832_xxaa_ble_interface.cpp.o
                0x0000000000023ef4                BLE::ble_stack_init()
 .text._Z8log_initv
                0x0000000000023f80       0x14 _build/nrf52832_xxaa_ble_interface.cpp.o
                0x0000000000023f80                log_init()
 .text._ZN3BLE4initEv
                0x0000000000023f94       0x98 _build/nrf52832_xxaa_ble_interface.cpp.o
                0x0000000000023f94                BLE::init()
 .text.startup.main
                0x000000000002402c      0x130 _build/nrf52832_xxaa_ble_interface.cpp.o
                0x000000000002402c                main
 .text.startup._GLOBAL__sub_I_m_our_service
                0x000000000002415c        0xc _build/nrf52832_xxaa_ble_interface.cpp.o
 .text.sd_ble_gatts_service_add
                0x0000000000024168        0x4 _build/nrf52832_xxaa_ble_service.cpp.o
 .text.sd_ble_uuid_vs_add
                0x000000000002416c        0x4 _build/nrf52832_xxaa_ble_service.cpp.o
 .text._ZN7ServiceC2Et13ble_uuid128_t
                0x0000000000024170       0xb8 _build/nrf52832_xxaa_ble_service.cpp.o
                0x0000000000024170                Service::Service(unsigned short, ble_uuid128_t)
                0x0000000000024170                Service::Service(unsigned short, ble_uuid128_t)
 .text._ZN7ServiceC2Ev
                0x0000000000024228       0x40 _build/nrf52832_xxaa_ble_service.cpp.o
                0x0000000000024228                Service::Service()
                0x0000000000024228                Service::Service()
 .text._ZN7Service17addCharacteristicEt
                0x0000000000024268       0x40 _build/nrf52832_xxaa_ble_service.cpp.o
                0x0000000000024268                Service::addCharacteristic(unsigned short)
 .text.sd_ble_gatts_characteristic_add
                0x00000000000242a8        0x4 _build/nrf52832_xxaa_ble_characteristic.cpp.o
 .text.sd_ble_uuid_vs_add
                0x00000000000242ac        0x4 _build/nrf52832_xxaa_ble_characteristic.cpp.o
 .text._ZN14CharacteristicC2Ev
                0x00000000000242b0       0x60 _build/nrf52832_xxaa_ble_characteristic.cpp.o
                0x00000000000242b0                Characteristic::Characteristic()
                0x00000000000242b0                Characteristic::Characteristic()
 .text._ZN14Characteristic3addEt13ble_uuid128_tt
                0x0000000000024310       0xec _build/nrf52832_xxaa_ble_characteristic.cpp.o
                0x0000000000024310                Characteristic::add(unsigned short, ble_uuid128_t, unsigned short)
 .text.sd_ble_gap_adv_start
                0x00000000000243fc        0x4 _build/nrf52832_xxaa_ble_advertising.cpp.o
 .text.sd_ble_gap_device_name_set
                0x0000000000024400        0x4 _build/nrf52832_xxaa_ble_advertising.cpp.o
 .text._ZN11AdvertisingC2Ev
                0x0000000000024404       0x28 _build/nrf52832_xxaa_ble_advertising.cpp.o
                0x0000000000024404                Advertising::Advertising()
                0x0000000000024404                Advertising::Advertising()
 .text._ZN11Advertising5startEt
                0x000000000002442c       0x38 _build/nrf52832_xxaa_ble_advertising.cpp.o
                0x000000000002442c                Advertising::start(unsigned short)
 .text._ZN11Advertising7setNameEPKc
                0x0000000000024464       0x40 _build/nrf52832_xxaa_ble_advertising.cpp.o
                0x0000000000024464                Advertising::setName(char const*)
 .text._ZN11Advertising13advertiseDataEPhh
                0x00000000000244a4       0x80 _build/nrf52832_xxaa_ble_advertising.cpp.o
                0x00000000000244a4                Advertising::advertiseData(unsigned char*, unsigned char)
 .text          0x0000000000024524      0x9cc /Users/michaelmcadam/SDK/Nordic_nf52/gcc-arm-none-eabi-6.3.1/bin/../lib/gcc/arm-none-eabi/6.3.1/thumb/v7e-m/fpv4-sp/hard/libgcc.a(unwind-arm.o)
                0x00000000000247e4                _Unwind_GetCFA
                0x00000000000247e8                __gnu_Unwind_RaiseException
                0x0000000000024848                __gnu_Unwind_ForcedUnwind
                0x000000000002485c                __gnu_Unwind_Resume
                0x00000000000248a0                __gnu_Unwind_Resume_or_Rethrow
                0x00000000000248b0                _Unwind_Complete
                0x00000000000248b4                _Unwind_DeleteException
                0x00000000000248c0                _Unwind_VRS_Get
                0x000000000002490c                _Unwind_VRS_Set
                0x000000000002495c                __gnu_Unwind_Backtrace
                0x0000000000024c9c                __aeabi_unwind_cpp_pr0
                0x0000000000024ca0                __aeabi_unwind_cpp_pr1
                0x0000000000024ca4                __aeabi_unwind_cpp_pr2
                0x0000000000024ca8                _Unwind_VRS_Pop
 .text          0x0000000000024ef0      0x1ac /Users/michaelmcadam/SDK/Nordic_nf52/gcc-arm-none-eabi-6.3.1/bin/../lib/gcc/arm-none-eabi/6.3.1/thumb/v7e-m/fpv4-sp/hard/libgcc.a(libunwind.o)
                0x0000000000024ef0                __restore_core_regs
                0x0000000000024ef0                restore_core_regs
                0x0000000000024f08                __gnu_Unwind_Restore_VFP
                0x0000000000024f10                __gnu_Unwind_Save_VFP
                0x0000000000024f18                __gnu_Unwind_Restore_VFP_D
                0x0000000000024f20                __gnu_Unwind_Save_VFP_D
                0x0000000000024f28                __gnu_Unwind_Restore_VFP_D_16_to_31
                0x0000000000024f30                __gnu_Unwind_Save_VFP_D_16_to_31
                0x0000000000024f38                __gnu_Unwind_Restore_WMMXD
                0x0000000000024f7c                __gnu_Unwind_Save_WMMXD
                0x0000000000024fc0                __gnu_Unwind_Restore_WMMXC
                0x0000000000024fd4                __gnu_Unwind_Save_WMMXC
                0x0000000000024fe8                _Unwind_RaiseException
                0x0000000000024fe8                ___Unwind_RaiseException
                0x000000000002500c                ___Unwind_Resume
                0x000000000002500c                _Unwind_Resume
                0x0000000000025030                ___Unwind_Resume_or_Rethrow
                0x0000000000025030                _Unwind_Resume_or_Rethrow
                0x0000000000025054                _Unwind_ForcedUnwind
                0x0000000000025054                ___Unwind_ForcedUnwind
                0x0000000000025078                _Unwind_Backtrace
                0x0000000000025078                ___Unwind_Backtrace
 .text          0x000000000002509c      0x380 /Users/michaelmcadam/SDK/Nordic_nf52/gcc-arm-none-eabi-6.3.1/bin/../lib/gcc/arm-none-eabi/6.3.1/thumb/v7e-m/fpv4-sp/hard/libgcc.a(pr-support.o)
                0x00000000000250f4                __gnu_unwind_execute
                0x00000000000253c4                __gnu_unwind_frame
                0x00000000000253ec                _Unwind_GetRegionStart
                0x00000000000253f8                _Unwind_GetLanguageSpecificData
                0x000000000002540c                _Unwind_GetTextRelBase
                0x0000000000025414                _Unwind_GetDataRelBase
 .text.abort    0x000000000002541c        0xe /Users/michaelmcadam/SDK/Nordic_nf52/gcc-arm-none-eabi-6.3.1/bin/../lib/gcc/arm-none-eabi/6.3.1/../../../../arm-none-eabi/lib/thumb/v7e-m/fpv4-sp/hard/libc_nano.a(lib_a-abort.o)
                0x000000000002541c                abort
 *fill*         0x000000000002542a        0x2 
 .text.__locale_ctype_ptr
                0x000000000002542c       0x1c /Users/michaelmcadam/SDK/Nordic_nf52/gcc-arm-none-eabi-6.3.1/bin/../lib/gcc/arm-none-eabi/6.3.1/../../../../arm-none-eabi/lib/thumb/v7e-m/fpv4-sp/hard/libc_nano.a(lib_a-locale.o)
                0x000000000002542c                __locale_ctype_ptr
 .text.__ascii_mbtowc
                0x0000000000025448       0x24 /Users/michaelmcadam/SDK/Nordic_nf52/gcc-arm-none-eabi-6.3.1/bin/../lib/gcc/arm-none-eabi/6.3.1/../../../../arm-none-eabi/lib/thumb/v7e-m/fpv4-sp/hard/libc_nano.a(lib_a-mbtowc_r.o)
                0x0000000000025448                __ascii_mbtowc
 .text.memcpy   0x000000000002546c       0x16 /Users/michaelmcadam/SDK/Nordic_nf52/gcc-arm-none-eabi-6.3.1/bin/../lib/gcc/arm-none-eabi/6.3.1/../../../../arm-none-eabi/lib/thumb/v7e-m/fpv4-sp/hard/libc_nano.a(lib_a-memcpy-stub.o)
                0x000000000002546c                memcpy
 *fill*         0x0000000000025482        0x2 
 .text._free_r  0x0000000000025484       0x9c /Users/michaelmcadam/SDK/Nordic_nf52/gcc-arm-none-eabi-6.3.1/bin/../lib/gcc/arm-none-eabi/6.3.1/../../../../arm-none-eabi/lib/thumb/v7e-m/fpv4-sp/hard/libc_nano.a(lib_a-nano-freer.o)
                0x0000000000025484                _free_r
 .text._malloc_r
                0x0000000000025520       0xbc /Users/michaelmcadam/SDK/Nordic_nf52/gcc-arm-none-eabi-6.3.1/bin/../lib/gcc/arm-none-eabi/6.3.1/../../../../arm-none-eabi/lib/thumb/v7e-m/fpv4-sp/hard/libc_nano.a(lib_a-nano-mallocr.o)
                0x0000000000025520                _malloc_r
 .text._sbrk_r  0x00000000000255dc       0x20 /Users/michaelmcadam/SDK/Nordic_nf52/gcc-arm-none-eabi-6.3.1/bin/../lib/gcc/arm-none-eabi/6.3.1/../../../../arm-none-eabi/lib/thumb/v7e-m/fpv4-sp/hard/libc_nano.a(lib_a-sbrkr.o)
                0x00000000000255dc                _sbrk_r
 .text._raise_r
                0x00000000000255fc       0x50 /Users/michaelmcadam/SDK/Nordic_nf52/gcc-arm-none-eabi-6.3.1/bin/../lib/gcc/arm-none-eabi/6.3.1/../../../../arm-none-eabi/lib/thumb/v7e-m/fpv4-sp/hard/libc_nano.a(lib_a-signal.o)
                0x00000000000255fc                _raise_r
 .text.raise    0x000000000002564c       0x10 /Users/michaelmcadam/SDK/Nordic_nf52/gcc-arm-none-eabi-6.3.1/bin/../lib/gcc/arm-none-eabi/6.3.1/../../../../arm-none-eabi/lib/thumb/v7e-m/fpv4-sp/hard/libc_nano.a(lib_a-signal.o)
                0x000000000002564c                raise
 .text._kill_r  0x000000000002565c       0x24 /Users/michaelmcadam/SDK/Nordic_nf52/gcc-arm-none-eabi-6.3.1/bin/../lib/gcc/arm-none-eabi/6.3.1/../../../../arm-none-eabi/lib/thumb/v7e-m/fpv4-sp/hard/libc_nano.a(lib_a-signalr.o)
                0x000000000002565c                _kill_r
 .text._getpid_r
                0x0000000000025680        0x4 /Users/michaelmcadam/SDK/Nordic_nf52/gcc-arm-none-eabi-6.3.1/bin/../lib/gcc/arm-none-eabi/6.3.1/../../../../arm-none-eabi/lib/thumb/v7e-m/fpv4-sp/hard/libc_nano.a(lib_a-signalr.o)
                0x0000000000025680                _getpid_r
 .text.snprintf
                0x0000000000025684       0x68 /Users/michaelmcadam/SDK/Nordic_nf52/gcc-arm-none-eabi-6.3.1/bin/../lib/gcc/arm-none-eabi/6.3.1/../../../../arm-none-eabi/lib/thumb/v7e-m/fpv4-sp/hard/libc_nano.a(lib_a-snprintf.o)
                0x0000000000025684                snprintf
                0x0000000000025684                sniprintf
 .text          0x00000000000256ec       0x10 /Users/michaelmcadam/SDK/Nordic_nf52/gcc-arm-none-eabi-6.3.1/bin/../lib/gcc/arm-none-eabi/6.3.1/../../../../arm-none-eabi/lib/thumb/v7e-m/fpv4-sp/hard/libc_nano.a(lib_a-strlen.o)
                0x00000000000256ec                strlen
 .text.__ascii_wctomb
                0x00000000000256fc       0x1a /Users/michaelmcadam/SDK/Nordic_nf52/gcc-arm-none-eabi-6.3.1/bin/../lib/gcc/arm-none-eabi/6.3.1/../../../../arm-none-eabi/lib/thumb/v7e-m/fpv4-sp/hard/libc_nano.a(lib_a-wctomb_r.o)
                0x00000000000256fc                __ascii_wctomb
 .text.__malloc_lock
                0x0000000000025716        0x2 /Users/michaelmcadam/SDK/Nordic_nf52/gcc-arm-none-eabi-6.3.1/bin/../lib/gcc/arm-none-eabi/6.3.1/../../../../arm-none-eabi/lib/thumb/v7e-m/fpv4-sp/hard/libc_nano.a(lib_a-mlock.o)
                0x0000000000025716                __malloc_lock
 .text.__malloc_unlock
                0x0000000000025718        0x2 /Users/michaelmcadam/SDK/Nordic_nf52/gcc-arm-none-eabi-6.3.1/bin/../lib/gcc/arm-none-eabi/6.3.1/../../../../arm-none-eabi/lib/thumb/v7e-m/fpv4-sp/hard/libc_nano.a(lib_a-mlock.o)
                0x0000000000025718                __malloc_unlock
 .text.__ssputs_r
                0x000000000002571a       0xb6 /Users/michaelmcadam/SDK/Nordic_nf52/gcc-arm-none-eabi-6.3.1/bin/../lib/gcc/arm-none-eabi/6.3.1/../../../../arm-none-eabi/lib/thumb/v7e-m/fpv4-sp/hard/libc_nano.a(lib_a-nano-svfprintf.o)
                0x000000000002571a                __ssputs_r
 .text._svfprintf_r
                0x00000000000257d0      0x1e8 /Users/michaelmcadam/SDK/Nordic_nf52/gcc-arm-none-eabi-6.3.1/bin/../lib/gcc/arm-none-eabi/6.3.1/../../../../arm-none-eabi/lib/thumb/v7e-m/fpv4-sp/hard/libc_nano.a(lib_a-nano-svfprintf.o)
                0x00000000000257d0                _svfprintf_r
                0x00000000000257d0                _svfiprintf_r
 .text._printf_common
                0x00000000000259b8       0xec /Users/michaelmcadam/SDK/Nordic_nf52/gcc-arm-none-eabi-6.3.1/bin/../lib/gcc/arm-none-eabi/6.3.1/../../../../arm-none-eabi/lib/thumb/v7e-m/fpv4-sp/hard/libc_nano.a(lib_a-nano-vfprintf_i.o)
                0x00000000000259b8                _printf_common
 .text._printf_i
                0x0000000000025aa4      0x240 /Users/michaelmcadam/SDK/Nordic_nf52/gcc-arm-none-eabi-6.3.1/bin/../lib/gcc/arm-none-eabi/6.3.1/../../../../arm-none-eabi/lib/thumb/v7e-m/fpv4-sp/hard/libc_nano.a(lib_a-nano-vfprintf_i.o)
                0x0000000000025aa4                _printf_i
 *fill*         0x0000000000025ce4        0xc 
 .text          0x0000000000025cf0       0xa0 /Users/michaelmcadam/SDK/Nordic_nf52/gcc-arm-none-eabi-6.3.1/bin/../lib/gcc/arm-none-eabi/6.3.1/../../../../arm-none-eabi/lib/thumb/v7e-m/fpv4-sp/hard/libc_nano.a(lib_a-memchr.o)
                0x0000000000025cf0                memchr
 .text.memmove  0x0000000000025d90       0x34 /Users/michaelmcadam/SDK/Nordic_nf52/gcc-arm-none-eabi-6.3.1/bin/../lib/gcc/arm-none-eabi/6.3.1/../../../../arm-none-eabi/lib/thumb/v7e-m/fpv4-sp/hard/libc_nano.a(lib_a-memmove.o)
                0x0000000000025d90                memmove
 .text._realloc_r
                0x0000000000025dc4       0x4c /Users/michaelmcadam/SDK/Nordic_nf52/gcc-arm-none-eabi-6.3.1/bin/../lib/gcc/arm-none-eabi/6.3.1/../../../../arm-none-eabi/lib/thumb/v7e-m/fpv4-sp/hard/libc_nano.a(lib_a-nano-reallocr.o)
                0x0000000000025dc4                _realloc_r
 .text._malloc_usable_size_r
                0x0000000000025e10       0x12 /Users/michaelmcadam/SDK/Nordic_nf52/gcc-arm-none-eabi-6.3.1/bin/../lib/gcc/arm-none-eabi/6.3.1/../../../../arm-none-eabi/lib/thumb/v7e-m/fpv4-sp/hard/libc_nano.a(lib_a-nano-msizer.o)
                0x0000000000025e10                _malloc_usable_size_r
 *fill*         0x0000000000025e22        0x2 
 .text._getpid  0x0000000000025e24       0x10 /Users/michaelmcadam/SDK/Nordic_nf52/gcc-arm-none-eabi-6.3.1/bin/../lib/gcc/arm-none-eabi/6.3.1/../../../../arm-none-eabi/lib/thumb/v7e-m/fpv4-sp/hard/libnosys.a(getpid.o)
                0x0000000000025e24                _getpid
 .text._kill    0x0000000000025e34       0x10 /Users/michaelmcadam/SDK/Nordic_nf52/gcc-arm-none-eabi-6.3.1/bin/../lib/gcc/arm-none-eabi/6.3.1/../../../../arm-none-eabi/lib/thumb/v7e-m/fpv4-sp/hard/libnosys.a(kill.o)
                0x0000000000025e34                _kill
 .text._sbrk    0x0000000000025e44       0x1c /Users/michaelmcadam/SDK/Nordic_nf52/gcc-arm-none-eabi-6.3.1/bin/../lib/gcc/arm-none-eabi/6.3.1/../../../../arm-none-eabi/lib/thumb/v7e-m/fpv4-sp/hard/libnosys.a(sbrk.o)
                0x0000000000025e44                _sbrk
 *(.init)
 .init          0x0000000000025e60        0x4 /Users/michaelmcadam/SDK/Nordic_nf52/gcc-arm-none-eabi-6.3.1/bin/../lib/gcc/arm-none-eabi/6.3.1/thumb/v7e-m/fpv4-sp/hard/crti.o
                0x0000000000025e60                _init
 .init          0x0000000000025e64        0x8 /Users/michaelmcadam/SDK/Nordic_nf52/gcc-arm-none-eabi-6.3.1/bin/../lib/gcc/arm-none-eabi/6.3.1/thumb/v7e-m/fpv4-sp/hard/crtn.o
 *(.fini)
 .fini          0x0000000000025e6c        0x4 /Users/michaelmcadam/SDK/Nordic_nf52/gcc-arm-none-eabi-6.3.1/bin/../lib/gcc/arm-none-eabi/6.3.1/thumb/v7e-m/fpv4-sp/hard/crti.o
                0x0000000000025e6c                _fini
 .fini          0x0000000000025e70        0x8 /Users/michaelmcadam/SDK/Nordic_nf52/gcc-arm-none-eabi-6.3.1/bin/../lib/gcc/arm-none-eabi/6.3.1/thumb/v7e-m/fpv4-sp/hard/crtn.o
 *crtbegin.o(.ctors)
 *crtbegin?.o(.ctors)
 *(EXCLUDE_FILE(*crtend.o *crtend?.o) .ctors)
 *(SORT(.ctors.*))
 *(.ctors)
 *crtbegin.o(.dtors)
 *crtbegin?.o(.dtors)
 *(EXCLUDE_FILE(*crtend.o *crtend?.o) .dtors)
 *(SORT(.dtors.*))
 *(.dtors)
 *(.rodata*)
 .rodata._global_impure_ptr
                0x0000000000025e78        0x4 /Users/michaelmcadam/SDK/Nordic_nf52/gcc-arm-none-eabi-6.3.1/bin/../lib/gcc/arm-none-eabi/6.3.1/../../../../arm-none-eabi/lib/thumb/v7e-m/fpv4-sp/hard/libc_nano.a(lib_a-impure.o)
                0x0000000000025e78                _global_impure_ptr
 .rodata        0x0000000000025e7c       0x20 _build/nrf52832_xxaa_nrf_log_backend_serial.c.o
 .rodata.nrf_log_backend_serial_hexdump_handler.str1.4
                0x0000000000025e9c        0x7 _build/nrf52832_xxaa_nrf_log_backend_serial.c.o
 *fill*         0x0000000000025ea3        0x1 
 .rodata.nrf_log_frontend_std_0.str1.4
                0x0000000000025ea4        0xb _build/nrf52832_xxaa_nrf_log_frontend.c.o
 *fill*         0x0000000000025eaf        0x1 
 .rodata.m_detection_delay_timer_id
                0x0000000000025eb0        0x4 _build/nrf52832_xxaa_app_button.c.o
 .rodata.app_error_fault_handler.str1.4
                0x0000000000025eb4       0x29 _build/nrf52832_xxaa_app_error_weak.c.o
 *fill*         0x0000000000025edd        0x3 
 .rodata.m_fds_tl_dirty
                0x0000000000025ee0        0x4 _build/nrf52832_xxaa_fds.c.o
 .rodata.page_tag_data.8625
                0x0000000000025ee4        0x8 _build/nrf52832_xxaa_fds.c.o
 .rodata.page_tag_swap.8621
                0x0000000000025eec        0x8 _build/nrf52832_xxaa_fds.c.o
 .rodata.m_board_led_list
                0x0000000000025ef4        0x4 _build/nrf52832_xxaa_boards.c.o
 .rodata.m_conn_params_timer_id
                0x0000000000025ef8        0x4 _build/nrf52832_xxaa_ble_conn_params.c.o
 .rodata.nrf_ble_gatt_on_ble_evt.str1.4
                0x0000000000025efc      0x185 _build/nrf52832_xxaa_nrf_ble_gatt.c.o
 *fill*         0x0000000000026081        0x3 
 .rodata.softdevice_enable.str1.4
                0x0000000000026084       0xa5 _build/nrf52832_xxaa_softdevice_handler.c.o
 *fill*         0x0000000000026129        0x3 
 .rodata        0x000000000002612c       0x14 _build/nrf52832_xxaa_ble_interface.cpp.o
 .rodata._ZL20button_event_handlerhh.str1.4
                0x0000000000026140       0x25 _build/nrf52832_xxaa_ble_interface.cpp.o
 *fill*         0x0000000000026165        0x3 
 .rodata._ZN3BLE15gap_params_initEv.str1.4
                0x0000000000026168        0xd _build/nrf52832_xxaa_ble_interface.cpp.o
 *fill*         0x0000000000026175        0x3 
 .rodata._ZN3BLE16ble_evt_dispatchEP9ble_evt_t.str1.4
                0x0000000000026178       0x30 _build/nrf52832_xxaa_ble_interface.cpp.o
 .rodata.main.str1.4
                0x00000000000261a8       0x7c _build/nrf52832_xxaa_ble_interface.cpp.o
                                         0x7b (size before relaxing)
 .rodata._setlocale_r.str1.1
                0x0000000000026224        0x8 /Users/michaelmcadam/SDK/Nordic_nf52/gcc-arm-none-eabi-6.3.1/bin/../lib/gcc/arm-none-eabi/6.3.1/../../../../arm-none-eabi/lib/thumb/v7e-m/fpv4-sp/hard/libc_nano.a(lib_a-locale.o)
                                          0x9 (size before relaxing)
 .rodata.str1.1
                0x000000000002622c        0x2 /Users/michaelmcadam/SDK/Nordic_nf52/gcc-arm-none-eabi-6.3.1/bin/../lib/gcc/arm-none-eabi/6.3.1/../../../../arm-none-eabi/lib/thumb/v7e-m/fpv4-sp/hard/libc_nano.a(lib_a-locale.o)
 .rodata._ctype_
                0x000000000002622e      0x101 /Users/michaelmcadam/SDK/Nordic_nf52/gcc-arm-none-eabi-6.3.1/bin/../lib/gcc/arm-none-eabi/6.3.1/../../../../arm-none-eabi/lib/thumb/v7e-m/fpv4-sp/hard/libc_nano.a(lib_a-ctype_.o)
                0x000000000002622e                _ctype_
 .rodata._svfprintf_r.str1.1
                0x000000000002632f       0x11 /Users/michaelmcadam/SDK/Nordic_nf52/gcc-arm-none-eabi-6.3.1/bin/../lib/gcc/arm-none-eabi/6.3.1/../../../../arm-none-eabi/lib/thumb/v7e-m/fpv4-sp/hard/libc_nano.a(lib_a-nano-svfprintf.o)
 .rodata._printf_i.str1.1
                0x0000000000026340       0x22 /Users/michaelmcadam/SDK/Nordic_nf52/gcc-arm-none-eabi-6.3.1/bin/../lib/gcc/arm-none-eabi/6.3.1/../../../../arm-none-eabi/lib/thumb/v7e-m/fpv4-sp/hard/libc_nano.a(lib_a-nano-vfprintf_i.o)
 *(.eh_frame*)
 *fill*         0x0000000000026362        0x2 
 .eh_frame      0x0000000000026364        0x0 /Users/michaelmcadam/SDK/Nordic_nf52/gcc-arm-none-eabi-6.3.1/bin/../lib/gcc/arm-none-eabi/6.3.1/thumb/v7e-m/fpv4-sp/hard/crtbegin.o
 .eh_frame      0x0000000000026364        0x4 /Users/michaelmcadam/SDK/Nordic_nf52/gcc-arm-none-eabi-6.3.1/bin/../lib/gcc/arm-none-eabi/6.3.1/thumb/v7e-m/fpv4-sp/hard/crtend.o

.glue_7         0x0000000000026368        0x0
 .glue_7        0x0000000000026368        0x0 linker stubs

.glue_7t        0x0000000000026368        0x0
 .glue_7t       0x0000000000026368        0x0 linker stubs

.vfp11_veneer   0x0000000000026368        0x0
 .vfp11_veneer  0x0000000000026368        0x0 linker stubs

.v4_bx          0x0000000000026368        0x0
 .v4_bx         0x0000000000026368        0x0 linker stubs

.iplt           0x0000000000026368        0x0
 .iplt          0x0000000000026368        0x0 /Users/michaelmcadam/SDK/Nordic_nf52/gcc-arm-none-eabi-6.3.1/bin/../lib/gcc/arm-none-eabi/6.3.1/thumb/v7e-m/fpv4-sp/hard/crtbegin.o

.pwr_mgmt_data  0x0000000000026368        0x0
                [!provide]                        PROVIDE (__start_pwr_mgmt_data, .)
 *(SORT(.pwr_mgmt_data*))
                [!provide]                        PROVIDE (__stop_pwr_mgmt_data, .)

.ARM.extab      0x0000000000026368       0x3c
 *(.ARM.extab* .gnu.linkonce.armextab.*)
 .ARM.extab.text._Z8log_initv
                0x0000000000026368        0xc _build/nrf52832_xxaa_ble_interface.cpp.o
 .ARM.extab.text.startup.main
                0x0000000000026374        0xc _build/nrf52832_xxaa_ble_interface.cpp.o
 .ARM.extab.text._ZN7ServiceC2Et13ble_uuid128_t
                0x0000000000026380        0xc _build/nrf52832_xxaa_ble_service.cpp.o
 .ARM.extab     0x000000000002638c       0x18 /Users/michaelmcadam/SDK/Nordic_nf52/gcc-arm-none-eabi-6.3.1/bin/../lib/gcc/arm-none-eabi/6.3.1/thumb/v7e-m/fpv4-sp/hard/libgcc.a(pr-support.o)
                0x00000000000263a4                __exidx_start = .

.ARM.exidx      0x00000000000263a4      0x140
 *(.ARM.exidx* .gnu.linkonce.armexidx.*)
 .ARM.exidx     0x00000000000263a4        0x8 /Users/michaelmcadam/SDK/Nordic_nf52/gcc-arm-none-eabi-6.3.1/bin/../lib/gcc/arm-none-eabi/6.3.1/../../../../arm-none-eabi/lib/thumb/v7e-m/fpv4-sp/hard/crt0.o
 .ARM.exidx.text.sd_ble_gap_disconnect
                0x00000000000263ac        0x0 _build/nrf52832_xxaa_ble_interface.cpp.o
                                          0x8 (size before relaxing)
 .ARM.exidx.text.sd_ble_gap_ppcp_set
                0x00000000000263ac        0x0 _build/nrf52832_xxaa_ble_interface.cpp.o
                                          0x8 (size before relaxing)
 .ARM.exidx.text.sd_ble_gap_sec_params_reply
                0x00000000000263ac        0x0 _build/nrf52832_xxaa_ble_interface.cpp.o
                                          0x8 (size before relaxing)
 .ARM.exidx.text.sd_ble_gatts_rw_authorize_reply
                0x00000000000263ac        0x0 _build/nrf52832_xxaa_ble_interface.cpp.o
                                          0x8 (size before relaxing)
 .ARM.exidx.text.sd_ble_gatts_sys_attr_set
                0x00000000000263ac        0x0 _build/nrf52832_xxaa_ble_interface.cpp.o
                                          0x8 (size before relaxing)
 .ARM.exidx.text.sd_ble_cfg_set
                0x00000000000263ac        0x0 _build/nrf52832_xxaa_ble_interface.cpp.o
                                          0x8 (size before relaxing)
 .ARM.exidx.text.sd_ble_user_mem_reply
                0x00000000000263ac        0x0 _build/nrf52832_xxaa_ble_interface.cpp.o
                                          0x8 (size before relaxing)
 .ARM.exidx.text._ZL25conn_params_error_handlerm
                0x00000000000263ac        0x0 _build/nrf52832_xxaa_ble_interface.cpp.o
                                          0x8 (size before relaxing)
 .ARM.exidx.text._ZN3BLE18on_conn_params_evtEP21ble_conn_params_evt_t
                0x00000000000263ac        0x0 _build/nrf52832_xxaa_ble_interface.cpp.o
                                          0x8 (size before relaxing)
 .ARM.exidx.text._ZL20button_event_handlerhh
                0x00000000000263ac        0x8 _build/nrf52832_xxaa_ble_interface.cpp.o
 .ARM.exidx.text._ZN3BLE16ble_evt_dispatchEP9ble_evt_t
                0x00000000000263b4        0x8 _build/nrf52832_xxaa_ble_interface.cpp.o
 .ARM.exidx.text._ZN3BLE14ble_stack_initEv
                0x00000000000263bc        0x8 _build/nrf52832_xxaa_ble_interface.cpp.o
 .ARM.exidx.text._Z8log_initv
                0x00000000000263c4        0x8 _build/nrf52832_xxaa_ble_interface.cpp.o
 .ARM.exidx.text._ZN3BLE4initEv
                0x00000000000263cc        0x8 _build/nrf52832_xxaa_ble_interface.cpp.o
 .ARM.exidx.text.startup.main
                0x00000000000263d4        0x8 _build/nrf52832_xxaa_ble_interface.cpp.o
 .ARM.exidx.text.startup._GLOBAL__sub_I_m_our_service
                0x00000000000263dc        0x8 _build/nrf52832_xxaa_ble_interface.cpp.o
 .ARM.exidx.text.sd_ble_gatts_service_add
                0x00000000000263e4        0x0 _build/nrf52832_xxaa_ble_service.cpp.o
                                          0x8 (size before relaxing)
 .ARM.exidx.text.sd_ble_uuid_vs_add
                0x00000000000263e4        0x0 _build/nrf52832_xxaa_ble_service.cpp.o
                                          0x8 (size before relaxing)
 .ARM.exidx.text._ZN7ServiceC2Et13ble_uuid128_t
                0x00000000000263e4        0x8 _build/nrf52832_xxaa_ble_service.cpp.o
 .ARM.exidx.text._ZN7ServiceC2Ev
                0x00000000000263ec        0x8 _build/nrf52832_xxaa_ble_service.cpp.o
 .ARM.exidx.text._ZN7Service17addCharacteristicEt
                0x00000000000263f4        0x8 _build/nrf52832_xxaa_ble_service.cpp.o
 .ARM.exidx.text.sd_ble_gatts_characteristic_add
                0x00000000000263fc        0x8 _build/nrf52832_xxaa_ble_characteristic.cpp.o
 .ARM.exidx.text.sd_ble_uuid_vs_add
                0x0000000000026404        0x0 _build/nrf52832_xxaa_ble_characteristic.cpp.o
                                          0x8 (size before relaxing)
 .ARM.exidx.text._ZN14CharacteristicC2Ev
                0x0000000000026404        0x0 _build/nrf52832_xxaa_ble_characteristic.cpp.o
                                          0x8 (size before relaxing)
 .ARM.exidx.text._ZN14Characteristic3addEt13ble_uuid128_tt
                0x0000000000026404        0x8 _build/nrf52832_xxaa_ble_characteristic.cpp.o
 .ARM.exidx.text.sd_ble_gap_adv_start
                0x000000000002640c        0x8 _build/nrf52832_xxaa_ble_advertising.cpp.o
 .ARM.exidx.text.sd_ble_gap_device_name_set
                0x0000000000026414        0x0 _build/nrf52832_xxaa_ble_advertising.cpp.o
                                          0x8 (size before relaxing)
 .ARM.exidx.text._ZN11AdvertisingC2Ev
                0x0000000000026414        0x0 _build/nrf52832_xxaa_ble_advertising.cpp.o
                                          0x8 (size before relaxing)
 .ARM.exidx.text._ZN11Advertising5startEt
                0x0000000000026414        0x8 _build/nrf52832_xxaa_ble_advertising.cpp.o
 .ARM.exidx.text._ZN11Advertising7setNameEPKc
                0x000000000002641c        0x8 _build/nrf52832_xxaa_ble_advertising.cpp.o
 .ARM.exidx.text._ZN11Advertising13advertiseDataEPhh
                0x0000000000026424        0x8 _build/nrf52832_xxaa_ble_advertising.cpp.o
 .ARM.exidx     0x000000000002642c       0x80 /Users/michaelmcadam/SDK/Nordic_nf52/gcc-arm-none-eabi-6.3.1/bin/../lib/gcc/arm-none-eabi/6.3.1/thumb/v7e-m/fpv4-sp/hard/libgcc.a(unwind-arm.o)
                                         0xd8 (size before relaxing)
 .ARM.exidx     0x00000000000264ac       0x38 /Users/michaelmcadam/SDK/Nordic_nf52/gcc-arm-none-eabi-6.3.1/bin/../lib/gcc/arm-none-eabi/6.3.1/thumb/v7e-m/fpv4-sp/hard/libgcc.a(pr-support.o)
                                         0x48 (size before relaxing)
                0x00000000000264e4                __exidx_end = .
                0x00000000000264e4                __etext = .

.rel.dyn        0x00000000000264e4        0x0
 .rel.iplt      0x00000000000264e4        0x0 /Users/michaelmcadam/SDK/Nordic_nf52/gcc-arm-none-eabi-6.3.1/bin/../lib/gcc/arm-none-eabi/6.3.1/thumb/v7e-m/fpv4-sp/hard/crtbegin.o

.data           0x0000000020002060      0x1f8 load address 0x00000000000264e4
                0x0000000020002060                __data_start__ = .
 *(vtable)
 *(.data*)
 .data._impure_ptr
                0x0000000020002060        0x4 /Users/michaelmcadam/SDK/Nordic_nf52/gcc-arm-none-eabi-6.3.1/bin/../lib/gcc/arm-none-eabi/6.3.1/../../../../arm-none-eabi/lib/thumb/v7e-m/fpv4-sp/hard/libc_nano.a(lib_a-impure.o)
                0x0000000020002060                _impure_ptr
 .data.impure_data
                0x0000000020002064       0x60 /Users/michaelmcadam/SDK/Nordic_nf52/gcc-arm-none-eabi-6.3.1/bin/../lib/gcc/arm-none-eabi/6.3.1/../../../../arm-none-eabi/lib/thumb/v7e-m/fpv4-sp/hard/libc_nano.a(lib_a-impure.o)
 .data.m_uart   0x00000000200020c4        0x8 _build/nrf52832_xxaa_nrf_log_backend_serial.c.o
 .data.SystemCoreClock
                0x00000000200020cc        0x4 _build/nrf52832_xxaa_system_nrf52.c.o
                0x00000000200020cc                SystemCoreClock
 .data._ZL13m_conn_handle
                0x00000000200020d0        0x2 _build/nrf52832_xxaa_ble_interface.cpp.o
 *fill*         0x00000000200020d2        0x2 
 .data._ZZL12buttons_initvE7buttons
                0x00000000200020d4        0x8 _build/nrf52832_xxaa_ble_interface.cpp.o
 .data.__global_locale
                0x00000000200020dc      0x16c /Users/michaelmcadam/SDK/Nordic_nf52/gcc-arm-none-eabi-6.3.1/bin/../lib/gcc/arm-none-eabi/6.3.1/../../../../arm-none-eabi/lib/thumb/v7e-m/fpv4-sp/hard/libc_nano.a(lib_a-locale.o)
                0x00000000200020dc                __global_locale
                0x0000000020002248                . = ALIGN (0x4)
                0x0000000020002248                PROVIDE (__preinit_array_start, .)
 *(.preinit_array)
                0x0000000020002248                PROVIDE (__preinit_array_end, .)
                0x0000000020002248                . = ALIGN (0x4)
                0x0000000020002248                PROVIDE (__init_array_start, .)
 *(SORT(.init_array.*))
 *(.init_array)
 .init_array    0x0000000020002248        0x4 /Users/michaelmcadam/SDK/Nordic_nf52/gcc-arm-none-eabi-6.3.1/bin/../lib/gcc/arm-none-eabi/6.3.1/thumb/v7e-m/fpv4-sp/hard/crtbegin.o
 .init_array    0x000000002000224c        0x4 _build/nrf52832_xxaa_ble_interface.cpp.o
                0x0000000020002250                PROVIDE (__init_array_end, .)
                0x0000000020002250                . = ALIGN (0x4)
                [!provide]                        PROVIDE (__fini_array_start, .)
 *(SORT(.fini_array.*))
 *(.fini_array)
 .fini_array    0x0000000020002250        0x4 /Users/michaelmcadam/SDK/Nordic_nf52/gcc-arm-none-eabi-6.3.1/bin/../lib/gcc/arm-none-eabi/6.3.1/thumb/v7e-m/fpv4-sp/hard/crtbegin.o
                [!provide]                        PROVIDE (__fini_array_end, .)
 *(.jcr*)
 .jcr           0x0000000020002254        0x0 /Users/michaelmcadam/SDK/Nordic_nf52/gcc-arm-none-eabi-6.3.1/bin/../lib/gcc/arm-none-eabi/6.3.1/thumb/v7e-m/fpv4-sp/hard/crtbegin.o
 .jcr           0x0000000020002254        0x4 /Users/michaelmcadam/SDK/Nordic_nf52/gcc-arm-none-eabi-6.3.1/bin/../lib/gcc/arm-none-eabi/6.3.1/thumb/v7e-m/fpv4-sp/hard/crtend.o
                0x0000000020002258                . = ALIGN (0x4)
                0x0000000020002258                __data_end__ = .
LOAD /Users/michaelmcadam/SDK/Nordic_nf52/gcc-arm-none-eabi-6.3.1/bin/../lib/gcc/arm-none-eabi/6.3.1/thumb/v7e-m/fpv4-sp/hard/crti.o
LOAD /Users/michaelmcadam/SDK/Nordic_nf52/gcc-arm-none-eabi-6.3.1/bin/../lib/gcc/arm-none-eabi/6.3.1/thumb/v7e-m/fpv4-sp/hard/crtbegin.o
LOAD /Users/michaelmcadam/SDK/Nordic_nf52/gcc-arm-none-eabi-6.3.1/bin/../lib/gcc/arm-none-eabi/6.3.1/../../../../arm-none-eabi/lib/thumb/v7e-m/fpv4-sp/hard/crt0.o
LOAD /Users/michaelmcadam/SDK/Nordic_nf52/gcc-arm-none-eabi-6.3.1/bin/../lib/gcc/arm-none-eabi/6.3.1/../../../../arm-none-eabi/lib/thumb/v7e-m/fpv4-sp/hard/libc_nano.a
LOAD /Users/michaelmcadam/SDK/Nordic_nf52/gcc-arm-none-eabi-6.3.1/bin/../lib/gcc/arm-none-eabi/6.3.1/../../../../arm-none-eabi/lib/thumb/v7e-m/fpv4-sp/hard/libnosys.a
LOAD /Users/michaelmcadam/SDK/Nordic_nf52/gcc-arm-none-eabi-6.3.1/bin/../lib/gcc/arm-none-eabi/6.3.1/../../../../arm-none-eabi/lib/thumb/v7e-m/fpv4-sp/hard/libstdc++_nano.a
LOAD _build/nrf52832_xxaa_nrf_log_backend_serial.c.o
LOAD _build/nrf52832_xxaa_nrf_log_frontend.c.o
LOAD _build/nrf52832_xxaa_app_button.c.o
LOAD _build/nrf52832_xxaa_app_error.c.o
LOAD _build/nrf52832_xxaa_app_error_weak.c.o
LOAD _build/nrf52832_xxaa_app_fifo.c.o
LOAD _build/nrf52832_xxaa_app_scheduler.c.o
LOAD _build/nrf52832_xxaa_app_timer.c.o
LOAD _build/nrf52832_xxaa_app_util_platform.c.o
LOAD _build/nrf52832_xxaa_crc16.c.o
LOAD _build/nrf52832_xxaa_fds.c.o
LOAD _build/nrf52832_xxaa_fstorage.c.o
LOAD _build/nrf52832_xxaa_hardfault_implementation.c.o
LOAD _build/nrf52832_xxaa_nrf_assert.c.o
LOAD _build/nrf52832_xxaa_nrf_strerror.c.o
LOAD _build/nrf52832_xxaa_sdk_mapped_flags.c.o
LOAD _build/nrf52832_xxaa_sensorsim.c.o
LOAD _build/nrf52832_xxaa_boards.c.o
LOAD _build/nrf52832_xxaa_nrf_drv_clock.c.o
LOAD _build/nrf52832_xxaa_nrf_drv_common.c.o
LOAD _build/nrf52832_xxaa_nrf_drv_gpiote.c.o
LOAD _build/nrf52832_xxaa_app_uart_fifo.c.o
LOAD _build/nrf52832_xxaa_nrf_drv_uart.c.o
LOAD _build/nrf52832_xxaa_bsp.c.o
LOAD _build/nrf52832_xxaa_bsp_btn_ble.c.o
LOAD _build/nrf52832_xxaa_bsp_nfc.c.o
LOAD _build/nrf52832_xxaa_RTT_Syscalls_GCC.c.o
LOAD _build/nrf52832_xxaa_SEGGER_RTT.c.o
LOAD _build/nrf52832_xxaa_SEGGER_RTT_printf.c.o
LOAD _build/nrf52832_xxaa_ble_advdata.c.o
LOAD _build/nrf52832_xxaa_ble_advertising.c.o
LOAD _build/nrf52832_xxaa_ble_conn_params.c.o
LOAD _build/nrf52832_xxaa_ble_conn_state.c.o
LOAD _build/nrf52832_xxaa_ble_srv_common.c.o
LOAD _build/nrf52832_xxaa_gatt_cache_manager.c.o
LOAD _build/nrf52832_xxaa_gatts_cache_manager.c.o
LOAD _build/nrf52832_xxaa_id_manager.c.o
LOAD _build/nrf52832_xxaa_nrf_ble_gatt.c.o
LOAD _build/nrf52832_xxaa_peer_data_storage.c.o
LOAD _build/nrf52832_xxaa_peer_database.c.o
LOAD _build/nrf52832_xxaa_peer_id.c.o
LOAD _build/nrf52832_xxaa_peer_manager.c.o
LOAD _build/nrf52832_xxaa_pm_buffer.c.o
LOAD _build/nrf52832_xxaa_pm_mutex.c.o
LOAD _build/nrf52832_xxaa_security_dispatcher.c.o
LOAD _build/nrf52832_xxaa_security_manager.c.o
LOAD _build/nrf52832_xxaa_gcc_startup_nrf52.S.o
LOAD _build/nrf52832_xxaa_system_nrf52.c.o
LOAD _build/nrf52832_xxaa_softdevice_handler.c.o
LOAD _build/nrf52832_xxaa_nrf_drv_saadc.c.o
LOAD _build/nrf52832_xxaa_nrf_saadc.c.o
LOAD _build/nrf52832_xxaa_uart_interface.cpp.o
LOAD _build/nrf52832_xxaa_gpio_interface.cpp.o
LOAD _build/nrf52832_xxaa_adc_interface.cpp.o
LOAD _build/nrf52832_xxaa_timer_interface.cpp.o
LOAD _build/nrf52832_xxaa_ble_lbs.c.o
LOAD _build/nrf52832_xxaa_our_service.c.o
LOAD _build/nrf52832_xxaa_ble_interface.cpp.o
LOAD _build/nrf52832_xxaa_ble_service.cpp.o
LOAD _build/nrf52832_xxaa_ble_characteristic.cpp.o
LOAD _build/nrf52832_xxaa_ble_advertising.cpp.o
LOAD _build/nrf52832_xxaa_main.cpp.o
LOAD /Users/michaelmcadam/SDK/Nordic_nf52/gcc-arm-none-eabi-6.3.1/bin/../lib/gcc/arm-none-eabi/6.3.1/../../../../arm-none-eabi/lib/thumb/v7e-m/fpv4-sp/hard/libm.a
START GROUP
LOAD /Users/michaelmcadam/SDK/Nordic_nf52/gcc-arm-none-eabi-6.3.1/bin/../lib/gcc/arm-none-eabi/6.3.1/thumb/v7e-m/fpv4-sp/hard/libgcc.a
LOAD /Users/michaelmcadam/SDK/Nordic_nf52/gcc-arm-none-eabi-6.3.1/bin/../lib/gcc/arm-none-eabi/6.3.1/../../../../arm-none-eabi/lib/thumb/v7e-m/fpv4-sp/hard/libc_nano.a
END GROUP
START GROUP
LOAD /Users/michaelmcadam/SDK/Nordic_nf52/gcc-arm-none-eabi-6.3.1/bin/../lib/gcc/arm-none-eabi/6.3.1/thumb/v7e-m/fpv4-sp/hard/libgcc.a
LOAD /Users/michaelmcadam/SDK/Nordic_nf52/gcc-arm-none-eabi-6.3.1/bin/../lib/gcc/arm-none-eabi/6.3.1/../../../../arm-none-eabi/lib/thumb/v7e-m/fpv4-sp/hard/libc_nano.a
END GROUP
LOAD /Users/michaelmcadam/SDK/Nordic_nf52/gcc-arm-none-eabi-6.3.1/bin/../lib/gcc/arm-none-eabi/6.3.1/thumb/v7e-m/fpv4-sp/hard/crtend.o
LOAD /Users/michaelmcadam/SDK/Nordic_nf52/gcc-arm-none-eabi-6.3.1/bin/../lib/gcc/arm-none-eabi/6.3.1/thumb/v7e-m/fpv4-sp/hard/crtn.o
START GROUP
LOAD /Users/michaelmcadam/SDK/Nordic_nf52/gcc-arm-none-eabi-6.3.1/bin/../lib/gcc/arm-none-eabi/6.3.1/thumb/v7e-m/fpv4-sp/hard/libgcc.a
LOAD /Users/michaelmcadam/SDK/Nordic_nf52/gcc-arm-none-eabi-6.3.1/bin/../lib/gcc/arm-none-eabi/6.3.1/../../../../arm-none-eabi/lib/thumb/v7e-m/fpv4-sp/hard/libc.a
LOAD /Users/michaelmcadam/SDK/Nordic_nf52/gcc-arm-none-eabi-6.3.1/bin/../lib/gcc/arm-none-eabi/6.3.1/../../../../arm-none-eabi/lib/thumb/v7e-m/fpv4-sp/hard/libnosys.a
END GROUP

.igot.plt       0x0000000020002258        0x0 load address 0x00000000000266dc
 .igot.plt      0x0000000020002258        0x0 /Users/michaelmcadam/SDK/Nordic_nf52/gcc-arm-none-eabi-6.3.1/bin/../lib/gcc/arm-none-eabi/6.3.1/thumb/v7e-m/fpv4-sp/hard/crtbegin.o

.fs_data        0x0000000020002258       0x10 load address 0x00000000000266dc
                0x0000000020002258                PROVIDE (__start_fs_data, .)
 *(.fs_data)
 .fs_data       0x0000000020002258       0x10 _build/nrf52832_xxaa_fds.c.o
                0x0000000020002268                PROVIDE (__stop_fs_data, .)

.bss            0x0000000020002268      0xa9c load address 0x00000000000266ec
                0x0000000020002268                . = ALIGN (0x4)
                0x0000000020002268                __bss_start__ = .
 *(.bss*)
 .bss           0x0000000020002268       0x1c /Users/michaelmcadam/SDK/Nordic_nf52/gcc-arm-none-eabi-6.3.1/bin/../lib/gcc/arm-none-eabi/6.3.1/thumb/v7e-m/fpv4-sp/hard/crtbegin.o
 .bss.m_blocking_mode
                0x0000000020002284        0x1 _build/nrf52832_xxaa_nrf_log_backend_serial.c.o
 .bss.m_initialized
                0x0000000020002285        0x1 _build/nrf52832_xxaa_nrf_log_backend_serial.c.o
 .bss.m_rx_done
                0x0000000020002286        0x1 _build/nrf52832_xxaa_nrf_log_backend_serial.c.o
 *fill*         0x0000000020002287        0x1 
 .bss.m_uart_buffer
                0x0000000020002288      0x100 _build/nrf52832_xxaa_nrf_log_backend_serial.c.o
 .bss.m_log_data
                0x0000000020002388      0x418 _build/nrf52832_xxaa_nrf_log_frontend.c.o
 .bss.m_button_count
                0x00000000200027a0        0x1 _build/nrf52832_xxaa_app_button.c.o
 *fill*         0x00000000200027a1        0x3 
 .bss.m_detection_delay
                0x00000000200027a4        0x4 _build/nrf52832_xxaa_app_button.c.o
 .bss.m_detection_delay_timer_id_data
                0x00000000200027a8       0x20 _build/nrf52832_xxaa_app_button.c.o
 .bss.m_pin_state
                0x00000000200027c8        0x4 _build/nrf52832_xxaa_app_button.c.o
 .bss.m_pin_transition
                0x00000000200027cc        0x4 _build/nrf52832_xxaa_app_button.c.o
 .bss.mp_buttons
                0x00000000200027d0        0x4 _build/nrf52832_xxaa_app_button.c.o
 .bss.m_op_queue
                0x00000000200027d4      0x10c _build/nrf52832_xxaa_app_timer.c.o
 .bss.m_rtc1_reset
                0x00000000200028e0        0x1 _build/nrf52832_xxaa_app_timer.c.o
 .bss.m_rtc1_running
                0x00000000200028e1        0x1 _build/nrf52832_xxaa_app_timer.c.o
 *fill*         0x00000000200028e2        0x2 
 .bss.m_ticks_elapsed
                0x00000000200028e4        0x8 _build/nrf52832_xxaa_app_timer.c.o
 .bss.m_ticks_elapsed_q_read_ind
                0x00000000200028ec        0x1 _build/nrf52832_xxaa_app_timer.c.o
 .bss.m_ticks_elapsed_q_write_ind
                0x00000000200028ed        0x1 _build/nrf52832_xxaa_app_timer.c.o
 *fill*         0x00000000200028ee        0x2 
 .bss.m_ticks_latest
                0x00000000200028f0        0x4 _build/nrf52832_xxaa_app_timer.c.o
 .bss.mp_timer_id_head
                0x00000000200028f4        0x4 _build/nrf52832_xxaa_app_timer.c.o
 .bss.desc.8854
                0x00000000200028f8        0xc _build/nrf52832_xxaa_fds.c.o
 .bss.m_cb_table
                0x0000000020002904       0x20 _build/nrf52832_xxaa_fds.c.o
 .bss.m_chunk_queue
                0x0000000020002924       0x48 _build/nrf52832_xxaa_fds.c.o
 .bss.m_flags   0x000000002000296c        0x1 _build/nrf52832_xxaa_fds.c.o
 *fill*         0x000000002000296d        0x3 
 .bss.m_gc      0x0000000020002970       0x10 _build/nrf52832_xxaa_fds.c.o
 .bss.m_op_queue
                0x0000000020002980       0x78 _build/nrf52832_xxaa_fds.c.o
 .bss.m_pages   0x00000000200029f8       0x20 _build/nrf52832_xxaa_fds.c.o
 .bss.m_swap_page
                0x0000000020002a18        0x8 _build/nrf52832_xxaa_fds.c.o
 .bss.page.8855
                0x0000000020002a20        0x2 _build/nrf52832_xxaa_fds.c.o
 *fill*         0x0000000020002a22        0x2 
 .bss.tok.8760  0x0000000020002a24        0x8 _build/nrf52832_xxaa_fds.c.o
 .bss.m_flags   0x0000000020002a2c        0x1 _build/nrf52832_xxaa_fstorage.c.o
 *fill*         0x0000000020002a2d        0x3 
 .bss.m_queue   0x0000000020002a30       0x68 _build/nrf52832_xxaa_fstorage.c.o
 .bss.m_clock_cb
                0x0000000020002a98       0x14 _build/nrf52832_xxaa_nrf_drv_clock.c.o
 .bss.m_cb      0x0000000020002aac       0x58 _build/nrf52832_xxaa_nrf_drv_gpiote.c.o
 .bss.m_cb      0x0000000020002b04       0x20 _build/nrf52832_xxaa_nrf_drv_uart.c.o
 .bss.m_change_param
                0x0000000020002b24        0x1 _build/nrf52832_xxaa_ble_conn_params.c.o
 *fill*         0x0000000020002b25        0x1 
 .bss.m_conn_handle
                0x0000000020002b26        0x2 _build/nrf52832_xxaa_ble_conn_params.c.o
 .bss.m_conn_params_config
                0x0000000020002b28       0x1c _build/nrf52832_xxaa_ble_conn_params.c.o
 .bss.m_conn_params_timer_id_data
                0x0000000020002b44       0x20 _build/nrf52832_xxaa_ble_conn_params.c.o
 .bss.m_current_conn_params
                0x0000000020002b64        0x8 _build/nrf52832_xxaa_ble_conn_params.c.o
 .bss.m_preferred_conn_params
                0x0000000020002b6c        0x8 _build/nrf52832_xxaa_ble_conn_params.c.o
 .bss.m_update_count
                0x0000000020002b74        0x1 _build/nrf52832_xxaa_ble_conn_params.c.o
 *fill*         0x0000000020002b75        0x1 
 .bss.m_ble_evt_buffer_size
                0x0000000020002b76        0x2 _build/nrf52832_xxaa_softdevice_handler.c.o
 .bss.m_ble_evt_handler
                0x0000000020002b78        0x4 _build/nrf52832_xxaa_softdevice_handler.c.o
 .bss.m_evt_schedule_func
                0x0000000020002b7c        0x4 _build/nrf52832_xxaa_softdevice_handler.c.o
 .bss.m_softdevice_enabled
                0x0000000020002b80        0x1 _build/nrf52832_xxaa_softdevice_handler.c.o
 .bss.m_suspended
                0x0000000020002b81        0x1 _build/nrf52832_xxaa_softdevice_handler.c.o
 *fill*         0x0000000020002b82        0x2 
 .bss.m_sys_evt_handler
                0x0000000020002b84        0x4 _build/nrf52832_xxaa_softdevice_handler.c.o
 .bss.mp_ble_evt_buffer
                0x0000000020002b88        0x4 _build/nrf52832_xxaa_softdevice_handler.c.o
 .bss.m_cb      0x0000000020002b8c       0x30 _build/nrf52832_xxaa_nrf_drv_saadc.c.o
 .bss._ZL5m_lbs
                0x0000000020002bbc       0x18 _build/nrf52832_xxaa_ble_interface.cpp.o
 .bss._ZL6m_gatt
                0x0000000020002bd4       0x1c _build/nrf52832_xxaa_ble_interface.cpp.o
 .bss._ZN3BLE3advE
                0x0000000020002bf0       0x98 _build/nrf52832_xxaa_ble_interface.cpp.o
                0x0000000020002bf0                BLE::adv
 .bss._ZZN3BLE14ble_stack_initEvE14BLE_EVT_BUFFER
                0x0000000020002c88       0x50 _build/nrf52832_xxaa_ble_interface.cpp.o
 .bss.m_our_service
                0x0000000020002cd8        0xe _build/nrf52832_xxaa_ble_interface.cpp.o
                0x0000000020002cd8                m_our_service
 *fill*         0x0000000020002ce6        0x2 
 .bss.__malloc_free_list
                0x0000000020002ce8        0x4 /Users/michaelmcadam/SDK/Nordic_nf52/gcc-arm-none-eabi-6.3.1/bin/../lib/gcc/arm-none-eabi/6.3.1/../../../../arm-none-eabi/lib/thumb/v7e-m/fpv4-sp/hard/libc_nano.a(lib_a-nano-mallocr.o)
                0x0000000020002ce8                __malloc_free_list
 .bss.__malloc_sbrk_start
                0x0000000020002cec        0x4 /Users/michaelmcadam/SDK/Nordic_nf52/gcc-arm-none-eabi-6.3.1/bin/../lib/gcc/arm-none-eabi/6.3.1/../../../../arm-none-eabi/lib/thumb/v7e-m/fpv4-sp/hard/libc_nano.a(lib_a-nano-mallocr.o)
                0x0000000020002cec                __malloc_sbrk_start
 .bss.heap_end.5239
                0x0000000020002cf0        0x4 /Users/michaelmcadam/SDK/Nordic_nf52/gcc-arm-none-eabi-6.3.1/bin/../lib/gcc/arm-none-eabi/6.3.1/../../../../arm-none-eabi/lib/thumb/v7e-m/fpv4-sp/hard/libnosys.a(sbrk.o)
 *(COMMON)
 COMMON         0x0000000020002cf4        0xc _build/nrf52832_xxaa_app_util_platform.c.o
                0x0000000020002cf4                nrf_nvic_state
 COMMON         0x0000000020002d00        0x4 /Users/michaelmcadam/SDK/Nordic_nf52/gcc-arm-none-eabi-6.3.1/bin/../lib/gcc/arm-none-eabi/6.3.1/../../../../arm-none-eabi/lib/thumb/v7e-m/fpv4-sp/hard/libc_nano.a(lib_a-reent.o)
                0x0000000020002d00                errno
                0x0000000020002d04                . = ALIGN (0x4)
                0x0000000020002d04                __bss_end__ = .

.heap           0x0000000020002d08     0x2000
                0x0000000020002d08                __HeapBase = .
                0x0000000020002d08                __end__ = .
                0x0000000020002d08                PROVIDE (end, .)
 *(.heap*)
 .heap          0x0000000020002d08     0x2000 _build/nrf52832_xxaa_gcc_startup_nrf52.S.o
                0x0000000020004d08                __HeapLimit = .

.stack_dummy    0x0000000020002d08     0x2000
 *(.stack*)
 .stack         0x0000000020002d08     0x2000 _build/nrf52832_xxaa_gcc_startup_nrf52.S.o
                0x0000000020010000                __StackTop = (ORIGIN (RAM) + LENGTH (RAM))
                0x000000002000e000                __StackLimit = (__StackTop - SIZEOF (.stack_dummy))
                0x0000000020010000                PROVIDE (__stack, __StackTop)
                0x0000000000000001                ASSERT ((__StackLimit >= __HeapLimit), region RAM overflowed with stack)
OUTPUT(_build/nrf52832_xxaa.out elf32-littlearm)

.ARM.attributes
                0x0000000000000000       0x30
 .ARM.attributes
                0x0000000000000000       0x22 /Users/michaelmcadam/SDK/Nordic_nf52/gcc-arm-none-eabi-6.3.1/bin/../lib/gcc/arm-none-eabi/6.3.1/thumb/v7e-m/fpv4-sp/hard/crti.o
 .ARM.attributes
                0x0000000000000022       0x34 /Users/michaelmcadam/SDK/Nordic_nf52/gcc-arm-none-eabi-6.3.1/bin/../lib/gcc/arm-none-eabi/6.3.1/thumb/v7e-m/fpv4-sp/hard/crtbegin.o
 .ARM.attributes
                0x0000000000000056       0x20 /Users/michaelmcadam/SDK/Nordic_nf52/gcc-arm-none-eabi-6.3.1/bin/../lib/gcc/arm-none-eabi/6.3.1/../../../../arm-none-eabi/lib/thumb/v7e-m/fpv4-sp/hard/crt0.o
 .ARM.attributes
                0x0000000000000076       0x34 /Users/michaelmcadam/SDK/Nordic_nf52/gcc-arm-none-eabi-6.3.1/bin/../lib/gcc/arm-none-eabi/6.3.1/../../../../arm-none-eabi/lib/thumb/v7e-m/fpv4-sp/hard/libc_nano.a(lib_a-exit.o)
 .ARM.attributes
                0x00000000000000aa       0x34 /Users/michaelmcadam/SDK/Nordic_nf52/gcc-arm-none-eabi-6.3.1/bin/../lib/gcc/arm-none-eabi/6.3.1/../../../../arm-none-eabi/lib/thumb/v7e-m/fpv4-sp/hard/libc_nano.a(lib_a-impure.o)
 .ARM.attributes
                0x00000000000000de       0x34 /Users/michaelmcadam/SDK/Nordic_nf52/gcc-arm-none-eabi-6.3.1/bin/../lib/gcc/arm-none-eabi/6.3.1/../../../../arm-none-eabi/lib/thumb/v7e-m/fpv4-sp/hard/libc_nano.a(lib_a-init.o)
 .ARM.attributes
                0x0000000000000112       0x34 /Users/michaelmcadam/SDK/Nordic_nf52/gcc-arm-none-eabi-6.3.1/bin/../lib/gcc/arm-none-eabi/6.3.1/../../../../arm-none-eabi/lib/thumb/v7e-m/fpv4-sp/hard/libc_nano.a(lib_a-memset.o)
 .ARM.attributes
                0x0000000000000146       0x34 /Users/michaelmcadam/SDK/Nordic_nf52/gcc-arm-none-eabi-6.3.1/bin/../lib/gcc/arm-none-eabi/6.3.1/../../../../arm-none-eabi/lib/thumb/v7e-m/fpv4-sp/hard/libnosys.a(_exit.o)
 .ARM.attributes
                0x000000000000017a       0x39 _build/nrf52832_xxaa_nrf_log_backend_serial.c.o
 .ARM.attributes
                0x00000000000001b3       0x39 _build/nrf52832_xxaa_nrf_log_frontend.c.o
 .ARM.attributes
                0x00000000000001ec       0x39 _build/nrf52832_xxaa_app_button.c.o
 .ARM.attributes
                0x0000000000000225       0x39 _build/nrf52832_xxaa_app_error.c.o
 .ARM.attributes
                0x000000000000025e       0x39 _build/nrf52832_xxaa_app_error_weak.c.o
 .ARM.attributes
                0x0000000000000297       0x39 _build/nrf52832_xxaa_app_timer.c.o
 .ARM.attributes
                0x00000000000002d0       0x39 _build/nrf52832_xxaa_app_util_platform.c.o
 .ARM.attributes
                0x0000000000000309       0x39 _build/nrf52832_xxaa_fds.c.o
 .ARM.attributes
                0x0000000000000342       0x39 _build/nrf52832_xxaa_fstorage.c.o
 .ARM.attributes
                0x000000000000037b       0x39 _build/nrf52832_xxaa_boards.c.o
 .ARM.attributes
                0x00000000000003b4       0x39 _build/nrf52832_xxaa_nrf_drv_clock.c.o
 .ARM.attributes
                0x00000000000003ed       0x39 _build/nrf52832_xxaa_nrf_drv_common.c.o
 .ARM.attributes
                0x0000000000000426       0x39 _build/nrf52832_xxaa_nrf_drv_gpiote.c.o
 .ARM.attributes
                0x000000000000045f       0x39 _build/nrf52832_xxaa_nrf_drv_uart.c.o
 .ARM.attributes
                0x0000000000000498       0x39 _build/nrf52832_xxaa_ble_advdata.c.o
 .ARM.attributes
                0x00000000000004d1       0x39 _build/nrf52832_xxaa_ble_conn_params.c.o
 .ARM.attributes
                0x000000000000050a       0x39 _build/nrf52832_xxaa_ble_srv_common.c.o
 .ARM.attributes
                0x0000000000000543       0x39 _build/nrf52832_xxaa_nrf_ble_gatt.c.o
 .ARM.attributes
                0x000000000000057c       0x1c _build/nrf52832_xxaa_gcc_startup_nrf52.S.o
 .ARM.attributes
                0x0000000000000598       0x39 _build/nrf52832_xxaa_system_nrf52.c.o
 .ARM.attributes
                0x00000000000005d1       0x39 _build/nrf52832_xxaa_softdevice_handler.c.o
 .ARM.attributes
                0x000000000000060a       0x39 _build/nrf52832_xxaa_nrf_drv_saadc.c.o
 .ARM.attributes
                0x0000000000000643       0x39 _build/nrf52832_xxaa_ble_lbs.c.o
 .ARM.attributes
                0x000000000000067c       0x39 _build/nrf52832_xxaa_our_service.c.o
 .ARM.attributes
                0x00000000000006b5       0x39 _build/nrf52832_xxaa_ble_interface.cpp.o
 .ARM.attributes
                0x00000000000006ee       0x39 _build/nrf52832_xxaa_ble_service.cpp.o
 .ARM.attributes
                0x0000000000000727       0x39 _build/nrf52832_xxaa_ble_characteristic.cpp.o
 .ARM.attributes
                0x0000000000000760       0x39 _build/nrf52832_xxaa_ble_advertising.cpp.o
 .ARM.attributes
                0x0000000000000799       0x34 /Users/michaelmcadam/SDK/Nordic_nf52/gcc-arm-none-eabi-6.3.1/bin/../lib/gcc/arm-none-eabi/6.3.1/../../../../arm-none-eabi/lib/thumb/v7e-m/fpv4-sp/hard/libc_nano.a(lib_a-locale.o)
 .ARM.attributes
                0x00000000000007cd       0x34 /Users/michaelmcadam/SDK/Nordic_nf52/gcc-arm-none-eabi-6.3.1/bin/../lib/gcc/arm-none-eabi/6.3.1/../../../../arm-none-eabi/lib/thumb/v7e-m/fpv4-sp/hard/libc_nano.a(lib_a-mbtowc_r.o)
 .ARM.attributes
                0x0000000000000801       0x34 /Users/michaelmcadam/SDK/Nordic_nf52/gcc-arm-none-eabi-6.3.1/bin/../lib/gcc/arm-none-eabi/6.3.1/../../../../arm-none-eabi/lib/thumb/v7e-m/fpv4-sp/hard/libc_nano.a(lib_a-memcpy-stub.o)
 .ARM.attributes
                0x0000000000000835       0x34 /Users/michaelmcadam/SDK/Nordic_nf52/gcc-arm-none-eabi-6.3.1/bin/../lib/gcc/arm-none-eabi/6.3.1/../../../../arm-none-eabi/lib/thumb/v7e-m/fpv4-sp/hard/libc_nano.a(lib_a-nano-freer.o)
 .ARM.attributes
                0x0000000000000869       0x34 /Users/michaelmcadam/SDK/Nordic_nf52/gcc-arm-none-eabi-6.3.1/bin/../lib/gcc/arm-none-eabi/6.3.1/../../../../arm-none-eabi/lib/thumb/v7e-m/fpv4-sp/hard/libc_nano.a(lib_a-nano-mallocr.o)
 .ARM.attributes
                0x000000000000089d       0x34 /Users/michaelmcadam/SDK/Nordic_nf52/gcc-arm-none-eabi-6.3.1/bin/../lib/gcc/arm-none-eabi/6.3.1/../../../../arm-none-eabi/lib/thumb/v7e-m/fpv4-sp/hard/libc_nano.a(lib_a-sbrkr.o)
 .ARM.attributes
                0x00000000000008d1       0x34 /Users/michaelmcadam/SDK/Nordic_nf52/gcc-arm-none-eabi-6.3.1/bin/../lib/gcc/arm-none-eabi/6.3.1/../../../../arm-none-eabi/lib/thumb/v7e-m/fpv4-sp/hard/libc_nano.a(lib_a-snprintf.o)
 .ARM.attributes
                0x0000000000000905       0x1b /Users/michaelmcadam/SDK/Nordic_nf52/gcc-arm-none-eabi-6.3.1/bin/../lib/gcc/arm-none-eabi/6.3.1/../../../../arm-none-eabi/lib/thumb/v7e-m/fpv4-sp/hard/libc_nano.a(lib_a-strlen.o)
 .ARM.attributes
                0x0000000000000920       0x34 /Users/michaelmcadam/SDK/Nordic_nf52/gcc-arm-none-eabi-6.3.1/bin/../lib/gcc/arm-none-eabi/6.3.1/../../../../arm-none-eabi/lib/thumb/v7e-m/fpv4-sp/hard/libc_nano.a(lib_a-wctomb_r.o)
 .ARM.attributes
                0x0000000000000954       0x34 /Users/michaelmcadam/SDK/Nordic_nf52/gcc-arm-none-eabi-6.3.1/bin/../lib/gcc/arm-none-eabi/6.3.1/../../../../arm-none-eabi/lib/thumb/v7e-m/fpv4-sp/hard/libc_nano.a(lib_a-ctype_.o)
 .ARM.attributes
                0x0000000000000988       0x34 /Users/michaelmcadam/SDK/Nordic_nf52/gcc-arm-none-eabi-6.3.1/bin/../lib/gcc/arm-none-eabi/6.3.1/../../../../arm-none-eabi/lib/thumb/v7e-m/fpv4-sp/hard/libc_nano.a(lib_a-mlock.o)
 .ARM.attributes
                0x00000000000009bc       0x34 /Users/michaelmcadam/SDK/Nordic_nf52/gcc-arm-none-eabi-6.3.1/bin/../lib/gcc/arm-none-eabi/6.3.1/../../../../arm-none-eabi/lib/thumb/v7e-m/fpv4-sp/hard/libc_nano.a(lib_a-nano-svfprintf.o)
 .ARM.attributes
                0x00000000000009f0       0x34 /Users/michaelmcadam/SDK/Nordic_nf52/gcc-arm-none-eabi-6.3.1/bin/../lib/gcc/arm-none-eabi/6.3.1/../../../../arm-none-eabi/lib/thumb/v7e-m/fpv4-sp/hard/libc_nano.a(lib_a-nano-vfprintf_i.o)
 .ARM.attributes
                0x0000000000000a24       0x34 /Users/michaelmcadam/SDK/Nordic_nf52/gcc-arm-none-eabi-6.3.1/bin/../lib/gcc/arm-none-eabi/6.3.1/../../../../arm-none-eabi/lib/thumb/v7e-m/fpv4-sp/hard/libc_nano.a(lib_a-reent.o)
 .ARM.attributes
                0x0000000000000a58       0x20 /Users/michaelmcadam/SDK/Nordic_nf52/gcc-arm-none-eabi-6.3.1/bin/../lib/gcc/arm-none-eabi/6.3.1/../../../../arm-none-eabi/lib/thumb/v7e-m/fpv4-sp/hard/libc_nano.a(lib_a-memchr.o)
 .ARM.attributes
                0x0000000000000a78       0x34 /Users/michaelmcadam/SDK/Nordic_nf52/gcc-arm-none-eabi-6.3.1/bin/../lib/gcc/arm-none-eabi/6.3.1/../../../../arm-none-eabi/lib/thumb/v7e-m/fpv4-sp/hard/libc_nano.a(lib_a-memmove.o)
 .ARM.attributes
                0x0000000000000aac       0x34 /Users/michaelmcadam/SDK/Nordic_nf52/gcc-arm-none-eabi-6.3.1/bin/../lib/gcc/arm-none-eabi/6.3.1/../../../../arm-none-eabi/lib/thumb/v7e-m/fpv4-sp/hard/libc_nano.a(lib_a-nano-reallocr.o)
 .ARM.attributes
                0x0000000000000ae0       0x34 /Users/michaelmcadam/SDK/Nordic_nf52/gcc-arm-none-eabi-6.3.1/bin/../lib/gcc/arm-none-eabi/6.3.1/../../../../arm-none-eabi/lib/thumb/v7e-m/fpv4-sp/hard/libc_nano.a(lib_a-nano-msizer.o)
 .ARM.attributes
                0x0000000000000b14       0x34 /Users/michaelmcadam/SDK/Nordic_nf52/gcc-arm-none-eabi-6.3.1/bin/../lib/gcc/arm-none-eabi/6.3.1/thumb/v7e-m/fpv4-sp/hard/crtend.o
 .ARM.attributes
                0x0000000000000b48       0x22 /Users/michaelmcadam/SDK/Nordic_nf52/gcc-arm-none-eabi-6.3.1/bin/../lib/gcc/arm-none-eabi/6.3.1/thumb/v7e-m/fpv4-sp/hard/crtn.o
 .ARM.attributes
                0x0000000000000b6a       0x34 /Users/michaelmcadam/SDK/Nordic_nf52/gcc-arm-none-eabi-6.3.1/bin/../lib/gcc/arm-none-eabi/6.3.1/../../../../arm-none-eabi/lib/thumb/v7e-m/fpv4-sp/hard/libnosys.a(sbrk.o)

.comment        0x0000000000000000       0x7f
 .comment       0x0000000000000000       0x7f _build/nrf52832_xxaa_nrf_log_backend_serial.c.o
                                         0x80 (size before relaxing)
 .comment       0x000000000000007f       0x80 _build/nrf52832_xxaa_nrf_log_frontend.c.o
 .comment       0x000000000000007f       0x80 _build/nrf52832_xxaa_app_button.c.o
 .comment       0x000000000000007f       0x80 _build/nrf52832_xxaa_app_error.c.o
 .comment       0x000000000000007f       0x80 _build/nrf52832_xxaa_app_error_weak.c.o
 .comment       0x000000000000007f       0x80 _build/nrf52832_xxaa_app_timer.c.o
 .comment       0x000000000000007f       0x80 _build/nrf52832_xxaa_app_util_platform.c.o
 .comment       0x000000000000007f       0x80 _build/nrf52832_xxaa_fds.c.o
 .comment       0x000000000000007f       0x80 _build/nrf52832_xxaa_fstorage.c.o
 .comment       0x000000000000007f       0x80 _build/nrf52832_xxaa_boards.c.o
 .comment       0x000000000000007f       0x80 _build/nrf52832_xxaa_nrf_drv_clock.c.o
 .comment       0x000000000000007f       0x80 _build/nrf52832_xxaa_nrf_drv_common.c.o
 .comment       0x000000000000007f       0x80 _build/nrf52832_xxaa_nrf_drv_gpiote.c.o
 .comment       0x000000000000007f       0x80 _build/nrf52832_xxaa_nrf_drv_uart.c.o
 .comment       0x000000000000007f       0x80 _build/nrf52832_xxaa_ble_advdata.c.o
 .comment       0x000000000000007f       0x80 _build/nrf52832_xxaa_ble_conn_params.c.o
 .comment       0x000000000000007f       0x80 _build/nrf52832_xxaa_ble_srv_common.c.o
 .comment       0x000000000000007f       0x80 _build/nrf52832_xxaa_nrf_ble_gatt.c.o
 .comment       0x000000000000007f       0x80 _build/nrf52832_xxaa_system_nrf52.c.o
 .comment       0x000000000000007f       0x80 _build/nrf52832_xxaa_softdevice_handler.c.o
 .comment       0x000000000000007f       0x80 _build/nrf52832_xxaa_nrf_drv_saadc.c.o
 .comment       0x000000000000007f       0x80 _build/nrf52832_xxaa_ble_lbs.c.o
 .comment       0x000000000000007f       0x80 _build/nrf52832_xxaa_our_service.c.o
 .comment       0x000000000000007f       0x80 _build/nrf52832_xxaa_ble_interface.cpp.o
 .comment       0x000000000000007f       0x80 _build/nrf52832_xxaa_ble_service.cpp.o
 .comment       0x000000000000007f       0x80 _build/nrf52832_xxaa_ble_characteristic.cpp.o
 .comment       0x000000000000007f       0x80 _build/nrf52832_xxaa_ble_advertising.cpp.o

.debug_frame    0x0000000000000000     0x295c
 .debug_frame   0x0000000000000000       0x28 /Users/michaelmcadam/SDK/Nordic_nf52/gcc-arm-none-eabi-6.3.1/bin/../lib/gcc/arm-none-eabi/6.3.1/../../../../arm-none-eabi/lib/thumb/v7e-m/fpv4-sp/hard/libc_nano.a(lib_a-exit.o)
 .debug_frame   0x0000000000000028       0x2c /Users/michaelmcadam/SDK/Nordic_nf52/gcc-arm-none-eabi-6.3.1/bin/../lib/gcc/arm-none-eabi/6.3.1/../../../../arm-none-eabi/lib/thumb/v7e-m/fpv4-sp/hard/libc_nano.a(lib_a-init.o)
 .debug_frame   0x0000000000000054       0x20 /Users/michaelmcadam/SDK/Nordic_nf52/gcc-arm-none-eabi-6.3.1/bin/../lib/gcc/arm-none-eabi/6.3.1/../../../../arm-none-eabi/lib/thumb/v7e-m/fpv4-sp/hard/libc_nano.a(lib_a-memset.o)
 .debug_frame   0x0000000000000074       0x20 /Users/michaelmcadam/SDK/Nordic_nf52/gcc-arm-none-eabi-6.3.1/bin/../lib/gcc/arm-none-eabi/6.3.1/../../../../arm-none-eabi/lib/thumb/v7e-m/fpv4-sp/hard/libnosys.a(_exit.o)
 .debug_frame   0x0000000000000094       0xe8 _build/nrf52832_xxaa_nrf_log_backend_serial.c.o
 .debug_frame   0x000000000000017c      0x294 _build/nrf52832_xxaa_nrf_log_frontend.c.o
 .debug_frame   0x0000000000000410       0xe0 _build/nrf52832_xxaa_app_button.c.o
 .debug_frame   0x00000000000004f0       0x70 _build/nrf52832_xxaa_app_error.c.o
 .debug_frame   0x0000000000000560       0x28 _build/nrf52832_xxaa_app_error_weak.c.o
 .debug_frame   0x0000000000000588      0x160 _build/nrf52832_xxaa_app_timer.c.o
 .debug_frame   0x00000000000006e8       0x90 _build/nrf52832_xxaa_app_util_platform.c.o
 .debug_frame   0x0000000000000778      0x3f8 _build/nrf52832_xxaa_fds.c.o
 .debug_frame   0x0000000000000b70      0x17c _build/nrf52832_xxaa_fstorage.c.o
 .debug_frame   0x0000000000000cec      0x104 _build/nrf52832_xxaa_boards.c.o
 .debug_frame   0x0000000000000df0      0x1f8 _build/nrf52832_xxaa_nrf_drv_clock.c.o
 .debug_frame   0x0000000000000fe8       0x3c _build/nrf52832_xxaa_nrf_drv_common.c.o
 .debug_frame   0x0000000000001024      0x268 _build/nrf52832_xxaa_nrf_drv_gpiote.c.o
 .debug_frame   0x000000000000128c      0x1c0 _build/nrf52832_xxaa_nrf_drv_uart.c.o
 .debug_frame   0x000000000000144c      0x104 _build/nrf52832_xxaa_ble_advdata.c.o
 .debug_frame   0x0000000000001550      0x138 _build/nrf52832_xxaa_ble_conn_params.c.o
 .debug_frame   0x0000000000001688       0xcc _build/nrf52832_xxaa_ble_srv_common.c.o
 .debug_frame   0x0000000000001754       0xe4 _build/nrf52832_xxaa_nrf_ble_gatt.c.o
 .debug_frame   0x0000000000001838       0x48 _build/nrf52832_xxaa_system_nrf52.c.o
 .debug_frame   0x0000000000001880      0x1b0 _build/nrf52832_xxaa_softdevice_handler.c.o
 .debug_frame   0x0000000000001a30      0x1f8 _build/nrf52832_xxaa_nrf_drv_saadc.c.o
 .debug_frame   0x0000000000001c28       0xb8 _build/nrf52832_xxaa_ble_lbs.c.o
 .debug_frame   0x0000000000001ce0       0xb0 _build/nrf52832_xxaa_our_service.c.o
 .debug_frame   0x0000000000001d90      0x3ac _build/nrf52832_xxaa_ble_interface.cpp.o
 .debug_frame   0x000000000000213c      0x130 _build/nrf52832_xxaa_ble_service.cpp.o
 .debug_frame   0x000000000000226c      0x14c _build/nrf52832_xxaa_ble_characteristic.cpp.o
 .debug_frame   0x00000000000023b8      0x164 _build/nrf52832_xxaa_ble_advertising.cpp.o
 .debug_frame   0x000000000000251c       0x68 /Users/michaelmcadam/SDK/Nordic_nf52/gcc-arm-none-eabi-6.3.1/bin/../lib/gcc/arm-none-eabi/6.3.1/../../../../arm-none-eabi/lib/thumb/v7e-m/fpv4-sp/hard/libc_nano.a(lib_a-locale.o)
 .debug_frame   0x0000000000002584       0x48 /Users/michaelmcadam/SDK/Nordic_nf52/gcc-arm-none-eabi-6.3.1/bin/../lib/gcc/arm-none-eabi/6.3.1/../../../../arm-none-eabi/lib/thumb/v7e-m/fpv4-sp/hard/libc_nano.a(lib_a-mbtowc_r.o)
 .debug_frame   0x00000000000025cc       0x28 /Users/michaelmcadam/SDK/Nordic_nf52/gcc-arm-none-eabi-6.3.1/bin/../lib/gcc/arm-none-eabi/6.3.1/../../../../arm-none-eabi/lib/thumb/v7e-m/fpv4-sp/hard/libc_nano.a(lib_a-memcpy-stub.o)
 .debug_frame   0x00000000000025f4       0x38 /Users/michaelmcadam/SDK/Nordic_nf52/gcc-arm-none-eabi-6.3.1/bin/../lib/gcc/arm-none-eabi/6.3.1/../../../../arm-none-eabi/lib/thumb/v7e-m/fpv4-sp/hard/libc_nano.a(lib_a-nano-freer.o)
 .debug_frame   0x000000000000262c       0x2c /Users/michaelmcadam/SDK/Nordic_nf52/gcc-arm-none-eabi-6.3.1/bin/../lib/gcc/arm-none-eabi/6.3.1/../../../../arm-none-eabi/lib/thumb/v7e-m/fpv4-sp/hard/libc_nano.a(lib_a-nano-mallocr.o)
 .debug_frame   0x0000000000002658       0x2c /Users/michaelmcadam/SDK/Nordic_nf52/gcc-arm-none-eabi-6.3.1/bin/../lib/gcc/arm-none-eabi/6.3.1/../../../../arm-none-eabi/lib/thumb/v7e-m/fpv4-sp/hard/libc_nano.a(lib_a-sbrkr.o)
 .debug_frame   0x0000000000002684       0x7c /Users/michaelmcadam/SDK/Nordic_nf52/gcc-arm-none-eabi-6.3.1/bin/../lib/gcc/arm-none-eabi/6.3.1/../../../../arm-none-eabi/lib/thumb/v7e-m/fpv4-sp/hard/libc_nano.a(lib_a-snprintf.o)
 .debug_frame   0x0000000000002700       0x3c /Users/michaelmcadam/SDK/Nordic_nf52/gcc-arm-none-eabi-6.3.1/bin/../lib/gcc/arm-none-eabi/6.3.1/../../../../arm-none-eabi/lib/thumb/v7e-m/fpv4-sp/hard/libc_nano.a(lib_a-wctomb_r.o)
 .debug_frame   0x000000000000273c       0x30 /Users/michaelmcadam/SDK/Nordic_nf52/gcc-arm-none-eabi-6.3.1/bin/../lib/gcc/arm-none-eabi/6.3.1/../../../../arm-none-eabi/lib/thumb/v7e-m/fpv4-sp/hard/libc_nano.a(lib_a-mlock.o)
 .debug_frame   0x000000000000276c       0x90 /Users/michaelmcadam/SDK/Nordic_nf52/gcc-arm-none-eabi-6.3.1/bin/../lib/gcc/arm-none-eabi/6.3.1/../../../../arm-none-eabi/lib/thumb/v7e-m/fpv4-sp/hard/libc_nano.a(lib_a-nano-svfprintf.o)
 .debug_frame   0x00000000000027fc       0x60 /Users/michaelmcadam/SDK/Nordic_nf52/gcc-arm-none-eabi-6.3.1/bin/../lib/gcc/arm-none-eabi/6.3.1/../../../../arm-none-eabi/lib/thumb/v7e-m/fpv4-sp/hard/libc_nano.a(lib_a-nano-vfprintf_i.o)
 .debug_frame   0x000000000000285c       0x5c /Users/michaelmcadam/SDK/Nordic_nf52/gcc-arm-none-eabi-6.3.1/bin/../lib/gcc/arm-none-eabi/6.3.1/../../../../arm-none-eabi/lib/thumb/v7e-m/fpv4-sp/hard/libc_nano.a(lib_a-reent.o)
 .debug_frame   0x00000000000028b8       0x28 /Users/michaelmcadam/SDK/Nordic_nf52/gcc-arm-none-eabi-6.3.1/bin/../lib/gcc/arm-none-eabi/6.3.1/../../../../arm-none-eabi/lib/thumb/v7e-m/fpv4-sp/hard/libc_nano.a(lib_a-memmove.o)
 .debug_frame   0x00000000000028e0       0x3c /Users/michaelmcadam/SDK/Nordic_nf52/gcc-arm-none-eabi-6.3.1/bin/../lib/gcc/arm-none-eabi/6.3.1/../../../../arm-none-eabi/lib/thumb/v7e-m/fpv4-sp/hard/libc_nano.a(lib_a-nano-reallocr.o)
 .debug_frame   0x000000000000291c       0x20 /Users/michaelmcadam/SDK/Nordic_nf52/gcc-arm-none-eabi-6.3.1/bin/../lib/gcc/arm-none-eabi/6.3.1/../../../../arm-none-eabi/lib/thumb/v7e-m/fpv4-sp/hard/libc_nano.a(lib_a-nano-msizer.o)
 .debug_frame   0x000000000000293c       0x20 /Users/michaelmcadam/SDK/Nordic_nf52/gcc-arm-none-eabi-6.3.1/bin/../lib/gcc/arm-none-eabi/6.3.1/../../../../arm-none-eabi/lib/thumb/v7e-m/fpv4-sp/hard/libnosys.a(sbrk.o)

.debug_info     0x0000000000000000    0x3b130
 .debug_info    0x0000000000000000     0x1e08 _build/nrf52832_xxaa_nrf_log_backend_serial.c.o
 .debug_info    0x0000000000001e08     0x1d69 _build/nrf52832_xxaa_nrf_log_frontend.c.o
 .debug_info    0x0000000000003b71      0xe44 _build/nrf52832_xxaa_app_button.c.o
 .debug_info    0x00000000000049b5      0xbc6 _build/nrf52832_xxaa_app_error.c.o
 .debug_info    0x000000000000557b      0xc10 _build/nrf52832_xxaa_app_error_weak.c.o
 .debug_info    0x000000000000618b     0x2343 _build/nrf52832_xxaa_app_timer.c.o
 .debug_info    0x00000000000084ce     0x1199 _build/nrf52832_xxaa_app_util_platform.c.o
 .debug_info    0x0000000000009667     0x40ee _build/nrf52832_xxaa_fds.c.o
 .debug_info    0x000000000000d755     0x1ad5 _build/nrf52832_xxaa_fstorage.c.o
 .debug_info    0x000000000000f22a     0x1407 _build/nrf52832_xxaa_boards.c.o
 .debug_info    0x0000000000010631     0x1f1c _build/nrf52832_xxaa_nrf_drv_clock.c.o
 .debug_info    0x000000000001254d      0xed4 _build/nrf52832_xxaa_nrf_drv_common.c.o
 .debug_info    0x0000000000013421     0x300e _build/nrf52832_xxaa_nrf_drv_gpiote.c.o
 .debug_info    0x000000000001642f     0x4c18 _build/nrf52832_xxaa_nrf_drv_uart.c.o
 .debug_info    0x000000000001b047     0x236c _build/nrf52832_xxaa_ble_advdata.c.o
 .debug_info    0x000000000001d3b3     0x2477 _build/nrf52832_xxaa_ble_conn_params.c.o
 .debug_info    0x000000000001f82a     0x150f _build/nrf52832_xxaa_ble_srv_common.c.o
 .debug_info    0x0000000000020d39     0x28ed _build/nrf52832_xxaa_nrf_ble_gatt.c.o
 .debug_info    0x0000000000023626      0xdee _build/nrf52832_xxaa_system_nrf52.c.o
 .debug_info    0x0000000000024414     0x2f2f _build/nrf52832_xxaa_softdevice_handler.c.o
 .debug_info    0x0000000000027343     0x2871 _build/nrf52832_xxaa_nrf_drv_saadc.c.o
 .debug_info    0x0000000000029bb4     0x2537 _build/nrf52832_xxaa_ble_lbs.c.o
 .debug_info    0x000000000002c0eb     0x2476 _build/nrf52832_xxaa_our_service.c.o
 .debug_info    0x000000000002e561     0x5d8d _build/nrf52832_xxaa_ble_interface.cpp.o
 .debug_info    0x00000000000342ee     0x31b3 _build/nrf52832_xxaa_ble_service.cpp.o
 .debug_info    0x00000000000374a1     0x1d14 _build/nrf52832_xxaa_ble_characteristic.cpp.o
 .debug_info    0x00000000000391b5     0x1f7b _build/nrf52832_xxaa_ble_advertising.cpp.o

.debug_abbrev   0x0000000000000000     0x72ee
 .debug_abbrev  0x0000000000000000      0x47a _build/nrf52832_xxaa_nrf_log_backend_serial.c.o
 .debug_abbrev  0x000000000000047a      0x415 _build/nrf52832_xxaa_nrf_log_frontend.c.o
 .debug_abbrev  0x000000000000088f      0x2b3 _build/nrf52832_xxaa_app_button.c.o
 .debug_abbrev  0x0000000000000b42      0x235 _build/nrf52832_xxaa_app_error.c.o
 .debug_abbrev  0x0000000000000d77      0x24f _build/nrf52832_xxaa_app_error_weak.c.o
 .debug_abbrev  0x0000000000000fc6      0x48d _build/nrf52832_xxaa_app_timer.c.o
 .debug_abbrev  0x0000000000001453      0x374 _build/nrf52832_xxaa_app_util_platform.c.o
 .debug_abbrev  0x00000000000017c7      0x502 _build/nrf52832_xxaa_fds.c.o
 .debug_abbrev  0x0000000000001cc9      0x49c _build/nrf52832_xxaa_fstorage.c.o
 .debug_abbrev  0x0000000000002165      0x382 _build/nrf52832_xxaa_boards.c.o
 .debug_abbrev  0x00000000000024e7      0x530 _build/nrf52832_xxaa_nrf_drv_clock.c.o
 .debug_abbrev  0x0000000000002a17      0x285 _build/nrf52832_xxaa_nrf_drv_common.c.o
 .debug_abbrev  0x0000000000002c9c      0x4d5 _build/nrf52832_xxaa_nrf_drv_gpiote.c.o
 .debug_abbrev  0x0000000000003171      0x45b _build/nrf52832_xxaa_nrf_drv_uart.c.o
 .debug_abbrev  0x00000000000035cc      0x427 _build/nrf52832_xxaa_ble_advdata.c.o
 .debug_abbrev  0x00000000000039f3      0x46d _build/nrf52832_xxaa_ble_conn_params.c.o
 .debug_abbrev  0x0000000000003e60      0x34b _build/nrf52832_xxaa_ble_srv_common.c.o
 .debug_abbrev  0x00000000000041ab      0x422 _build/nrf52832_xxaa_nrf_ble_gatt.c.o
 .debug_abbrev  0x00000000000045cd      0x1e0 _build/nrf52832_xxaa_system_nrf52.c.o
 .debug_abbrev  0x00000000000047ad      0x545 _build/nrf52832_xxaa_softdevice_handler.c.o
 .debug_abbrev  0x0000000000004cf2      0x531 _build/nrf52832_xxaa_nrf_drv_saadc.c.o
 .debug_abbrev  0x0000000000005223      0x38b _build/nrf52832_xxaa_ble_lbs.c.o
 .debug_abbrev  0x00000000000055ae      0x374 _build/nrf52832_xxaa_our_service.c.o
 .debug_abbrev  0x0000000000005922      0xa3d _build/nrf52832_xxaa_ble_interface.cpp.o
 .debug_abbrev  0x000000000000635f      0x561 _build/nrf52832_xxaa_ble_service.cpp.o
 .debug_abbrev  0x00000000000068c0      0x4d1 _build/nrf52832_xxaa_ble_characteristic.cpp.o
 .debug_abbrev  0x0000000000006d91      0x55d _build/nrf52832_xxaa_ble_advertising.cpp.o

.debug_loc      0x0000000000000000    0x13fc7
 .debug_loc     0x0000000000000000     0x1147 _build/nrf52832_xxaa_nrf_log_backend_serial.c.o
 .debug_loc     0x0000000000001147     0x1c68 _build/nrf52832_xxaa_nrf_log_frontend.c.o
 .debug_loc     0x0000000000002daf      0x35e _build/nrf52832_xxaa_app_button.c.o
 .debug_loc     0x000000000000310d      0x145 _build/nrf52832_xxaa_app_error.c.o
 .debug_loc     0x0000000000003252       0x63 _build/nrf52832_xxaa_app_error_weak.c.o
 .debug_loc     0x00000000000032b5      0xc9c _build/nrf52832_xxaa_app_timer.c.o
 .debug_loc     0x0000000000003f51       0xf2 _build/nrf52832_xxaa_app_util_platform.c.o
 .debug_loc     0x0000000000004043     0x37ab _build/nrf52832_xxaa_fds.c.o
 .debug_loc     0x00000000000077ee      0x938 _build/nrf52832_xxaa_fstorage.c.o
 .debug_loc     0x0000000000008126      0x845 _build/nrf52832_xxaa_boards.c.o
 .debug_loc     0x000000000000896b      0x4f3 _build/nrf52832_xxaa_nrf_drv_clock.c.o
 .debug_loc     0x0000000000008e5e       0xea _build/nrf52832_xxaa_nrf_drv_common.c.o
 .debug_loc     0x0000000000008f48     0x24d0 _build/nrf52832_xxaa_nrf_drv_gpiote.c.o
 .debug_loc     0x000000000000b418     0x28dc _build/nrf52832_xxaa_nrf_drv_uart.c.o
 .debug_loc     0x000000000000dcf4     0x1a89 _build/nrf52832_xxaa_ble_advdata.c.o
 .debug_loc     0x000000000000f77d      0x3ba _build/nrf52832_xxaa_ble_conn_params.c.o
 .debug_loc     0x000000000000fb37      0x55e _build/nrf52832_xxaa_ble_srv_common.c.o
 .debug_loc     0x0000000000010095      0xbc1 _build/nrf52832_xxaa_nrf_ble_gatt.c.o
 .debug_loc     0x0000000000010c56      0x546 _build/nrf52832_xxaa_softdevice_handler.c.o